microcode: microcode updated early to revision 0xe2, date = 2020-07-14
Linux version 5.11.0-rc7-00084-g291009f656e8 (root@ckadithya) (gcc (Ubuntu 9.3.0-17ubuntu1~20.04) 9.3.0, GNU ld (GNU Binutils for Ubuntu) 2.34) #1 SMP Thu Feb 11 00:49:32 PST 2021
Command line: BOOT_IMAGE=/boot/vmlinuz-5.11.0-rc7-00084-g291009f656e8 root=UUID=db747fa5-b16c-4d3e-8911-a8778177263d ro earlyprink=vga quiet splash
KERNEL supported cpus:
  Intel GenuineIntel
  AMD AuthenticAMD
  Hygon HygonGenuine
  Centaur CentaurHauls
  zhaoxin   Shanghai  
x86/fpu: Supporting XSAVE feature 0x001: 'x87 floating point registers'
x86/fpu: Supporting XSAVE feature 0x002: 'SSE registers'
x86/fpu: Supporting XSAVE feature 0x004: 'AVX registers'
x86/fpu: Supporting XSAVE feature 0x008: 'MPX bounds registers'
x86/fpu: Supporting XSAVE feature 0x010: 'MPX CSR'
x86/fpu: xstate_offset[2]:  576, xstate_sizes[2]:  256
x86/fpu: xstate_offset[3]:  832, xstate_sizes[3]:   64
x86/fpu: xstate_offset[4]:  896, xstate_sizes[4]:   64
x86/fpu: Enabled xstate features 0x1f, context size is 960 bytes, using 'compacted' format.
BIOS-provided physical RAM map:
BIOS-e820: [mem 0x0000000000000000-0x0000000000057fff] usable
BIOS-e820: [mem 0x0000000000058000-0x0000000000058fff] reserved
BIOS-e820: [mem 0x0000000000059000-0x000000000009dfff] usable
BIOS-e820: [mem 0x000000000009e000-0x00000000000fffff] reserved
BIOS-e820: [mem 0x0000000000100000-0x0000000066957fff] usable
BIOS-e820: [mem 0x0000000066958000-0x0000000066958fff] ACPI NVS
BIOS-e820: [mem 0x0000000066959000-0x0000000066959fff] reserved
BIOS-e820: [mem 0x000000006695a000-0x0000000068387fff] usable
BIOS-e820: [mem 0x0000000068388000-0x0000000068c87fff] reserved
BIOS-e820: [mem 0x0000000068c88000-0x000000007ee9dfff] usable
BIOS-e820: [mem 0x000000007ee9e000-0x000000007f88dfff] reserved
BIOS-e820: [mem 0x000000007f88e000-0x000000007ff7dfff] ACPI NVS
BIOS-e820: [mem 0x000000007ff7e000-0x000000007fffdfff] ACPI data
BIOS-e820: [mem 0x000000007fffe000-0x000000007fffefff] usable
BIOS-e820: [mem 0x000000007ffff000-0x000000008affffff] reserved
BIOS-e820: [mem 0x00000000e0000000-0x00000000efffffff] reserved
BIOS-e820: [mem 0x00000000fd000000-0x00000000fe7fffff] reserved
BIOS-e820: [mem 0x00000000fec00000-0x00000000fec00fff] reserved
BIOS-e820: [mem 0x00000000fed00000-0x00000000fed00fff] reserved
BIOS-e820: [mem 0x00000000fed10000-0x00000000fed19fff] reserved
BIOS-e820: [mem 0x00000000fed84000-0x00000000fed84fff] reserved
BIOS-e820: [mem 0x00000000fee00000-0x00000000fee00fff] reserved
BIOS-e820: [mem 0x00000000ffa10000-0x00000000ffffffff] reserved
BIOS-e820: [mem 0x0000000100000000-0x0000000573ffffff] usable
NX (Execute Disable) protection: active
e820: update [mem 0x663d6018-0x663e6057] usable ==> usable
e820: update [mem 0x663d6018-0x663e6057] usable ==> usable
e820: update [mem 0x663b8018-0x663d5a57] usable ==> usable
e820: update [mem 0x663b8018-0x663d5a57] usable ==> usable
e820: update [mem 0x663a9018-0x663b7057] usable ==> usable
e820: update [mem 0x663a9018-0x663b7057] usable ==> usable
extended physical RAM map:
reserve setup_data: [mem 0x0000000000000000-0x0000000000057fff] usable
reserve setup_data: [mem 0x0000000000058000-0x0000000000058fff] reserved
reserve setup_data: [mem 0x0000000000059000-0x000000000009dfff] usable
reserve setup_data: [mem 0x000000000009e000-0x00000000000fffff] reserved
reserve setup_data: [mem 0x0000000000100000-0x00000000663a9017] usable
reserve setup_data: [mem 0x00000000663a9018-0x00000000663b7057] usable
reserve setup_data: [mem 0x00000000663b7058-0x00000000663b8017] usable
reserve setup_data: [mem 0x00000000663b8018-0x00000000663d5a57] usable
reserve setup_data: [mem 0x00000000663d5a58-0x00000000663d6017] usable
reserve setup_data: [mem 0x00000000663d6018-0x00000000663e6057] usable
reserve setup_data: [mem 0x00000000663e6058-0x0000000066957fff] usable
reserve setup_data: [mem 0x0000000066958000-0x0000000066958fff] ACPI NVS
reserve setup_data: [mem 0x0000000066959000-0x0000000066959fff] reserved
reserve setup_data: [mem 0x000000006695a000-0x0000000068387fff] usable
reserve setup_data: [mem 0x0000000068388000-0x0000000068c87fff] reserved
reserve setup_data: [mem 0x0000000068c88000-0x000000007ee9dfff] usable
reserve setup_data: [mem 0x000000007ee9e000-0x000000007f88dfff] reserved
reserve setup_data: [mem 0x000000007f88e000-0x000000007ff7dfff] ACPI NVS
reserve setup_data: [mem 0x000000007ff7e000-0x000000007fffdfff] ACPI data
reserve setup_data: [mem 0x000000007fffe000-0x000000007fffefff] usable
reserve setup_data: [mem 0x000000007ffff000-0x000000008affffff] reserved
reserve setup_data: [mem 0x00000000e0000000-0x00000000efffffff] reserved
reserve setup_data: [mem 0x00000000fd000000-0x00000000fe7fffff] reserved
reserve setup_data: [mem 0x00000000fec00000-0x00000000fec00fff] reserved
reserve setup_data: [mem 0x00000000fed00000-0x00000000fed00fff] reserved
reserve setup_data: [mem 0x00000000fed10000-0x00000000fed19fff] reserved
reserve setup_data: [mem 0x00000000fed84000-0x00000000fed84fff] reserved
reserve setup_data: [mem 0x00000000fee00000-0x00000000fee00fff] reserved
reserve setup_data: [mem 0x00000000ffa10000-0x00000000ffffffff] reserved
reserve setup_data: [mem 0x0000000100000000-0x0000000573ffffff] usable
efi: EFI v2.50 by INSYDE Corp.
efi: ACPI 2.0=0x7fffd014 SMBIOS=0x7f102000 SMBIOS 3.0=0x7f100000 ESRT=0x7f103918 MEMATTR=0x6f73c018 RNG=0x7f0fe958 TPMEventLog=0x68c94018 
efi: seeding entropy pool
random: fast init done
[Firmware Bug]: TPM Final Events table missing or invalid
SMBIOS 3.0.0 present.
DMI: LENOVO 80XG/LNVNB161216, BIOS 4WCN47WW 06/30/2020
tsc: Detected 2000.000 MHz processor
tsc: Detected 1999.968 MHz TSC
e820: update [mem 0x00000000-0x00000fff] usable ==> reserved
e820: remove [mem 0x000a0000-0x000fffff] usable
last_pfn = 0x574000 max_arch_pfn = 0x400000000
MTRR default type: write-back
MTRR fixed ranges enabled:
  00000-9FFFF write-back
  A0000-BFFFF uncachable
  C0000-FFFFF write-protect
MTRR variable ranges enabled:
  0 base 00C0000000 mask 7FC0000000 uncachable
  1 base 00A0000000 mask 7FE0000000 uncachable
  2 base 0090000000 mask 7FF0000000 uncachable
  3 base 008C000000 mask 7FFC000000 uncachable
  4 base 008A000000 mask 7FFE000000 uncachable
  5 base 0089000000 mask 7FFF000000 uncachable
  6 base 0088800000 mask 7FFF800000 uncachable
  7 disabled
  8 disabled
  9 disabled
x86/PAT: Configuration [0-7]: WB  WC  UC- UC  WB  WP  UC- WT  
last_pfn = 0x7ffff max_arch_pfn = 0x400000000
esrt: Reserving ESRT space from 0x000000007f103918 to 0x000000007f1039c8.
check: Scanning 1 areas for low memory corruption
Using GB pages for direct mapping
Secure boot disabled
RAMDISK: [mem 0x3ea61000-0x3fffdfff]
ACPI: Early table checksum verification disabled
ACPI: RSDP 0x000000007FFFD014 000024 (v02 LENOVO)
ACPI: XSDT 0x000000007FFC8188 000114 (v01 LENOVO CB-01    00000001      01000013)
ACPI: FACP 0x000000007FFEE000 00010C (v05 LENOVO CB-01    00000001 ACPI 00040000)
ACPI: DSDT 0x000000007FFCE000 01CD27 (v02 LENOVO CB-01    00000001 ACPI 00040000)
ACPI: FACS 0x000000007FF5B000 000040
ACPI: UEFI 0x000000007FFFC000 000236 (v01 LENOVO CB-01    00000001 ACPI 00040000)
ACPI: UEFI 0x000000007FFFB000 000042 (v01 LENOVO CB-01    00000001 ACPI 00040000)
ACPI: MSDM 0x000000007FFFA000 000055 (v03 LENOVO CB-01    00000001 ACPI 00040000)
ACPI: SSDT 0x000000007FFF9000 0004CE (v02 LENOVO CB-01    00000001 ACPI 00040000)
ACPI: SSDT 0x000000007FFF8000 000046 (v02 LENOVO CB-01    00000001 ACPI 00040000)
ACPI: TPM2 0x000000007FFF7000 000034 (v03 LENOVO CB-01    00000001 ACPI 00040000)
ACPI: SSDT 0x000000007FFF3000 0030F8 (v02 LENOVO CB-01    00000001 ACPI 00040000)
ACPI: ASF! 0x000000007FFF2000 0000A5 (v32 LENOVO CB-01    00000001 ACPI 00040000)
ACPI: ASPT 0x000000007FFF1000 000034 (v07 LENOVO CB-01    00000001 ACPI 00040000)
ACPI: BOOT 0x000000007FFF0000 000028 (v01 LENOVO CB-01    00000001 ACPI 00040000)
ACPI: DBGP 0x000000007FFEF000 000034 (v01 LENOVO CB-01    00000001 ACPI 00040000)
ACPI: HPET 0x000000007FFED000 000038 (v01 LENOVO CB-01    00000001 ACPI 00040000)
ACPI: APIC 0x000000007FFEC000 0000BC (v03 LENOVO CB-01    00000001 ACPI 00040000)
ACPI: MCFG 0x000000007FFEB000 00003C (v01 LENOVO CB-01    00000001 ACPI 00040000)
ACPI: LPIT 0x000000007FFCD000 000094 (v01 LENOVO CB-01    00000001 ACPI 00040000)
ACPI: WSMT 0x000000007FFCC000 000028 (v01 LENOVO CB-01    00000001 ACPI 00040000)
ACPI: SSDT 0x000000007FFCB000 00029F (v02 LENOVO CB-01    00000001 ACPI 00040000)
ACPI: SSDT 0x000000007FFCA000 000346 (v01 LENOVO CB-01    00000001 ACPI 00040000)
ACPI: SSDT 0x000000007FFC9000 000E41 (v02 LENOVO CB-01    00000001 ACPI 00040000)
ACPI: SSDT 0x000000007FFC7000 00051E (v02 LENOVO CB-01    00000001 ACPI 00040000)
ACPI: DBGP 0x000000007FFC6000 000034 (v01 LENOVO CB-01    00000001 ACPI 00040000)
ACPI: DBG2 0x000000007FFC5000 000054 (v00 LENOVO CB-01    00000001 ACPI 00040000)
ACPI: SSDT 0x000000007FFC3000 00106A (v02 LENOVO CB-01    00000001 ACPI 00040000)
ACPI: SSDT 0x000000007FFC2000 000EDE (v02 LENOVO CB-01    00000001 ACPI 00040000)
ACPI: UEFI 0x000000007FFC1000 00063A (v01 LENOVO CB-01    00000001 ACPI 00040000)
ACPI: UEFI 0x000000007FFC0000 00005C (v01 LENOVO CB-01    00000001 ACPI 00040000)
ACPI: DMAR 0x000000007FFBF000 0000CC (v01 LENOVO CB-01    00000001 ACPI 00040000)
ACPI: FPDT 0x000000007FFBE000 000044 (v01 LENOVO CB-01    00000001 ACPI 00040000)
ACPI: BGRT 0x000000007FFBD000 000038 (v01 LENOVO CB-01    00000001 ACPI 00040000)
ACPI: Local APIC address 0xfee00000
No NUMA configuration found
Faking a node at [mem 0x0000000000000000-0x0000000573ffffff]
NODE_DATA(0) allocated [mem 0x573fd5000-0x573ffffff]
Zone ranges:
  DMA      [mem 0x0000000000001000-0x0000000000ffffff]
  DMA32    [mem 0x0000000001000000-0x00000000ffffffff]
  Normal   [mem 0x0000000100000000-0x0000000573ffffff]
  Device   empty
Movable zone start for each node
Early memory node ranges
  node   0: [mem 0x0000000000001000-0x0000000000057fff]
  node   0: [mem 0x0000000000059000-0x000000000009dfff]
  node   0: [mem 0x0000000000100000-0x0000000066957fff]
  node   0: [mem 0x000000006695a000-0x0000000068387fff]
  node   0: [mem 0x0000000068c88000-0x000000007ee9dfff]
  node   0: [mem 0x000000007fffe000-0x000000007fffefff]
  node   0: [mem 0x0000000100000000-0x0000000573ffffff]
Zeroed struct page in unavailable ranges: 23239 pages
Initmem setup node 0 [mem 0x0000000000001000-0x0000000573ffffff]
On node 0 totalpages: 5186873
  DMA zone: 64 pages used for memmap
  DMA zone: 21 pages reserved
  DMA zone: 3996 pages, LIFO batch:0
  DMA32 zone: 8023 pages used for memmap
  DMA32 zone: 513437 pages, LIFO batch:63
  Normal zone: 72960 pages used for memmap
  Normal zone: 4669440 pages, LIFO batch:63
Reserving Intel graphics memory at [mem 0x89000000-0x8affffff]
ACPI: PM-Timer IO Port: 0x1808
ACPI: Local APIC address 0xfee00000
ACPI: LAPIC_NMI (acpi_id[0x01] high edge lint[0x1])
ACPI: LAPIC_NMI (acpi_id[0x02] high edge lint[0x1])
ACPI: LAPIC_NMI (acpi_id[0x03] high edge lint[0x1])
ACPI: LAPIC_NMI (acpi_id[0x04] high edge lint[0x1])
ACPI: LAPIC_NMI (acpi_id[0x05] high edge lint[0x1])
ACPI: LAPIC_NMI (acpi_id[0x06] high edge lint[0x1])
ACPI: LAPIC_NMI (acpi_id[0x07] high edge lint[0x1])
ACPI: LAPIC_NMI (acpi_id[0x08] high edge lint[0x1])
IOAPIC[0]: apic_id 2, version 32, address 0xfec00000, GSI 0-119
ACPI: INT_SRC_OVR (bus 0 bus_irq 0 global_irq 2 dfl dfl)
ACPI: INT_SRC_OVR (bus 0 bus_irq 9 global_irq 9 high level)
ACPI: IRQ0 used by override.
ACPI: IRQ9 used by override.
Using ACPI (MADT) for SMP configuration information
ACPI: HPET id: 0x8086a201 base: 0xfed00000
e820: update [mem 0x6f6bb000-0x6f736fff] usable ==> reserved
TSC deadline timer available
smpboot: Allowing 4 CPUs, 0 hotplug CPUs
PM: hibernation: Registered nosave memory: [mem 0x00000000-0x00000fff]
PM: hibernation: Registered nosave memory: [mem 0x00058000-0x00058fff]
PM: hibernation: Registered nosave memory: [mem 0x0009e000-0x000fffff]
PM: hibernation: Registered nosave memory: [mem 0x663a9000-0x663a9fff]
PM: hibernation: Registered nosave memory: [mem 0x663b7000-0x663b7fff]
PM: hibernation: Registered nosave memory: [mem 0x663b8000-0x663b8fff]
PM: hibernation: Registered nosave memory: [mem 0x663d5000-0x663d5fff]
PM: hibernation: Registered nosave memory: [mem 0x663d6000-0x663d6fff]
PM: hibernation: Registered nosave memory: [mem 0x663e6000-0x663e6fff]
PM: hibernation: Registered nosave memory: [mem 0x66958000-0x66958fff]
PM: hibernation: Registered nosave memory: [mem 0x66959000-0x66959fff]
PM: hibernation: Registered nosave memory: [mem 0x68388000-0x68c87fff]
PM: hibernation: Registered nosave memory: [mem 0x6f6bb000-0x6f736fff]
PM: hibernation: Registered nosave memory: [mem 0x7ee9e000-0x7f88dfff]
PM: hibernation: Registered nosave memory: [mem 0x7f88e000-0x7ff7dfff]
PM: hibernation: Registered nosave memory: [mem 0x7ff7e000-0x7fffdfff]
PM: hibernation: Registered nosave memory: [mem 0x7ffff000-0x8affffff]
PM: hibernation: Registered nosave memory: [mem 0x8b000000-0xdfffffff]
PM: hibernation: Registered nosave memory: [mem 0xe0000000-0xefffffff]
PM: hibernation: Registered nosave memory: [mem 0xf0000000-0xfcffffff]
PM: hibernation: Registered nosave memory: [mem 0xfd000000-0xfe7fffff]
PM: hibernation: Registered nosave memory: [mem 0xfe800000-0xfebfffff]
PM: hibernation: Registered nosave memory: [mem 0xfec00000-0xfec00fff]
PM: hibernation: Registered nosave memory: [mem 0xfec01000-0xfecfffff]
PM: hibernation: Registered nosave memory: [mem 0xfed00000-0xfed00fff]
PM: hibernation: Registered nosave memory: [mem 0xfed01000-0xfed0ffff]
PM: hibernation: Registered nosave memory: [mem 0xfed10000-0xfed19fff]
PM: hibernation: Registered nosave memory: [mem 0xfed1a000-0xfed83fff]
PM: hibernation: Registered nosave memory: [mem 0xfed84000-0xfed84fff]
PM: hibernation: Registered nosave memory: [mem 0xfed85000-0xfedfffff]
PM: hibernation: Registered nosave memory: [mem 0xfee00000-0xfee00fff]
PM: hibernation: Registered nosave memory: [mem 0xfee01000-0xffa0ffff]
PM: hibernation: Registered nosave memory: [mem 0xffa10000-0xffffffff]
[mem 0x8b000000-0xdfffffff] available for PCI devices
Booting paravirtualized kernel on bare hardware
clocksource: refined-jiffies: mask: 0xffffffff max_cycles: 0xffffffff, max_idle_ns: 7645519600211568 ns
setup_percpu: NR_CPUS:8192 nr_cpumask_bits:4 nr_cpu_ids:4 nr_node_ids:1
percpu: Embedded 56 pages/cpu s192512 r8192 d28672 u524288
pcpu-alloc: s192512 r8192 d28672 u524288 alloc=1*2097152
pcpu-alloc: [0] 0 1 2 3 
Built 1 zonelists, mobility grouping on.  Total pages: 5105805
Policy zone: Normal
Kernel command line: BOOT_IMAGE=/boot/vmlinuz-5.11.0-rc7-00084-g291009f656e8 root=UUID=db747fa5-b16c-4d3e-8911-a8778177263d ro earlyprink=vga quiet splash
Dentry cache hash table entries: 4194304 (order: 13, 33554432 bytes, linear)
Inode-cache hash table entries: 2097152 (order: 12, 16777216 bytes, linear)
mem auto-init: stack:off, heap alloc:on, heap free:off
Memory: 20212352K/20747492K available (14345K kernel code, 3348K rwdata, 5056K rodata, 2612K init, 6188K bss, 534880K reserved, 0K cma-reserved)
random: get_random_u64 called from __kmem_cache_create+0x31/0x430 with crng_init=1
SLUB: HWalign=64, Order=0-3, MinObjects=0, CPUs=4, Nodes=1
Kernel/User page tables isolation: enabled
ftrace: allocating 46311 entries in 181 pages
ftrace: allocated 181 pages with 5 groups
rcu: Hierarchical RCU implementation.
rcu: 	RCU restricting CPUs from NR_CPUS=8192 to nr_cpu_ids=4.
	Rude variant of Tasks RCU enabled.
	Tracing variant of Tasks RCU enabled.
rcu: RCU calculated value of scheduler-enlistment delay is 25 jiffies.
rcu: Adjusting geometry for rcu_fanout_leaf=16, nr_cpu_ids=4
NR_IRQS: 524544, nr_irqs: 1024, preallocated irqs: 16
random: crng done (trusting CPU's manufacturer)
Console: colour dummy device 80x25
printk: console [tty0] enabled
ACPI: Core revision 20201113
clocksource: hpet: mask: 0xffffffff max_cycles: 0xffffffff, max_idle_ns: 79635855245 ns
APIC: Switch to symmetric I/O mode setup
DMAR: Host address width 39
DMAR: DRHD base: 0x000000fed90000 flags: 0x0
DMAR: dmar0: reg_base_addr fed90000 ver 1:0 cap 1c0000c40660462 ecap 7e3ff0505e
DMAR: DRHD base: 0x000000fed91000 flags: 0x1
DMAR: dmar1: reg_base_addr fed91000 ver 1:0 cap d2008c40660462 ecap f050da
DMAR: RMRR base: 0x0000007f782000 end: 0x0000007f7a1fff
DMAR: RMRR base: 0x00000088800000 end: 0x0000008affffff
DMAR: ANDD device: 1 name: \_SB.PCI0.I2C0
DMAR-IR: IOAPIC id 2 under DRHD base  0xfed91000 IOMMU 1
DMAR-IR: HPET id 0 under DRHD base 0xfed91000
DMAR-IR: Queued invalidation will be enabled to support x2apic and Intr-remapping.
DMAR-IR: Enabled IRQ remapping in x2apic mode
x2apic enabled
Switched APIC routing to cluster x2apic.
..TIMER: vector=0x30 apic1=0 pin1=2 apic2=-1 pin2=-1
clocksource: tsc-early: mask: 0xffffffffffffffff max_cycles: 0x39a8208cdd2, max_idle_ns: 881590748921 ns
Calibrating delay loop (skipped), value calculated using timer frequency.. 3999.93 BogoMIPS (lpj=7999872)
pid_max: default: 32768 minimum: 301
LSM: Security Framework initializing
Yama: becoming mindful.
AppArmor: AppArmor initialized
Mount-cache hash table entries: 65536 (order: 7, 524288 bytes, linear)
Mountpoint-cache hash table entries: 65536 (order: 7, 524288 bytes, linear)
mce: CPU0: Thermal monitoring enabled (TM1)
process: using mwait in idle threads
Last level iTLB entries: 4KB 64, 2MB 8, 4MB 8
Last level dTLB entries: 4KB 64, 2MB 0, 4MB 0, 1GB 4
Spectre V1 : Mitigation: usercopy/swapgs barriers and __user pointer sanitization
Spectre V2 : Mitigation: Full generic retpoline
Spectre V2 : Spectre v2 / SpectreRSB mitigation: Filling RSB on context switch
Spectre V2 : Enabling Restricted Speculation for firmware calls
Spectre V2 : mitigation: Enabling conditional Indirect Branch Prediction Barrier
Spectre V2 : User space: Mitigation: STIBP via seccomp and prctl
Speculative Store Bypass: Mitigation: Speculative Store Bypass disabled via prctl and seccomp
SRBDS: Mitigation: Microcode
MDS: Mitigation: Clear CPU buffers
Freeing SMP alternatives memory: 40K
smpboot: Estimated ratio of average max frequency by base frequency (times 1024): 921
smpboot: CPU0: Intel(R) Core(TM) i3-6006U CPU @ 2.00GHz (family: 0x6, model: 0x4e, stepping: 0x3)
Performance Events: PEBS fmt3+, Skylake events, 32-deep LBR, full-width counters, Intel PMU driver.
... version:                4
... bit width:              48
... generic registers:      4
... value mask:             0000ffffffffffff
... max period:             00007fffffffffff
... fixed-purpose events:   3
... event mask:             000000070000000f
rcu: Hierarchical SRCU implementation.
NMI watchdog: Enabled. Permanently consumes one hw-PMU counter.
smp: Bringing up secondary CPUs ...
x86: Booting SMP configuration:
.... node  #0, CPUs:      #1 #2
MDS CPU bug present and SMT on, data leak possible. See https://www.kernel.org/doc/html/latest/admin-guide/hw-vuln/mds.html for more details.
 #3
smp: Brought up 1 node, 4 CPUs
smpboot: Max logical packages: 1
smpboot: Total of 4 processors activated (15999.74 BogoMIPS)
devtmpfs: initialized
x86/mm: Memory block size: 128MB
PM: Registering ACPI NVS region [mem 0x66958000-0x66958fff] (4096 bytes)
PM: Registering ACPI NVS region [mem 0x7f88e000-0x7ff7dfff] (7274496 bytes)
clocksource: jiffies: mask: 0xffffffff max_cycles: 0xffffffff, max_idle_ns: 7645041785100000 ns
futex hash table entries: 1024 (order: 4, 65536 bytes, linear)
pinctrl core: initialized pinctrl subsystem
PM: RTC time: 09:18:25, date: 2021-02-11
NET: Registered protocol family 16
DMA: preallocated 4096 KiB GFP_KERNEL pool for atomic allocations
DMA: preallocated 4096 KiB GFP_KERNEL|GFP_DMA pool for atomic allocations
DMA: preallocated 4096 KiB GFP_KERNEL|GFP_DMA32 pool for atomic allocations
audit: initializing netlink subsys (disabled)
audit: type=2000 audit(1613035105.040:1): state=initialized audit_enabled=0 res=1
thermal_sys: Registered thermal governor 'fair_share'
thermal_sys: Registered thermal governor 'bang_bang'
thermal_sys: Registered thermal governor 'step_wise'
thermal_sys: Registered thermal governor 'user_space'
EISA bus registered
cpuidle: using governor ladder
cpuidle: using governor menu
Simple Boot Flag at 0x44 set to 0x1
ACPI FADT declares the system doesn't support PCIe ASPM, so disable it
ACPI: bus type PCI registered
acpiphp: ACPI Hot Plug PCI Controller Driver version: 0.5
PCI: MMCONFIG for domain 0000 [bus 00-ff] at [mem 0xe0000000-0xefffffff] (base 0xe0000000)
PCI: MMCONFIG at [mem 0xe0000000-0xefffffff] reserved in E820
PCI: Using configuration type 1 for base access
HugeTLB registered 1.00 GiB page size, pre-allocated 0 pages
HugeTLB registered 2.00 MiB page size, pre-allocated 0 pages
ACPI: Added _OSI(Module Device)
ACPI: Added _OSI(Processor Device)
ACPI: Added _OSI(3.0 _SCP Extensions)
ACPI: Added _OSI(Processor Aggregator Device)
ACPI: Added _OSI(Linux-Dell-Video)
ACPI: Added _OSI(Linux-Lenovo-NV-HDMI-Audio)
ACPI: Added _OSI(Linux-HPI-Hybrid-Graphics)
ACPI: 10 ACPI AML tables successfully acquired and loaded
ACPI: [Firmware Bug]: BIOS _OSI(Linux) query ignored
ACPI: Dynamic OEM Table Load:
ACPI: SSDT 0xFFFF8A3B40CA4000 0005AC (v02 PmRef  Cpu0Ist  00003000 INTL 20160527)
ACPI: \_PR_.CPU0: _OSC native thermal LVT Acked
ACPI: Dynamic OEM Table Load:
ACPI: SSDT 0xFFFF8A3B40FB2C00 0003FF (v02 PmRef  Cpu0Cst  00003001 INTL 20160527)
ACPI: Dynamic OEM Table Load:
ACPI: SSDT 0xFFFF8A3B40ED0000 000115 (v02 PmRef  Cpu0Hwp  00003000 INTL 20160527)
ACPI: Dynamic OEM Table Load:
ACPI: SSDT 0xFFFF8A3B40ED0E00 0001A4 (v02 PmRef  HwpLvt   00003000 INTL 20160527)
ACPI: Dynamic OEM Table Load:
ACPI: SSDT 0xFFFF8A3B40CA4800 00065C (v02 PmRef  ApIst    00003000 INTL 20160527)
ACPI: Dynamic OEM Table Load:
ACPI: SSDT 0xFFFF8A3B41472C00 000197 (v02 PmRef  ApHwp    00003000 INTL 20160527)
ACPI: Dynamic OEM Table Load:
ACPI: SSDT 0xFFFF8A3B41472200 00018A (v02 PmRef  ApCst    00003000 INTL 20160527)
ACPI: EC: EC started
ACPI: EC: interrupt blocked
ACPI: EC: EC_CMD/EC_SC=0x66, EC_DATA=0x62
ACPI: \_SB_.PCI0.LPCB.EC0_: Boot DSDT EC used to handle transactions
ACPI: Interpreter enabled
ACPI: (supports S0 S3 S4 S5)
ACPI: Using IOAPIC for interrupt routing
PCI: Using host bridge windows from ACPI; if necessary, use "pci=nocrs" and report a bug
ACPI: Enabled 6 GPEs in block 00 to 7F
ACPI: Power Resource [WRST] (on)
ACPI: Power Resource [WRST] (on)
ACPI: Power Resource [WRST] (on)
ACPI: Power Resource [WRST] (on)
ACPI: Power Resource [WRST] (on)
ACPI: Power Resource [WRST] (on)
ACPI: Power Resource [WRST] (on)
ACPI: Power Resource [WRST] (on)
ACPI: Power Resource [WRST] (on)
ACPI: Power Resource [WRST] (on)
ACPI: Power Resource [WRST] (on)
ACPI: Power Resource [WRST] (on)
ACPI: Power Resource [WRST] (on)
ACPI: Power Resource [WRST] (on)
ACPI: Power Resource [WRST] (on)
ACPI: Power Resource [WRST] (on)
ACPI: Power Resource [WRST] (on)
ACPI: Power Resource [WRST] (on)
ACPI: Power Resource [WRST] (on)
ACPI: Power Resource [WRST] (on)
ACPI: PCI Root Bridge [PCI0] (domain 0000 [bus 00-fe])
acpi PNP0A08:00: _OSC: OS supports [ExtendedConfig ASPM ClockPM Segments MSI HPX-Type3]
acpi PNP0A08:00: _OSC: OS now controls [PCIeHotplug SHPCHotplug PME AER PCIeCapability LTR]
acpi PNP0A08:00: FADT indicates ASPM is unsupported, using BIOS configuration
PCI host bridge to bus 0000:00
pci_bus 0000:00: root bus resource [io  0x0000-0x0cf7 window]
pci_bus 0000:00: root bus resource [io  0x0d00-0xffff window]
pci_bus 0000:00: root bus resource [mem 0x000a0000-0x000bffff window]
pci_bus 0000:00: root bus resource [mem 0x000c0000-0x000c3fff window]
pci_bus 0000:00: root bus resource [mem 0x000c4000-0x000c7fff window]
pci_bus 0000:00: root bus resource [mem 0x000c8000-0x000cbfff window]
pci_bus 0000:00: root bus resource [mem 0x000cc000-0x000cffff window]
pci_bus 0000:00: root bus resource [mem 0x000d0000-0x000d3fff window]
pci_bus 0000:00: root bus resource [mem 0x000d4000-0x000d7fff window]
pci_bus 0000:00: root bus resource [mem 0x000d8000-0x000dbfff window]
pci_bus 0000:00: root bus resource [mem 0x000dc000-0x000dffff window]
pci_bus 0000:00: root bus resource [mem 0x8b000000-0xdfffffff window]
pci_bus 0000:00: root bus resource [mem 0xfd000000-0xfe7fffff window]
pci_bus 0000:00: root bus resource [bus 00-fe]
pci 0000:00:00.0: [8086:1904] type 00 class 0x060000
pci 0000:00:02.0: [8086:1921] type 00 class 0x030000
pci 0000:00:02.0: reg 0x10: [mem 0xa0000000-0xa0ffffff 64bit]
pci 0000:00:02.0: reg 0x18: [mem 0x90000000-0x9fffffff 64bit pref]
pci 0000:00:02.0: reg 0x20: [io  0x4000-0x403f]
pci 0000:00:02.0: BAR 2: assigned to efifb
pci 0000:00:14.0: [8086:9d2f] type 00 class 0x0c0330
pci 0000:00:14.0: reg 0x10: [mem 0xa1380000-0xa138ffff 64bit]
pci 0000:00:14.0: PME# supported from D3hot D3cold
pci 0000:00:14.2: [8086:9d31] type 00 class 0x118000
pci 0000:00:14.2: reg 0x10: [mem 0xa13b0000-0xa13b0fff 64bit]
pci 0000:00:15.0: [8086:9d60] type 00 class 0x118000
pci 0000:00:15.0: reg 0x10: [mem 0xa13b1000-0xa13b1fff 64bit]
pci 0000:00:16.0: [8086:9d3a] type 00 class 0x078000
pci 0000:00:16.0: reg 0x10: [mem 0xa13b2000-0xa13b2fff 64bit]
pci 0000:00:16.0: PME# supported from D3hot
pci 0000:00:17.0: [8086:282a] type 00 class 0x010400
pci 0000:00:17.0: reg 0x10: [mem 0xa13a0000-0xa13a7fff]
pci 0000:00:17.0: reg 0x14: [mem 0xa13b4000-0xa13b40ff]
pci 0000:00:17.0: reg 0x18: [io  0x4080-0x4087]
pci 0000:00:17.0: reg 0x1c: [io  0x4088-0x408b]
pci 0000:00:17.0: reg 0x20: [io  0x4060-0x407f]
pci 0000:00:17.0: reg 0x24: [mem 0xa1300000-0xa137ffff]
pci 0000:00:17.0: PME# supported from D3hot
pci 0000:00:1c.0: [8086:9d14] type 01 class 0x060400
pci 0000:00:1c.0: PME# supported from D0 D3hot D3cold
pci 0000:00:1c.5: [8086:9d15] type 01 class 0x060400
pci 0000:00:1c.5: PME# supported from D0 D3hot D3cold
pci 0000:00:1f.0: [8086:9d48] type 00 class 0x060100
pci 0000:00:1f.2: [8086:9d21] type 00 class 0x058000
pci 0000:00:1f.2: reg 0x10: [mem 0xa13ac000-0xa13affff]
pci 0000:00:1f.3: [8086:9d70] type 00 class 0x040300
pci 0000:00:1f.3: reg 0x10: [mem 0xa13a8000-0xa13abfff 64bit]
pci 0000:00:1f.3: reg 0x20: [mem 0xa1390000-0xa139ffff 64bit]
pci 0000:00:1f.3: PME# supported from D3hot D3cold
pci 0000:00:1f.4: [8086:9d23] type 00 class 0x0c0500
pci 0000:00:1f.4: reg 0x10: [mem 0xa13b3000-0xa13b30ff 64bit]
pci 0000:00:1f.4: reg 0x20: [io  0x4040-0x405f]
pci 0000:01:00.0: [10ec:8168] type 00 class 0x020000
pci 0000:01:00.0: reg 0x10: [io  0x3000-0x30ff]
pci 0000:01:00.0: reg 0x18: [mem 0xa1204000-0xa1204fff 64bit]
pci 0000:01:00.0: reg 0x20: [mem 0xa1200000-0xa1203fff 64bit]
pci 0000:01:00.0: supports D1 D2
pci 0000:01:00.0: PME# supported from D0 D1 D2 D3hot D3cold
pci 0000:00:1c.0: PCI bridge to [bus 01]
pci 0000:00:1c.0:   bridge window [io  0x3000-0x3fff]
pci 0000:00:1c.0:   bridge window [mem 0xa1200000-0xa12fffff]
pci 0000:02:00.0: [168c:0042] type 00 class 0x028000
pci 0000:02:00.0: reg 0x10: [mem 0xa1000000-0xa11fffff 64bit]
pci 0000:02:00.0: PME# supported from D0 D3hot D3cold
pci 0000:00:1c.5: PCI bridge to [bus 02]
pci 0000:00:1c.5:   bridge window [mem 0xa1000000-0xa11fffff]
ACPI: PCI Interrupt Link [LNKA] (IRQs 3 4 5 6 10 *11 12 14 15)
ACPI: PCI Interrupt Link [LNKB] (IRQs 3 4 5 6 *10 11 12 14 15)
ACPI: PCI Interrupt Link [LNKC] (IRQs 3 4 5 6 10 *11 12 14 15)
ACPI: PCI Interrupt Link [LNKD] (IRQs 3 4 5 6 10 *11 12 14 15)
ACPI: PCI Interrupt Link [LNKE] (IRQs 3 4 5 6 10 *11 12 14 15)
ACPI: PCI Interrupt Link [LNKF] (IRQs 3 4 5 6 10 *11 12 14 15)
ACPI: PCI Interrupt Link [LNKG] (IRQs 3 4 5 6 10 *11 12 14 15)
ACPI: PCI Interrupt Link [LNKH] (IRQs 3 4 5 6 10 *11 12 14 15)
platform MSFT0101:00: failed to claim resource 1: [mem 0xfed40000-0xfed40fff]
fbcon: Taking over console
acpi MSFT0101:00: platform device creation failed: -16
ACPI: EC: interrupt unblocked
ACPI: EC: event unblocked
ACPI: EC: EC_CMD/EC_SC=0x66, EC_DATA=0x62
ACPI: EC: GPE=0x4f
ACPI: \_SB_.PCI0.LPCB.EC0_: Boot DSDT EC initialization complete
ACPI: \_SB_.PCI0.LPCB.EC0_: EC: Used to handle transactions and events
iommu: Default domain type: Translated 
pci 0000:00:02.0: vgaarb: setting as boot VGA device
pci 0000:00:02.0: vgaarb: VGA device added: decodes=io+mem,owns=io+mem,locks=none
pci 0000:00:02.0: vgaarb: bridge control possible
vgaarb: loaded
SCSI subsystem initialized
libata version 3.00 loaded.
ACPI: bus type USB registered
usbcore: registered new interface driver usbfs
usbcore: registered new interface driver hub
usbcore: registered new device driver usb
pps_core: LinuxPPS API ver. 1 registered
pps_core: Software ver. 5.3.6 - Copyright 2005-2007 Rodolfo Giometti <giometti@linux.it>
PTP clock support registered
EDAC MC: Ver: 3.0.0
Registered efivars operations
NetLabel: Initializing
NetLabel:  domain hash size = 128
NetLabel:  protocols = UNLABELED CIPSOv4 CALIPSO
NetLabel:  unlabeled traffic allowed by default
PCI: Using ACPI for IRQ routing
PCI: pci_cache_line_size set to 64 bytes
e820: reserve RAM buffer [mem 0x00058000-0x0005ffff]
e820: reserve RAM buffer [mem 0x0009e000-0x0009ffff]
e820: reserve RAM buffer [mem 0x663a9018-0x67ffffff]
e820: reserve RAM buffer [mem 0x663b8018-0x67ffffff]
e820: reserve RAM buffer [mem 0x663d6018-0x67ffffff]
e820: reserve RAM buffer [mem 0x66958000-0x67ffffff]
e820: reserve RAM buffer [mem 0x68388000-0x6bffffff]
e820: reserve RAM buffer [mem 0x6f6bb000-0x6fffffff]
e820: reserve RAM buffer [mem 0x7ee9e000-0x7fffffff]
e820: reserve RAM buffer [mem 0x7ffff000-0x7fffffff]
hpet0: at MMIO 0xfed00000, IRQs 2, 8, 0, 0, 0, 0, 0, 0
hpet0: 8 comparators, 64-bit 24.000000 MHz counter
clocksource: Switched to clocksource tsc-early
VFS: Disk quotas dquot_6.6.0
VFS: Dquot-cache hash table entries: 512 (order 0, 4096 bytes)
AppArmor: AppArmor Filesystem Enabled
pnp: PnP ACPI init
system 00:00: [mem 0xfd000000-0xfdabffff] has been reserved
system 00:00: [mem 0xfdad0000-0xfdadffff] has been reserved
system 00:00: [mem 0xfdb00000-0xfdffffff] has been reserved
system 00:00: [mem 0xfe000000-0xfe01ffff] has been reserved
system 00:00: [mem 0xfe036000-0xfe03bfff] has been reserved
system 00:00: [mem 0xfe03d000-0xfe3fffff] has been reserved
system 00:00: [mem 0xfe410000-0xfe7fffff] has been reserved
system 00:00: Plug and Play ACPI device, IDs PNP0c02 (active)
system 00:01: [io  0x2000-0x20fe] has been reserved
system 00:01: Plug and Play ACPI device, IDs PNP0c02 (active)
system 00:02: [io  0x0680-0x069f] has been reserved
system 00:02: [io  0xffff] has been reserved
system 00:02: [io  0xffff] has been reserved
system 00:02: [io  0xffff] has been reserved
system 00:02: [io  0x1800-0x18fe] has been reserved
system 00:02: [io  0x164e-0x164f] has been reserved
system 00:02: Plug and Play ACPI device, IDs PNP0c02 (active)
pnp 00:03: Plug and Play ACPI device, IDs PNP0b00 (active)
system 00:04: [io  0x1854-0x1857] has been reserved
system 00:04: Plug and Play ACPI device, IDs INT3f0d PNP0c02 (active)
pnp 00:05: Plug and Play ACPI device, IDs PNP0303 (active)
system 00:06: [mem 0xfe029000-0xfe029fff] has been reserved
system 00:06: [mem 0xfe028000-0xfe028fff] has been reserved
system 00:06: Plug and Play ACPI device, IDs PNP0c02 (active)
system 00:07: [mem 0xfed10000-0xfed17fff] has been reserved
system 00:07: [mem 0xfed18000-0xfed18fff] has been reserved
system 00:07: [mem 0xfed19000-0xfed19fff] has been reserved
system 00:07: [mem 0xe0000000-0xefffffff] has been reserved
system 00:07: [mem 0xfed20000-0xfed3ffff] has been reserved
system 00:07: [mem 0xfed90000-0xfed93fff] could not be reserved
system 00:07: [mem 0xfed45000-0xfed8ffff] could not be reserved
system 00:07: [mem 0xff000000-0xffffffff] could not be reserved
system 00:07: [mem 0xfee00000-0xfeefffff] could not be reserved
system 00:07: [mem 0x8b000000-0x8b01ffff] has been reserved
system 00:07: Plug and Play ACPI device, IDs PNP0c02 (active)
pnp: PnP ACPI: found 8 devices
clocksource: acpi_pm: mask: 0xffffff max_cycles: 0xffffff, max_idle_ns: 2085701024 ns
NET: Registered protocol family 2
tcp_listen_portaddr_hash hash table entries: 16384 (order: 6, 262144 bytes, linear)
TCP established hash table entries: 262144 (order: 9, 2097152 bytes, linear)
TCP bind hash table entries: 65536 (order: 8, 1048576 bytes, linear)
TCP: Hash tables configured (established 262144 bind 65536)
UDP hash table entries: 16384 (order: 7, 524288 bytes, linear)
UDP-Lite hash table entries: 16384 (order: 7, 524288 bytes, linear)
NET: Registered protocol family 1
NET: Registered protocol family 44
pci 0000:00:1c.0: PCI bridge to [bus 01]
pci 0000:00:1c.0:   bridge window [io  0x3000-0x3fff]
pci 0000:00:1c.0:   bridge window [mem 0xa1200000-0xa12fffff]
pci 0000:00:1c.5: PCI bridge to [bus 02]
pci 0000:00:1c.5:   bridge window [mem 0xa1000000-0xa11fffff]
pci_bus 0000:00: resource 4 [io  0x0000-0x0cf7 window]
pci_bus 0000:00: resource 5 [io  0x0d00-0xffff window]
pci_bus 0000:00: resource 6 [mem 0x000a0000-0x000bffff window]
pci_bus 0000:00: resource 7 [mem 0x000c0000-0x000c3fff window]
pci_bus 0000:00: resource 8 [mem 0x000c4000-0x000c7fff window]
pci_bus 0000:00: resource 9 [mem 0x000c8000-0x000cbfff window]
pci_bus 0000:00: resource 10 [mem 0x000cc000-0x000cffff window]
pci_bus 0000:00: resource 11 [mem 0x000d0000-0x000d3fff window]
pci_bus 0000:00: resource 12 [mem 0x000d4000-0x000d7fff window]
pci_bus 0000:00: resource 13 [mem 0x000d8000-0x000dbfff window]
pci_bus 0000:00: resource 14 [mem 0x000dc000-0x000dffff window]
pci_bus 0000:00: resource 15 [mem 0x8b000000-0xdfffffff window]
pci_bus 0000:00: resource 16 [mem 0xfd000000-0xfe7fffff window]
pci_bus 0000:01: resource 0 [io  0x3000-0x3fff]
pci_bus 0000:01: resource 1 [mem 0xa1200000-0xa12fffff]
pci_bus 0000:02: resource 1 [mem 0xa1000000-0xa11fffff]
pci 0000:00:02.0: Video device with shadowed ROM at [mem 0x000c0000-0x000dffff]
PCI: CLS 64 bytes, default 64
Unpacking initramfs...
Initramfs unpacking failed: Decoding failed
Freeing initrd memory: 22132K
DMAR: ACPI device "device:6f" under DMAR at fed91000 as 00:15.0
PCI-DMA: Using software bounce buffering for IO (SWIOTLB)
software IO TLB: mapped [mem 0x000000007a8f6000-0x000000007e8f6000] (64MB)
check: Scanning for low memory corruption every 60 seconds
Initialise system trusted keyrings
Key type blacklist registered
workingset: timestamp_bits=36 max_order=23 bucket_order=0
zbud: loaded
squashfs: version 4.0 (2009/01/31) Phillip Lougher
fuse: init (API version 7.33)
integrity: Platform Keyring initialized
Key type asymmetric registered
Asymmetric key parser 'x509' registered
Block layer SCSI generic (bsg) driver version 0.4 loaded (major 245)
io scheduler mq-deadline registered
pcieport 0000:00:1c.0: PME: Signaling with IRQ 122
pcieport 0000:00:1c.5: PME: Signaling with IRQ 123
shpchp: Standard Hot Plug PCI Controller Driver version: 0.4
efifb: probing for efifb
efifb: showing boot graphics
efifb: framebuffer at 0x90000000, using 4128k, total 4128k
efifb: mode is 1366x768x32, linelength=5504, pages=1
efifb: scrolling: redraw
efifb: Truecolor: size=8:8:8:8, shift=24:16:8:0
Console: switching to colour frame buffer device 170x48
fb0: EFI VGA frame buffer device
intel_idle: MWAIT substates: 0x11142120
intel_idle: v0.5.1 model 0x4E
intel_idle: Local APIC timer is reliable in all C-states
ACPI: AC Adapter [ADP0] (on-line)
input: Lid Switch as /devices/LNXSYSTM:00/LNXSYBUS:00/PNP0C0D:00/input/input0
ACPI: Lid Switch [LID0]
input: Power Button as /devices/LNXSYSTM:00/LNXSYBUS:00/PNP0C0C:00/input/input1
ACPI: Power Button [PWRB]
smpboot: Estimated ratio of average max frequency by base frequency (times 1024): 921
Serial: 8250/16550 driver, 32 ports, IRQ sharing enabled
Linux agpgart interface v0.103
tpm_crb MSFT0101:00: [Firmware Bug]: Bad ACPI memory layout
loop: module loaded
libphy: Fixed MDIO Bus: probed
tun: Universal TUN/TAP device driver, 1.6
PPP generic driver version 2.4.2
VFIO - User Level meta-driver version: 0.3
ehci_hcd: USB 2.0 'Enhanced' Host Controller (EHCI) Driver
ehci-pci: EHCI PCI platform driver
ehci-platform: EHCI generic platform driver
ohci_hcd: USB 1.1 'Open' Host Controller (OHCI) Driver
ohci-pci: OHCI PCI platform driver
ohci-platform: OHCI generic platform driver
uhci_hcd: USB Universal Host Controller Interface driver
xhci_hcd 0000:00:14.0: xHCI Host Controller
xhci_hcd 0000:00:14.0: new USB bus registered, assigned bus number 1
xhci_hcd 0000:00:14.0: hcc params 0x200077c1 hci version 0x100 quirks 0x0000000081109810
usb usb1: New USB device found, idVendor=1d6b, idProduct=0002, bcdDevice= 5.11
usb usb1: New USB device strings: Mfr=3, Product=2, SerialNumber=1
usb usb1: Product: xHCI Host Controller
usb usb1: Manufacturer: Linux 5.11.0-rc7-00084-g291009f656e8 xhci-hcd
usb usb1: SerialNumber: 0000:00:14.0
hub 1-0:1.0: USB hub found
hub 1-0:1.0: 12 ports detected
xhci_hcd 0000:00:14.0: xHCI Host Controller
xhci_hcd 0000:00:14.0: new USB bus registered, assigned bus number 2
xhci_hcd 0000:00:14.0: Host supports USB 3.0 SuperSpeed
usb usb2: New USB device found, idVendor=1d6b, idProduct=0003, bcdDevice= 5.11
usb usb2: New USB device strings: Mfr=3, Product=2, SerialNumber=1
usb usb2: Product: xHCI Host Controller
usb usb2: Manufacturer: Linux 5.11.0-rc7-00084-g291009f656e8 xhci-hcd
usb usb2: SerialNumber: 0000:00:14.0
hub 2-0:1.0: USB hub found
hub 2-0:1.0: 6 ports detected
usb: port power management may be unreliable
i8042: PNP: PS/2 Controller [PNP0303:PS2K] at 0x60,0x64 irq 1
i8042: PNP: PS/2 appears to have AUX port disabled, if this is incorrect please boot with i8042.nopnp
serio: i8042 KBD port at 0x60,0x64 irq 1
mousedev: PS/2 mouse device common for all mice
rtc_cmos 00:03: RTC can wake from S4
rtc_cmos 00:03: registered as rtc0
rtc_cmos 00:03: setting system clock to 2021-02-11T09:18:26 UTC (1613035106)
rtc_cmos 00:03: alarms up to one month, y3k, 242 bytes nvram, hpet irqs
i2c /dev entries driver
device-mapper: uevent: version 1.0.3
device-mapper: ioctl: 4.43.0-ioctl (2020-10-01) initialised: dm-devel@redhat.com
platform eisa.0: Probing EISA bus 0
platform eisa.0: EISA: Cannot allocate resource for mainboard
platform eisa.0: Cannot allocate resource for EISA slot 1
platform eisa.0: Cannot allocate resource for EISA slot 2
platform eisa.0: Cannot allocate resource for EISA slot 3
platform eisa.0: Cannot allocate resource for EISA slot 4
platform eisa.0: Cannot allocate resource for EISA slot 5
platform eisa.0: Cannot allocate resource for EISA slot 6
platform eisa.0: Cannot allocate resource for EISA slot 7
platform eisa.0: Cannot allocate resource for EISA slot 8
platform eisa.0: EISA: Detected 0 cards
intel_pstate: Intel P-state driver initializing
intel_pstate: HWP enabled
ledtrig-cpu: registered to indicate activity on CPUs
EFI Variables Facility v0.08 2004-May-17
input: AT Translated Set 2 keyboard as /devices/platform/i8042/serio0/input/input2
battery: ACPI: Battery Slot [BAT0] (battery present)
intel_pmc_core intel_pmc_core.0:  initialized
drop_monitor: Initializing network drop monitor service
NET: Registered protocol family 10
Segment Routing with IPv6
NET: Registered protocol family 17
Key type dns_resolver registered
microcode: sig=0x406e3, pf=0x40, revision=0xe2
microcode: Microcode Update Driver: v2.2.
IPI shorthand broadcast: enabled
sched_clock: Marking stable (536530977, 539940)->(541732650, -4661733)
registered taskstats version 1
Loading compiled-in X.509 certificates
Loaded X.509 cert 'Build time autogenerated kernel key: 4b90feb85f99167ba287bd42fd73fbc2cb66e770'
zswap: loaded using pool lzo/zbud
Key type ._fscrypt registered
Key type .fscrypt registered
Key type fscrypt-provisioning registered
Key type trusted registered
Key type encrypted registered
AppArmor: AppArmor sha1 policy hashing enabled
integrity: Loading X.509 certificate: UEFI:db
integrity: Loaded X.509 cert 'Microsoft Windows Production PCA 2011: a92902398e16c49778cd90f99e4f9ae17c55af53'
integrity: Loading X.509 certificate: UEFI:db
integrity: Loaded X.509 cert 'Microsoft Corporation UEFI CA 2011: 13adbf4309bd82709c8cd54f316ed522988a1bd4'
integrity: Loading X.509 certificate: UEFI:db
integrity: Loaded X.509 cert '4W320-14IKB: 8dcee6331cb26082429338acdf6278f7'
integrity: Loading X.509 certificate: UEFI:db
integrity: Problem loading X.509 certificate -65
integrity: Error adding keys to platform keyring UEFI:db
ima: Allocated hash algorithm: sha1
ima: No architecture policies found
evm: Initialising EVM extended attributes:
evm: security.selinux
evm: security.SMACK64
evm: security.SMACK64EXEC
evm: security.SMACK64TRANSMUTE
evm: security.SMACK64MMAP
evm: security.apparmor
evm: security.ima
evm: security.capability
evm: HMAC attrs: 0x1
PM:   Magic number: 9:26:323
tty tty48: hash matches
RAS: Correctable Errors collector initialized.
Freeing unused decrypted memory: 2036K
Freeing unused kernel image (initmem) memory: 2612K
Write protecting the kernel read-only data: 22528k
Freeing unused kernel image (text/rodata gap) memory: 2036K
Freeing unused kernel image (rodata/data gap) memory: 1088K
x86/mm: Checked W+X mappings: passed, no W+X pages found.
x86/mm: Checking user space page tables
usb 1-7: new full-speed USB device number 2 using xhci_hcd
x86/mm: Checked W+X mappings: passed, no W+X pages found.
Run /init as init process
  with arguments:
    /init
    splash
  with environment:
    HOME=/
    TERM=linux
    BOOT_IMAGE=/boot/vmlinuz-5.11.0-rc7-00084-g291009f656e8
    earlyprink=vga
usb 1-7: New USB device found, idVendor=0cf3, idProduct=e500, bcdDevice= 0.01
usb 1-7: New USB device strings: Mfr=0, Product=0, SerialNumber=0
hid: raw HID events driver (C) Jiri Kosina
r8169 0000:01:00.0: can't disable ASPM; OS doesn't have ASPM control
i801_smbus 0000:00:1f.4: SPD Write Disable is set
i801_smbus 0000:00:1f.4: SMBus using PCI interrupt
i2c i2c-0: 2/2 memory slots populated (from DMI)
intel-lpss 0000:00:15.0: enabling device (0000 -> 0002)
idma64 idma64.0: Found Intel integrated DMA 64-bit
ahci 0000:00:17.0: version 3.0
libphy: r8169: probed
r8169 0000:01:00.0 eth0: RTL8168gu/8111gu, 8c:16:45:58:a1:ed, XID 509, IRQ 125
r8169 0000:01:00.0 eth0: jumbo features [frames: 9194 bytes, tx checksumming: ko]
r8169 0000:01:00.0 enp1s0: renamed from eth0
i2c_hid i2c-SYNA2B33:00: supply vdd not found, using dummy regulator
i2c_hid i2c-SYNA2B33:00: supply vddl not found, using dummy regulator
ahci 0000:00:17.0: AHCI 0001.0301 32 slots 2 ports 6 Gbps 0x3 impl RAID mode
ahci 0000:00:17.0: flags: 64bit ncq pm led clo only pio slum part deso sadm sds apst 
scsi host0: ahci
scsi host1: ahci
ata1: SATA max UDMA/133 abar m524288@0xa1300000 port 0xa1300100 irq 126
ata2: SATA max UDMA/133 abar m524288@0xa1300000 port 0xa1300180 irq 126
usb 1-8: new high-speed USB device number 3 using xhci_hcd
usb 1-8: New USB device found, idVendor=04f2, idProduct=b5d8, bcdDevice=26.22
usb 1-8: New USB device strings: Mfr=3, Product=1, SerialNumber=2
usb 1-8: Product: EasyCamera
usb 1-8: Manufacturer: Chicony Electronics Co.,Ltd.
usb 1-8: SerialNumber: 0001
ata2: SATA link down (SStatus 4 SControl 300)
ata1: SATA link up 6.0 Gbps (SStatus 133 SControl 300)
tsc: Refined TSC clocksource calibration: 1991.999 MHz
clocksource: tsc: mask: 0xffffffffffffffff max_cycles: 0x396d4ffc055, max_idle_ns: 881590662783 ns
clocksource: Switched to clocksource tsc
ata1.00: ATA-10: ST1000LM035-1RK172, LCM2, max UDMA/100
ata1.00: 1953525168 sectors, multi 16: LBA48 NCQ (depth 32), AA
ata1.00: configured for UDMA/100
scsi 0:0:0:0: Direct-Access     ATA      ST1000LM035-1RK1 LCM2 PQ: 0 ANSI: 5
sd 0:0:0:0: Attached scsi generic sg0 type 0
sd 0:0:0:0: [sda] 1953525168 512-byte logical blocks: (1.00 TB/932 GiB)
sd 0:0:0:0: [sda] 4096-byte physical blocks
sd 0:0:0:0: [sda] Write Protect is off
sd 0:0:0:0: [sda] Mode Sense: 00 3a 00 00
sd 0:0:0:0: [sda] Write cache: enabled, read cache: enabled, doesn't support DPO or FUA
 sda: sda1 sda2 sda3 sda4 sda5 sda6 sda7 sda8
sd 0:0:0:0: [sda] Attached SCSI disk
input: SYNA2B33:00 06CB:8251 Mouse as /devices/pci0000:00/0000:00:15.0/i2c_designware.0/i2c-1/i2c-SYNA2B33:00/0018:06CB:8251.0001/input/input3
hid-generic 0018:06CB:8251.0001: input,hidraw0: I2C HID v1.00 Mouse [SYNA2B33:00 06CB:8251] on i2c-SYNA2B33:00
mc: Linux media interface: v0.10
videodev: Linux video capture interface: v2.00
rmi4_f01 rmi4-00.fn01: found RMI device, manufacturer: Synaptics, product: TM3336-001, fw id: 2529025
input: Synaptics TM3336-001 as /devices/pci0000:00/0000:00:15.0/i2c_designware.0/i2c-1/i2c-SYNA2B33:00/0018:06CB:8251.0001/input/input5
hid-rmi 0018:06CB:8251.0001: input,hidraw0: I2C HID v1.00 Mouse [SYNA2B33:00 06CB:8251] on i2c-SYNA2B33:00
EXT4-fs (sda6): mounted filesystem with ordered data mode. Opts: (null). Quota mode: none.
systemd[1]: Inserted module 'autofs4'
systemd[1]: systemd 245.4-4ubuntu3.2 running in system mode. (+PAM +AUDIT +SELINUX +IMA +APPARMOR +SMACK +SYSVINIT +UTMP +LIBCRYPTSETUP +GCRYPT +GNUTLS +ACL +XZ +LZ4 +SECCOMP +BLKID +ELFUTILS +KMOD +IDN2 -IDN +PCRE2 default-hierarchy=hybrid)
systemd[1]: Detected architecture x86-64.
systemd[1]: Set hostname to <ckadithya>.
systemd[1]: /lib/systemd/system/dbus.socket:5: ListenStream= references a path below legacy directory /var/run/, updating /var/run/dbus/system_bus_socket → /run/dbus/system_bus_socket; please update the unit file accordingly.
systemd[1]: /etc/systemd/system/teamviewerd.service:9: PIDFile= references a path below legacy directory /var/run/, updating /var/run/teamviewerd.pid → /run/teamviewerd.pid; please update the unit file accordingly.
systemd[1]: /lib/systemd/system/docker.socket:6: ListenStream= references a path below legacy directory /var/run/, updating /var/run/docker.sock → /run/docker.sock; please update the unit file accordingly.
systemd[1]: Created slice system-modprobe.slice.
systemd[1]: Created slice system-systemd\x2dfsck.slice.
systemd[1]: Created slice User and Session Slice.
systemd[1]: Started Forward Password Requests to Wall Directory Watch.
systemd[1]: Set up automount Arbitrary Executable File Formats File System Automount Point.
systemd[1]: Reached target User and Group Name Lookups.
systemd[1]: Reached target Remote File Systems.
systemd[1]: Reached target Slices.
systemd[1]: Listening on Syslog Socket.
systemd[1]: Listening on fsck to fsckd communication Socket.
systemd[1]: Listening on initctl Compatibility Named Pipe.
systemd[1]: Listening on Journal Audit Socket.
systemd[1]: Listening on Journal Socket (/dev/log).
systemd[1]: Listening on Journal Socket.
systemd[1]: Listening on udev Control Socket.
systemd[1]: Listening on udev Kernel Socket.
systemd[1]: Mounting Huge Pages File System...
systemd[1]: Mounting POSIX Message Queue File System...
systemd[1]: Mounting Kernel Debug File System...
systemd[1]: Mounting Kernel Trace File System...
systemd[1]: Starting Journal Service...
systemd[1]: Starting Set the console keyboard layout...
systemd[1]: Starting Create list of static device nodes for the current kernel...
systemd[1]: Starting Load Kernel Module drm...
systemd[1]: Condition check resulted in Set Up Additional Binary Formats being skipped.
systemd[1]: Condition check resulted in File System Check on Root Device being skipped.
systemd[1]: Starting Load Kernel Modules...
systemd[1]: Starting Remount Root and Kernel File Systems...
systemd[1]: Starting udev Coldplug all Devices...
systemd[1]: Starting Uncomplicated firewall...
systemd[1]: Started Read required files in advance.
systemd[1]: Finished Uncomplicated firewall.
systemd[1]: Mounted Huge Pages File System.
systemd[1]: Mounted POSIX Message Queue File System.
systemd[1]: Mounted Kernel Debug File System.
systemd[1]: Mounted Kernel Trace File System.
systemd[1]: Finished Create list of static device nodes for the current kernel.
EXT4-fs (sda6): re-mounted. Opts: errors=remount-ro. Quota mode: none.
systemd[1]: Finished Remount Root and Kernel File Systems.
systemd[1]: Condition check resulted in Rebuild Hardware Database being skipped.
systemd[1]: Condition check resulted in Platform Persistent Storage Archival being skipped.
systemd[1]: Starting Load/Save Random Seed...
systemd[1]: Starting Create System Users...
systemd[1]: Finished Set the console keyboard layout.
systemd[1]: Started Journal Service.
systemd-journald[262]: Received client request to flush runtime journal.
lp: driver loaded but no devices found
ppdev: user-space parallel port driver
loop0: detected capacity change from 201424 to 0
loop1: detected capacity change from 330576 to 0
loop2: detected capacity change from 446248 to 0
loop3: detected capacity change from 4992 to 0
loop4: detected capacity change from 552 to 0
loop5: detected capacity change from 448496 to 0
loop6: detected capacity change from 127160 to 0
loop7: detected capacity change from 1912 to 0
loop8: detected capacity change from 129104 to 0
loop9: detected capacity change from 1912 to 0
loop10: detected capacity change from 108296 to 0
loop11: detected capacity change from 4440 to 0
loop12: detected capacity change from 132648 to 0
loop13: detected capacity change from 200464 to 0
loop14: detected capacity change from 552 to 0
loop15: detected capacity change from 113424 to 0
loop16: detected capacity change from 333552 to 0
loop17: detected capacity change from 5080 to 0
loop18: detected capacity change from 4576 to 0
loop19: detected capacity change from 113592 to 0
mei_me 0000:00:16.0: enabling device (0000 -> 0002)
input: Ideapad extra buttons as /devices/pci0000:00/0000:00:1f.0/PNP0C09:00/VPC2004:00/input/input6
uvcvideo: Found UVC 1.00 device EasyCamera (04f2:b5d8)
input: EasyCamera: EasyCamera as /devices/pci0000:00/0000:00:14.0/usb1/1-8/1-8:1.0/input/input7
usbcore: registered new interface driver uvcvideo
USB Video Class driver (1.1.1)
RAPL PMU: API unit is 2^-32 Joules, 5 fixed counters, 655360 ms ovfl timer
RAPL PMU: hw unit of domain pp0-core 2^-14 Joules
RAPL PMU: hw unit of domain package 2^-14 Joules
RAPL PMU: hw unit of domain dram 2^-14 Joules
RAPL PMU: hw unit of domain pp1-gpu 2^-14 Joules
RAPL PMU: hw unit of domain psys 2^-14 Joules
cfg80211: Loading compiled-in X.509 certificates for regulatory database
cfg80211: Loaded X.509 cert 'sforshee: 00b28ddf47aef9cea7'
cryptd: max_cpu_qlen set to 1000
Bluetooth: Core ver 2.22
NET: Registered protocol family 31
Bluetooth: HCI device and connection manager initialized
Bluetooth: HCI socket layer initialized
Bluetooth: L2CAP socket layer initialized
Bluetooth: SCO socket layer initialized
AVX2 version of gcm_enc/dec engaged.
AES CTR mode by8 optimization enabled
usbcore: registered new interface driver btusb
Adding 8000508k swap on /dev/sda7.  Priority:-2 extents:1 across:8000508k FS
ath10k_pci 0000:02:00.0: pci irq msi oper_irq_mode 2 irq_mode 0 reset_mode 0
ath10k_pci 0000:02:00.0: qca9377 hw1.1 target 0x05020001 chip_id 0x003821ff sub 17aa:0901
ath10k_pci 0000:02:00.0: kconfig debug 0 debugfs 1 tracing 1 dfs 0 testmode 0
ath10k_pci 0000:02:00.0: firmware ver WLAN.TF.2.1-00021-QCARMSWP-1 api 6 features wowlan,ignore-otp crc32 42e41877
ath10k_pci 0000:02:00.0: board_file api 2 bmi_id N/A crc32 8aedfa4a
ath10k_pci 0000:02:00.0: htt-ver 3.56 wmi-op 4 htt-op 3 cal otp max-sta 32 raw 0 hwcrypto 1
ath: EEPROM regdomain: 0x6c
ath: EEPROM indicates we should expect a direct regpair map
ath: Country alpha2 being used: 00
ath: Regpair used: 0x6c
ath10k_pci 0000:02:00.0 wlp2s0: renamed from wlan0
checking generic (90000000 408000) vs hw (a0000000 1000000)
checking generic (90000000 408000) vs hw (90000000 10000000)
fb0: switching to inteldrmfb from EFI VGA
Console: switching to colour dummy device 80x25
i915 0000:00:02.0: vgaarb: deactivate vga console
i915 0000:00:02.0: vgaarb: changed VGA decodes: olddecodes=io+mem,decodes=io+mem:owns=io+mem
i915 0000:00:02.0: [drm] Finished loading DMC firmware i915/skl_dmc_ver1_27.bin (v1.27)
EXT4-fs (sda8): mounted filesystem with ordered data mode. Opts: (null). Quota mode: none.
intel_rapl_common: Found RAPL domain package
intel_rapl_common: Found RAPL domain core
intel_rapl_common: Found RAPL domain uncore
intel_rapl_common: Found RAPL domain dram
intel_rapl_common: Found RAPL domain psys
audit: type=1400 audit(1613035138.648:2): apparmor="STATUS" operation="profile_load" profile="unconfined" name="lsb_release" pid=644 comm="apparmor_parser"
[drm] Initialized i915 1.6.0 20201103 for 0000:00:02.0 on minor 0
ACPI: Video Device [GFX0] (multi-head: yes  rom: no  post: no)
input: Video Bus as /devices/LNXSYSTM:00/LNXSYBUS:00/PNP0A08:00/LNXVIDEO:00/input/input8
snd_hda_intel 0000:00:1f.3: bound 0000:00:02.0 (ops i915_audio_component_bind_ops [i915])
fbcon: i915drmfb (fb0) is primary device
Console: switching to colour frame buffer device 170x48
i915 0000:00:02.0: [drm] fb0: i915drmfb frame buffer device
audit: type=1400 audit(1613035138.724:3): apparmor="STATUS" operation="profile_load" profile="unconfined" name="libreoffice-senddoc" pid=648 comm="apparmor_parser"
audit: type=1400 audit(1613035138.748:4): apparmor="STATUS" operation="profile_load" profile="unconfined" name="/usr/bin/man" pid=647 comm="apparmor_parser"
audit: type=1400 audit(1613035138.748:5): apparmor="STATUS" operation="profile_load" profile="unconfined" name="man_filter" pid=647 comm="apparmor_parser"
audit: type=1400 audit(1613035138.748:6): apparmor="STATUS" operation="profile_load" profile="unconfined" name="man_groff" pid=647 comm="apparmor_parser"
snd_hda_codec_generic hdaudioC0D0: autoconfig for Generic: line_outs=1 (0x14/0x0/0x0/0x0/0x0) type:speaker
snd_hda_codec_generic hdaudioC0D0:    speaker_outs=0 (0x0/0x0/0x0/0x0/0x0)
snd_hda_codec_generic hdaudioC0D0:    hp_outs=1 (0x21/0x0/0x0/0x0/0x0)
snd_hda_codec_generic hdaudioC0D0:    mono: mono_out=0x0
snd_hda_codec_generic hdaudioC0D0:    inputs:
snd_hda_codec_generic hdaudioC0D0:      Mic=0x19
snd_hda_codec_generic hdaudioC0D0:      Internal Mic=0x12
audit: type=1400 audit(1613035138.844:7): apparmor="STATUS" operation="profile_load" profile="unconfined" name="libreoffice-oopslash" pid=674 comm="apparmor_parser"
input: HDA Intel PCH Mic as /devices/pci0000:00/0000:00:1f.3/sound/card0/input9
input: HDA Intel PCH Headphone as /devices/pci0000:00/0000:00:1f.3/sound/card0/input10
input: HDA Intel PCH HDMI/DP,pcm=3 as /devices/pci0000:00/0000:00:1f.3/sound/card0/input11
input: HDA Intel PCH HDMI/DP,pcm=7 as /devices/pci0000:00/0000:00:1f.3/sound/card0/input12
input: HDA Intel PCH HDMI/DP,pcm=8 as /devices/pci0000:00/0000:00:1f.3/sound/card0/input13
input: HDA Intel PCH HDMI/DP,pcm=9 as /devices/pci0000:00/0000:00:1f.3/sound/card0/input14
input: HDA Intel PCH HDMI/DP,pcm=10 as /devices/pci0000:00/0000:00:1f.3/sound/card0/input15
audit: type=1400 audit(1613035139.172:8): apparmor="STATUS" operation="profile_load" profile="unconfined" name="/usr/lib/NetworkManager/nm-dhcp-client.action" pid=645 comm="apparmor_parser"
audit: type=1400 audit(1613035139.176:9): apparmor="STATUS" operation="profile_load" profile="unconfined" name="/usr/lib/NetworkManager/nm-dhcp-helper" pid=645 comm="apparmor_parser"
audit: type=1400 audit(1613035139.176:10): apparmor="STATUS" operation="profile_load" profile="unconfined" name="/usr/lib/connman/scripts/dhclient-script" pid=645 comm="apparmor_parser"
audit: type=1400 audit(1613035139.180:11): apparmor="STATUS" operation="profile_load" profile="unconfined" name="/{,usr/}sbin/dhclient" pid=645 comm="apparmor_parser"
kauditd_printk_skb: 18 callbacks suppressed
audit: type=1400 audit(1613035146.456:30): apparmor="STATUS" operation="profile_load" profile="unconfined" name="libreoffice-soffice" pid=724 comm="apparmor_parser"
audit: type=1400 audit(1613035146.456:31): apparmor="STATUS" operation="profile_load" profile="unconfined" name="libreoffice-soffice//gpg" pid=724 comm="apparmor_parser"
audit: type=1400 audit(1613035150.508:32): apparmor="STATUS" operation="profile_load" profile="unconfined" name="snap-update-ns.core" pid=740 comm="apparmor_parser"
audit: type=1400 audit(1613035151.448:33): apparmor="STATUS" operation="profile_load" profile="unconfined" name="/snap/core/10823/usr/lib/snapd/snap-confine" pid=739 comm="apparmor_parser"
audit: type=1400 audit(1613035151.448:34): apparmor="STATUS" operation="profile_load" profile="unconfined" name="/snap/core/10823/usr/lib/snapd/snap-confine//mount-namespace-capture-helper" pid=739 comm="apparmor_parser"
audit: type=1400 audit(1613035151.752:35): apparmor="STATUS" operation="profile_load" profile="unconfined" name="snap-update-ns.gnome-logs" pid=743 comm="apparmor_parser"
audit: type=1400 audit(1613035151.836:36): apparmor="STATUS" operation="profile_load" profile="unconfined" name="snap-update-ns.gnome-calculator" pid=741 comm="apparmor_parser"
audit: type=1400 audit(1613035151.888:37): apparmor="STATUS" operation="profile_load" profile="unconfined" name="snap-update-ns.gnome-characters" pid=742 comm="apparmor_parser"
audit: type=1400 audit(1613035152.004:38): apparmor="STATUS" operation="profile_load" profile="unconfined" name="snap.core.hook.configure" pid=746 comm="apparmor_parser"
audit: type=1400 audit(1613035152.372:39): apparmor="STATUS" operation="profile_load" profile="unconfined" name="snap.gnome-calculator.gnome-calculator" pid=747 comm="apparmor_parser"
audit: type=1400 audit(1613035152.412:40): apparmor="STATUS" operation="profile_load" profile="unconfined" name="snap.gnome-characters.gnome-characters" pid=749 comm="apparmor_parser"
audit: type=1400 audit(1613035152.616:41): apparmor="STATUS" operation="profile_load" profile="unconfined" name="snap-update-ns.prospect-mail" pid=745 comm="apparmor_parser"
audit: type=1400 audit(1613035152.704:42): apparmor="STATUS" operation="profile_load" profile="unconfined" name="snap.gnome-logs.gnome-logs" pid=750 comm="apparmor_parser"
audit: type=1400 audit(1613035152.748:43): apparmor="STATUS" operation="profile_load" profile="unconfined" name="snap-update-ns.gnome-system-monitor" pid=744 comm="apparmor_parser"
audit: type=1400 audit(1613035153.004:44): apparmor="STATUS" operation="profile_load" profile="unconfined" name="snap.gnome-system-monitor.gnome-system-monitor" pid=751 comm="apparmor_parser"
Bluetooth: BNEP (Ethernet Emulation) ver 1.3
Bluetooth: BNEP filters: protocol multicast
Bluetooth: BNEP socket layer initialized
NET: Registered protocol family 38
kauditd_printk_skb: 2 callbacks suppressed
audit: type=1400 audit(1613035158.664:47): apparmor="DENIED" operation="capable" profile="/usr/sbin/cups-browsed" pid=851 comm="cups-browsed" capability=23  capname="sys_nice"
Generic FE-GE Realtek PHY r8169-100:00: attached PHY driver (mii_bus:phy_addr=r8169-100:00, irq=IGNORE)
r8169 0000:01:00.0 enp1s0: Link is Down
loop20: detected capacity change from 8 to 0
wlp2s0: authenticate with dc:eb:69:a6:d3:ca
wlp2s0: send auth to dc:eb:69:a6:d3:ca (try 1/3)
wlp2s0: authenticated
wlp2s0: associate with dc:eb:69:a6:d3:ca (try 1/3)
wlp2s0: RX AssocResp from dc:eb:69:a6:d3:ca (capab=0x1511 status=0 aid=8)
wlp2s0: associated
ath: EEPROM regdomain: 0x8348
ath: EEPROM indicates we should expect a country code
ath: doing EEPROM country->regdmn map search
ath: country maps to regdmn code: 0x3a
ath: Country alpha2 being used: US
ath: Regpair used: 0x3a
ath: regdomain 0x8348 dynamically updated by country element
wlp2s0: Limiting TX power to 30 (30 - 0) dBm as advertised by dc:eb:69:a6:d3:ca
IPv6: ADDRCONF(NETDEV_CHANGE): wlp2s0: link becomes ready
audit: type=1400 audit(1613035174.424:48): apparmor="STATUS" operation="profile_replace" profile="unconfined" name="/snap/core/10823/usr/lib/snapd/snap-confine" pid=1272 comm="apparmor_parser"
audit: type=1400 audit(1613035174.440:49): apparmor="STATUS" operation="profile_replace" profile="unconfined" name="/snap/core/10823/usr/lib/snapd/snap-confine//mount-namespace-capture-helper" pid=1272 comm="apparmor_parser"
audit: type=1400 audit(1613035176.500:50): apparmor="STATUS" operation="profile_replace" profile="unconfined" name="snap.gnome-characters.gnome-characters" pid=1289 comm="apparmor_parser"
audit: type=1400 audit(1613035176.500:51): apparmor="STATUS" operation="profile_replace" profile="unconfined" name="snap.prospect-mail.prospect-mail" pid=1291 comm="apparmor_parser"
audit: type=1400 audit(1613035176.512:52): apparmor="STATUS" operation="profile_replace" profile="unconfined" name="snap.core.hook.configure" pid=1292 comm="apparmor_parser"
audit: type=1400 audit(1613035176.520:53): apparmor="STATUS" operation="profile_replace" profile="unconfined" name="snap.gnome-system-monitor.gnome-system-monitor" pid=1294 comm="apparmor_parser"
audit: type=1400 audit(1613035176.524:54): apparmor="STATUS" operation="profile_replace" profile="unconfined" name="snap.gnome-system-monitor.hook.configure" pid=1295 comm="apparmor_parser"
audit: type=1400 audit(1613035176.808:55): apparmor="STATUS" operation="profile_load" profile="unconfined" name="docker-default" pid=1299 comm="apparmor_parser"
audit: type=1400 audit(1613035177.492:56): apparmor="STATUS" operation="profile_replace" info="same as current profile, skipping" profile="unconfined" name="snap-update-ns.prospect-mail" pid=1290 comm="apparmor_parser"
audit: type=1400 audit(1613035177.500:57): apparmor="STATUS" operation="profile_replace" profile="unconfined" name="snap.gnome-calculator.gnome-calculator" pid=1302 comm="apparmor_parser"
bridge: filtering via arp/ip/ip6tables is no longer available by default. Update your scripts to load br_netfilter if you need this.
Bridge firewalling registered
bpfilter: Loaded bpfilter_umh pid 1339
Started bpfilter
rfkill: input handler disabled
Initializing XFRM netlink socket
process 'docker/tmp/qemu-check138357611/check' started with executable stack
rfkill: input handler enabled
Bluetooth: RFCOMM TTY layer initialized
Bluetooth: RFCOMM socket layer initialized
Bluetooth: RFCOMM ver 1.11
rfkill: input handler disabled
