[    0.000000] microcode: microcode updated early to revision 0xe2, date = 2020-07-14
[    0.000000] Linux version 5.12.0-rc6-next-20210407 (root@ckadithya) (gcc (Ubuntu 9.3.0-17ubuntu1~20.04) 9.3.0, GNU ld (GNU Binutils for Ubuntu) 2.34) #5 SMP Wed Apr 7 12:55:55 PDT 2021
[    0.000000] Command line: BOOT_IMAGE=/boot/vmlinuz-5.12.0-rc6-next-20210407 root=UUID=db747fa5-b16c-4d3e-8911-a8778177263d ro recovery nomodeset earlyprink=vga
[    0.000000] KERNEL supported cpus:
[    0.000000]   Intel GenuineIntel
[    0.000000]   AMD AuthenticAMD
[    0.000000]   Hygon HygonGenuine
[    0.000000]   Centaur CentaurHauls
[    0.000000]   zhaoxin   Shanghai  
[    0.000000] x86/fpu: Supporting XSAVE feature 0x001: 'x87 floating point registers'
[    0.000000] x86/fpu: Supporting XSAVE feature 0x002: 'SSE registers'
[    0.000000] x86/fpu: Supporting XSAVE feature 0x004: 'AVX registers'
[    0.000000] x86/fpu: Supporting XSAVE feature 0x008: 'MPX bounds registers'
[    0.000000] x86/fpu: Supporting XSAVE feature 0x010: 'MPX CSR'
[    0.000000] x86/fpu: xstate_offset[2]:  576, xstate_sizes[2]:  256
[    0.000000] x86/fpu: xstate_offset[3]:  832, xstate_sizes[3]:   64
[    0.000000] x86/fpu: xstate_offset[4]:  896, xstate_sizes[4]:   64
[    0.000000] x86/fpu: Enabled xstate features 0x1f, context size is 960 bytes, using 'compacted' format.
[    0.000000] BIOS-provided physical RAM map:
[    0.000000] BIOS-e820: [mem 0x0000000000000000-0x0000000000057fff] usable
[    0.000000] BIOS-e820: [mem 0x0000000000058000-0x0000000000058fff] reserved
[    0.000000] BIOS-e820: [mem 0x0000000000059000-0x000000000009dfff] usable
[    0.000000] BIOS-e820: [mem 0x000000000009e000-0x00000000000fffff] reserved
[    0.000000] BIOS-e820: [mem 0x0000000000100000-0x0000000066957fff] usable
[    0.000000] BIOS-e820: [mem 0x0000000066958000-0x0000000066958fff] ACPI NVS
[    0.000000] BIOS-e820: [mem 0x0000000066959000-0x0000000066959fff] reserved
[    0.000000] BIOS-e820: [mem 0x000000006695a000-0x0000000068387fff] usable
[    0.000000] BIOS-e820: [mem 0x0000000068388000-0x0000000068c87fff] reserved
[    0.000000] BIOS-e820: [mem 0x0000000068c88000-0x000000007ee9dfff] usable
[    0.000000] BIOS-e820: [mem 0x000000007ee9e000-0x000000007f88dfff] reserved
[    0.000000] BIOS-e820: [mem 0x000000007f88e000-0x000000007ff7dfff] ACPI NVS
[    0.000000] BIOS-e820: [mem 0x000000007ff7e000-0x000000007fffdfff] ACPI data
[    0.000000] BIOS-e820: [mem 0x000000007fffe000-0x000000007fffefff] usable
[    0.000000] BIOS-e820: [mem 0x000000007ffff000-0x000000008affffff] reserved
[    0.000000] BIOS-e820: [mem 0x00000000e0000000-0x00000000efffffff] reserved
[    0.000000] BIOS-e820: [mem 0x00000000fd000000-0x00000000fe7fffff] reserved
[    0.000000] BIOS-e820: [mem 0x00000000fec00000-0x00000000fec00fff] reserved
[    0.000000] BIOS-e820: [mem 0x00000000fed00000-0x00000000fed00fff] reserved
[    0.000000] BIOS-e820: [mem 0x00000000fed10000-0x00000000fed19fff] reserved
[    0.000000] BIOS-e820: [mem 0x00000000fed84000-0x00000000fed84fff] reserved
[    0.000000] BIOS-e820: [mem 0x00000000fee00000-0x00000000fee00fff] reserved
[    0.000000] BIOS-e820: [mem 0x00000000ffa10000-0x00000000ffffffff] reserved
[    0.000000] BIOS-e820: [mem 0x0000000100000000-0x0000000573ffffff] usable
[    0.000000] NX (Execute Disable) protection: active
[    0.000000] e820: update [mem 0x663d4018-0x663e4057] usable ==> usable
[    0.000000] e820: update [mem 0x663d4018-0x663e4057] usable ==> usable
[    0.000000] e820: update [mem 0x663b6018-0x663d3a57] usable ==> usable
[    0.000000] e820: update [mem 0x663b6018-0x663d3a57] usable ==> usable
[    0.000000] e820: update [mem 0x663a7018-0x663b5057] usable ==> usable
[    0.000000] e820: update [mem 0x663a7018-0x663b5057] usable ==> usable
[    0.000000] extended physical RAM map:
[    0.000000] reserve setup_data: [mem 0x0000000000000000-0x0000000000057fff] usable
[    0.000000] reserve setup_data: [mem 0x0000000000058000-0x0000000000058fff] reserved
[    0.000000] reserve setup_data: [mem 0x0000000000059000-0x000000000009dfff] usable
[    0.000000] reserve setup_data: [mem 0x000000000009e000-0x00000000000fffff] reserved
[    0.000000] reserve setup_data: [mem 0x0000000000100000-0x00000000663a7017] usable
[    0.000000] reserve setup_data: [mem 0x00000000663a7018-0x00000000663b5057] usable
[    0.000000] reserve setup_data: [mem 0x00000000663b5058-0x00000000663b6017] usable
[    0.000000] reserve setup_data: [mem 0x00000000663b6018-0x00000000663d3a57] usable
[    0.000000] reserve setup_data: [mem 0x00000000663d3a58-0x00000000663d4017] usable
[    0.000000] reserve setup_data: [mem 0x00000000663d4018-0x00000000663e4057] usable
[    0.000000] reserve setup_data: [mem 0x00000000663e4058-0x0000000066957fff] usable
[    0.000000] reserve setup_data: [mem 0x0000000066958000-0x0000000066958fff] ACPI NVS
[    0.000000] reserve setup_data: [mem 0x0000000066959000-0x0000000066959fff] reserved
[    0.000000] reserve setup_data: [mem 0x000000006695a000-0x0000000068387fff] usable
[    0.000000] reserve setup_data: [mem 0x0000000068388000-0x0000000068c87fff] reserved
[    0.000000] reserve setup_data: [mem 0x0000000068c88000-0x000000007ee9dfff] usable
[    0.000000] reserve setup_data: [mem 0x000000007ee9e000-0x000000007f88dfff] reserved
[    0.000000] reserve setup_data: [mem 0x000000007f88e000-0x000000007ff7dfff] ACPI NVS
[    0.000000] reserve setup_data: [mem 0x000000007ff7e000-0x000000007fffdfff] ACPI data
[    0.000000] reserve setup_data: [mem 0x000000007fffe000-0x000000007fffefff] usable
[    0.000000] reserve setup_data: [mem 0x000000007ffff000-0x000000008affffff] reserved
[    0.000000] reserve setup_data: [mem 0x00000000e0000000-0x00000000efffffff] reserved
[    0.000000] reserve setup_data: [mem 0x00000000fd000000-0x00000000fe7fffff] reserved
[    0.000000] reserve setup_data: [mem 0x00000000fec00000-0x00000000fec00fff] reserved
[    0.000000] reserve setup_data: [mem 0x00000000fed00000-0x00000000fed00fff] reserved
[    0.000000] reserve setup_data: [mem 0x00000000fed10000-0x00000000fed19fff] reserved
[    0.000000] reserve setup_data: [mem 0x00000000fed84000-0x00000000fed84fff] reserved
[    0.000000] reserve setup_data: [mem 0x00000000fee00000-0x00000000fee00fff] reserved
[    0.000000] reserve setup_data: [mem 0x00000000ffa10000-0x00000000ffffffff] reserved
[    0.000000] reserve setup_data: [mem 0x0000000100000000-0x0000000573ffffff] usable
[    0.000000] efi: EFI v2.50 by INSYDE Corp.
[    0.000000] efi: ACPI 2.0=0x7fffd014 SMBIOS=0x7f102000 SMBIOS 3.0=0x7f100000 ESRT=0x7f103918 MEMATTR=0x6f73e018 RNG=0x7f0fe958 TPMEventLog=0x68c8f018 
[    0.000000] efi: seeding entropy pool
[    0.000000] random: fast init done
[    0.000000] [Firmware Bug]: TPM Final Events table missing or invalid
[    0.000000] SMBIOS 3.0.0 present.
[    0.000000] DMI: LENOVO 80XG/LNVNB161216, BIOS 4WCN47WW 06/30/2020
[    0.000000] tsc: Detected 2000.000 MHz processor
[    0.000000] tsc: Detected 1999.968 MHz TSC
[    0.000639] e820: update [mem 0x00000000-0x00000fff] usable ==> reserved
[    0.000644] e820: remove [mem 0x000a0000-0x000fffff] usable
[    0.000654] last_pfn = 0x574000 max_arch_pfn = 0x400000000
[    0.000847] x86/PAT: Configuration [0-7]: WB  WC  UC- UC  WB  WP  UC- WT  
[    0.002564] last_pfn = 0x7ffff max_arch_pfn = 0x400000000
[    0.013100] ACPI: Early table checksum verification disabled
[    0.013104] ACPI: RSDP 0x000000007FFFD014 000024 (v02 LENOVO)
[    0.013110] ACPI: XSDT 0x000000007FFC8188 000114 (v01 LENOVO CB-01    00000001      01000013)
[    0.013118] ACPI: FACP 0x000000007FFEE000 00010C (v05 LENOVO CB-01    00000001 ACPI 00040000)
[    0.013125] ACPI: DSDT 0x000000007FFCE000 01CD27 (v02 LENOVO CB-01    00000001 ACPI 00040000)
[    0.013130] ACPI: FACS 0x000000007FF5B000 000040
[    0.013135] ACPI: UEFI 0x000000007FFFC000 000236 (v01 LENOVO CB-01    00000001 ACPI 00040000)
[    0.013139] ACPI: UEFI 0x000000007FFFB000 000042 (v01 LENOVO CB-01    00000001 ACPI 00040000)
[    0.013144] ACPI: MSDM 0x000000007FFFA000 000055 (v03 LENOVO CB-01    00000001 ACPI 00040000)
[    0.013148] ACPI: SSDT 0x000000007FFF9000 0004CE (v02 LENOVO CB-01    00000001 ACPI 00040000)
[    0.013152] ACPI: SSDT 0x000000007FFF8000 000046 (v02 LENOVO CB-01    00000001 ACPI 00040000)
[    0.013157] ACPI: TPM2 0x000000007FFF7000 000034 (v03 LENOVO CB-01    00000001 ACPI 00040000)
[    0.013161] ACPI: SSDT 0x000000007FFF3000 0030F8 (v02 LENOVO CB-01    00000001 ACPI 00040000)
[    0.013166] ACPI: ASF! 0x000000007FFF2000 0000A5 (v32 LENOVO CB-01    00000001 ACPI 00040000)
[    0.013171] ACPI: ASPT 0x000000007FFF1000 000034 (v07 LENOVO CB-01    00000001 ACPI 00040000)
[    0.013175] ACPI: BOOT 0x000000007FFF0000 000028 (v01 LENOVO CB-01    00000001 ACPI 00040000)
[    0.013180] ACPI: DBGP 0x000000007FFEF000 000034 (v01 LENOVO CB-01    00000001 ACPI 00040000)
[    0.013186] ACPI: HPET 0x000000007FFED000 000038 (v01 LENOVO CB-01    00000001 ACPI 00040000)
[    0.013190] ACPI: APIC 0x000000007FFEC000 0000BC (v03 LENOVO CB-01    00000001 ACPI 00040000)
[    0.013195] ACPI: MCFG 0x000000007FFEB000 00003C (v01 LENOVO CB-01    00000001 ACPI 00040000)
[    0.013199] ACPI: LPIT 0x000000007FFCD000 000094 (v01 LENOVO CB-01    00000001 ACPI 00040000)
[    0.013204] ACPI: WSMT 0x000000007FFCC000 000028 (v01 LENOVO CB-01    00000001 ACPI 00040000)
[    0.013208] ACPI: SSDT 0x000000007FFCB000 00029F (v02 LENOVO CB-01    00000001 ACPI 00040000)
[    0.013213] ACPI: SSDT 0x000000007FFCA000 000346 (v01 LENOVO CB-01    00000001 ACPI 00040000)
[    0.013217] ACPI: SSDT 0x000000007FFC9000 000E41 (v02 LENOVO CB-01    00000001 ACPI 00040000)
[    0.013221] ACPI: SSDT 0x000000007FFC7000 00051E (v02 LENOVO CB-01    00000001 ACPI 00040000)
[    0.013226] ACPI: DBGP 0x000000007FFC6000 000034 (v01 LENOVO CB-01    00000001 ACPI 00040000)
[    0.013230] ACPI: DBG2 0x000000007FFC5000 000054 (v00 LENOVO CB-01    00000001 ACPI 00040000)
[    0.013235] ACPI: SSDT 0x000000007FFC3000 00106A (v02 LENOVO CB-01    00000001 ACPI 00040000)
[    0.013239] ACPI: SSDT 0x000000007FFC2000 000EDE (v02 LENOVO CB-01    00000001 ACPI 00040000)
[    0.013244] ACPI: UEFI 0x000000007FFC1000 00063A (v01 LENOVO CB-01    00000001 ACPI 00040000)
[    0.013248] ACPI: UEFI 0x000000007FFC0000 00005C (v01 LENOVO CB-01    00000001 ACPI 00040000)
[    0.013253] ACPI: DMAR 0x000000007FFBF000 0000CC (v01 LENOVO CB-01    00000001 ACPI 00040000)
[    0.013257] ACPI: FPDT 0x000000007FFBE000 000044 (v01 LENOVO CB-01    00000001 ACPI 00040000)
[    0.013261] ACPI: BGRT 0x000000007FFBD000 000038 (v01 LENOVO CB-01    00000001 ACPI 00040000)
[    0.013265] ACPI: Reserving FACP table memory at [mem 0x7ffee000-0x7ffee10b]
[    0.013268] ACPI: Reserving DSDT table memory at [mem 0x7ffce000-0x7ffead26]
[    0.013270] ACPI: Reserving FACS table memory at [mem 0x7ff5b000-0x7ff5b03f]
[    0.013272] ACPI: Reserving UEFI table memory at [mem 0x7fffc000-0x7fffc235]
[    0.013273] ACPI: Reserving UEFI table memory at [mem 0x7fffb000-0x7fffb041]
[    0.013275] ACPI: Reserving MSDM table memory at [mem 0x7fffa000-0x7fffa054]
[    0.013276] ACPI: Reserving SSDT table memory at [mem 0x7fff9000-0x7fff94cd]
[    0.013278] ACPI: Reserving SSDT table memory at [mem 0x7fff8000-0x7fff8045]
[    0.013280] ACPI: Reserving TPM2 table memory at [mem 0x7fff7000-0x7fff7033]
[    0.013281] ACPI: Reserving SSDT table memory at [mem 0x7fff3000-0x7fff60f7]
[    0.013283] ACPI: Reserving ASF! table memory at [mem 0x7fff2000-0x7fff20a4]
[    0.013284] ACPI: Reserving ASPT table memory at [mem 0x7fff1000-0x7fff1033]
[    0.013286] ACPI: Reserving BOOT table memory at [mem 0x7fff0000-0x7fff0027]
[    0.013287] ACPI: Reserving DBGP table memory at [mem 0x7ffef000-0x7ffef033]
[    0.013289] ACPI: Reserving HPET table memory at [mem 0x7ffed000-0x7ffed037]
[    0.013291] ACPI: Reserving APIC table memory at [mem 0x7ffec000-0x7ffec0bb]
[    0.013292] ACPI: Reserving MCFG table memory at [mem 0x7ffeb000-0x7ffeb03b]
[    0.013294] ACPI: Reserving LPIT table memory at [mem 0x7ffcd000-0x7ffcd093]
[    0.013295] ACPI: Reserving WSMT table memory at [mem 0x7ffcc000-0x7ffcc027]
[    0.013297] ACPI: Reserving SSDT table memory at [mem 0x7ffcb000-0x7ffcb29e]
[    0.013299] ACPI: Reserving SSDT table memory at [mem 0x7ffca000-0x7ffca345]
[    0.013300] ACPI: Reserving SSDT table memory at [mem 0x7ffc9000-0x7ffc9e40]
[    0.013302] ACPI: Reserving SSDT table memory at [mem 0x7ffc7000-0x7ffc751d]
[    0.013304] ACPI: Reserving DBGP table memory at [mem 0x7ffc6000-0x7ffc6033]
[    0.013305] ACPI: Reserving DBG2 table memory at [mem 0x7ffc5000-0x7ffc5053]
[    0.013307] ACPI: Reserving SSDT table memory at [mem 0x7ffc3000-0x7ffc4069]
[    0.013309] ACPI: Reserving SSDT table memory at [mem 0x7ffc2000-0x7ffc2edd]
[    0.013310] ACPI: Reserving UEFI table memory at [mem 0x7ffc1000-0x7ffc1639]
[    0.013312] ACPI: Reserving UEFI table memory at [mem 0x7ffc0000-0x7ffc005b]
[    0.013314] ACPI: Reserving DMAR table memory at [mem 0x7ffbf000-0x7ffbf0cb]
[    0.013316] ACPI: Reserving FPDT table memory at [mem 0x7ffbe000-0x7ffbe043]
[    0.013317] ACPI: Reserving BGRT table memory at [mem 0x7ffbd000-0x7ffbd037]
[    0.013323] esrt: Reserving ESRT space from 0x000000007f103918 to 0x000000007f1039c8.
[    0.013337] Using GB pages for direct mapping
[    0.014028] Secure boot disabled
[    0.014030] RAMDISK: [mem 0x3eaae000-0x3fffdfff]
[    0.014047] ACPI: Local APIC address 0xfee00000
[    0.014245] No NUMA configuration found
[    0.014247] Faking a node at [mem 0x0000000000000000-0x0000000573ffffff]
[    0.014262] NODE_DATA(0) allocated [mem 0x573fd5000-0x573ffffff]
[    0.014638] Zone ranges:
[    0.014639]   DMA      [mem 0x0000000000001000-0x0000000000ffffff]
[    0.014643]   DMA32    [mem 0x0000000001000000-0x00000000ffffffff]
[    0.014645]   Normal   [mem 0x0000000100000000-0x0000000573ffffff]
[    0.014648]   Device   empty
[    0.014649] Movable zone start for each node
[    0.014654] Early memory node ranges
[    0.014655]   node   0: [mem 0x0000000000001000-0x0000000000057fff]
[    0.014657]   node   0: [mem 0x0000000000059000-0x000000000009dfff]
[    0.014659]   node   0: [mem 0x0000000000100000-0x0000000066957fff]
[    0.014661]   node   0: [mem 0x000000006695a000-0x0000000068387fff]
[    0.014662]   node   0: [mem 0x0000000068c88000-0x000000007ee9dfff]
[    0.014664]   node   0: [mem 0x000000007fffe000-0x000000007fffefff]
[    0.014665]   node   0: [mem 0x0000000100000000-0x0000000573ffffff]
[    0.014669] Initmem setup node 0 [mem 0x0000000000001000-0x0000000573ffffff]
[    0.014672] On node 0 totalpages: 5186873
[    0.014674]   DMA zone: 64 pages used for memmap
[    0.014675]   DMA zone: 21 pages reserved
[    0.014676]   DMA zone: 3996 pages, LIFO batch:0
[    0.014958]   DMA zone: 28772 pages in unavailable ranges
[    0.014960]   DMA32 zone: 8023 pages used for memmap
[    0.014961]   DMA32 zone: 513437 pages, LIFO batch:63
[    0.018304]   DMA32 zone: 6755 pages in unavailable ranges
[    0.018306]   Normal zone: 72960 pages used for memmap
[    0.018307]   Normal zone: 4669440 pages, LIFO batch:63
[    0.048336]   Normal zone: 16384 pages in unavailable ranges
[    0.048347] Reserving Intel graphics memory at [mem 0x89000000-0x8affffff]
[    0.048506] ACPI: PM-Timer IO Port: 0x1808
[    0.048508] ACPI: Local APIC address 0xfee00000
[    0.048516] ACPI: LAPIC_NMI (acpi_id[0x01] high edge lint[0x1])
[    0.048518] ACPI: LAPIC_NMI (acpi_id[0x02] high edge lint[0x1])
[    0.048520] ACPI: LAPIC_NMI (acpi_id[0x03] high edge lint[0x1])
[    0.048521] ACPI: LAPIC_NMI (acpi_id[0x04] high edge lint[0x1])
[    0.048523] ACPI: LAPIC_NMI (acpi_id[0x05] high edge lint[0x1])
[    0.048524] ACPI: LAPIC_NMI (acpi_id[0x06] high edge lint[0x1])
[    0.048526] ACPI: LAPIC_NMI (acpi_id[0x07] high edge lint[0x1])
[    0.048527] ACPI: LAPIC_NMI (acpi_id[0x08] high edge lint[0x1])
[    0.048554] IOAPIC[0]: apic_id 2, version 32, address 0xfec00000, GSI 0-119
[    0.048558] ACPI: INT_SRC_OVR (bus 0 bus_irq 0 global_irq 2 dfl dfl)
[    0.048561] ACPI: INT_SRC_OVR (bus 0 bus_irq 9 global_irq 9 high level)
[    0.048564] ACPI: IRQ0 used by override.
[    0.048566] ACPI: IRQ9 used by override.
[    0.048568] Using ACPI (MADT) for SMP configuration information
[    0.048570] ACPI: HPET id: 0x8086a201 base: 0xfed00000
[    0.048579] e820: update [mem 0x6f6bb000-0x6f736fff] usable ==> reserved
[    0.048593] TSC deadline timer available
[    0.048595] smpboot: Allowing 4 CPUs, 0 hotplug CPUs
[    0.048630] PM: hibernation: Registered nosave memory: [mem 0x00000000-0x00000fff]
[    0.048633] PM: hibernation: Registered nosave memory: [mem 0x00058000-0x00058fff]
[    0.048637] PM: hibernation: Registered nosave memory: [mem 0x0009e000-0x000fffff]
[    0.048639] PM: hibernation: Registered nosave memory: [mem 0x663a7000-0x663a7fff]
[    0.048643] PM: hibernation: Registered nosave memory: [mem 0x663b5000-0x663b5fff]
[    0.048644] PM: hibernation: Registered nosave memory: [mem 0x663b6000-0x663b6fff]
[    0.048647] PM: hibernation: Registered nosave memory: [mem 0x663d3000-0x663d3fff]
[    0.048648] PM: hibernation: Registered nosave memory: [mem 0x663d4000-0x663d4fff]
[    0.048651] PM: hibernation: Registered nosave memory: [mem 0x663e4000-0x663e4fff]
[    0.048654] PM: hibernation: Registered nosave memory: [mem 0x66958000-0x66958fff]
[    0.048655] PM: hibernation: Registered nosave memory: [mem 0x66959000-0x66959fff]
[    0.048658] PM: hibernation: Registered nosave memory: [mem 0x68388000-0x68c87fff]
[    0.048661] PM: hibernation: Registered nosave memory: [mem 0x6f6bb000-0x6f736fff]
[    0.048664] PM: hibernation: Registered nosave memory: [mem 0x7ee9e000-0x7f88dfff]
[    0.048666] PM: hibernation: Registered nosave memory: [mem 0x7f88e000-0x7ff7dfff]
[    0.048667] PM: hibernation: Registered nosave memory: [mem 0x7ff7e000-0x7fffdfff]
[    0.048670] PM: hibernation: Registered nosave memory: [mem 0x7ffff000-0x8affffff]
[    0.048671] PM: hibernation: Registered nosave memory: [mem 0x8b000000-0xdfffffff]
[    0.048672] PM: hibernation: Registered nosave memory: [mem 0xe0000000-0xefffffff]
[    0.048674] PM: hibernation: Registered nosave memory: [mem 0xf0000000-0xfcffffff]
[    0.048675] PM: hibernation: Registered nosave memory: [mem 0xfd000000-0xfe7fffff]
[    0.048676] PM: hibernation: Registered nosave memory: [mem 0xfe800000-0xfebfffff]
[    0.048678] PM: hibernation: Registered nosave memory: [mem 0xfec00000-0xfec00fff]
[    0.048679] PM: hibernation: Registered nosave memory: [mem 0xfec01000-0xfecfffff]
[    0.048680] PM: hibernation: Registered nosave memory: [mem 0xfed00000-0xfed00fff]
[    0.048682] PM: hibernation: Registered nosave memory: [mem 0xfed01000-0xfed0ffff]
[    0.048683] PM: hibernation: Registered nosave memory: [mem 0xfed10000-0xfed19fff]
[    0.048684] PM: hibernation: Registered nosave memory: [mem 0xfed1a000-0xfed83fff]
[    0.048686] PM: hibernation: Registered nosave memory: [mem 0xfed84000-0xfed84fff]
[    0.048687] PM: hibernation: Registered nosave memory: [mem 0xfed85000-0xfedfffff]
[    0.048688] PM: hibernation: Registered nosave memory: [mem 0xfee00000-0xfee00fff]
[    0.048689] PM: hibernation: Registered nosave memory: [mem 0xfee01000-0xffa0ffff]
[    0.048691] PM: hibernation: Registered nosave memory: [mem 0xffa10000-0xffffffff]
[    0.048693] [mem 0x8b000000-0xdfffffff] available for PCI devices
[    0.048695] Booting paravirtualized kernel on bare hardware
[    0.048698] clocksource: refined-jiffies: mask: 0xffffffff max_cycles: 0xffffffff, max_idle_ns: 7645519600211568 ns
[    0.048706] setup_percpu: NR_CPUS:8192 nr_cpumask_bits:4 nr_cpu_ids:4 nr_node_ids:1
[    0.048871] percpu: Embedded 56 pages/cpu s192512 r8192 d28672 u524288
[    0.048882] pcpu-alloc: s192512 r8192 d28672 u524288 alloc=1*2097152
[    0.048885] pcpu-alloc: [0] 0 1 2 3 
[    0.048926] Built 1 zonelists, mobility grouping on.  Total pages: 5105805
[    0.048928] Policy zone: Normal
[    0.048930] Kernel command line: BOOT_IMAGE=/boot/vmlinuz-5.12.0-rc6-next-20210407 root=UUID=db747fa5-b16c-4d3e-8911-a8778177263d ro recovery nomodeset earlyprink=vga
[    0.049015] You have booted with nomodeset. This means your GPU drivers are DISABLED
[    0.049016] Any video related functionality will be severely degraded, and you may not even be able to suspend the system properly
[    0.049017] Unless you actually understand what nomodeset does, you should reboot without enabling it
[    0.050810] Dentry cache hash table entries: 4194304 (order: 13, 33554432 bytes, linear)
[    0.051714] Inode-cache hash table entries: 2097152 (order: 12, 16777216 bytes, linear)
[    0.051780] mem auto-init: stack:off, heap alloc:on, heap free:off
[    0.097922] Memory: 20212252K/20747492K available (14345K kernel code, 3375K rwdata, 5116K rodata, 2716K init, 6056K bss, 534980K reserved, 0K cma-reserved)
[    0.097930] random: get_random_u64 called from __kmem_cache_create+0x3c/0x460 with crng_init=1
[    0.098060] SLUB: HWalign=64, Order=0-3, MinObjects=0, CPUs=4, Nodes=1
[    0.098077] Kernel/User page tables isolation: enabled
[    0.098097] ftrace: allocating 46632 entries in 183 pages
[    0.118125] ftrace: allocated 183 pages with 6 groups
[    0.118238] rcu: Hierarchical RCU implementation.
[    0.118240] rcu: 	RCU restricting CPUs from NR_CPUS=8192 to nr_cpu_ids=4.
[    0.118243] 	Rude variant of Tasks RCU enabled.
[    0.118244] 	Tracing variant of Tasks RCU enabled.
[    0.118245] rcu: RCU calculated value of scheduler-enlistment delay is 25 jiffies.
[    0.118246] rcu: Adjusting geometry for rcu_fanout_leaf=16, nr_cpu_ids=4
[    0.123292] NR_IRQS: 524544, nr_irqs: 1024, preallocated irqs: 16
[    0.123768] random: crng done (trusting CPU's manufacturer)
[    0.123802] Console: colour dummy device 80x25
[    0.124236] printk: console [tty0] enabled
[    0.124259] ACPI: Core revision 20210105
[    0.124633] clocksource: hpet: mask: 0xffffffff max_cycles: 0xffffffff, max_idle_ns: 79635855245 ns
[    0.124704] APIC: Switch to symmetric I/O mode setup
[    0.124708] DMAR: Host address width 39
[    0.124711] DMAR: DRHD base: 0x000000fed90000 flags: 0x0
[    0.124719] DMAR: dmar0: reg_base_addr fed90000 ver 1:0 cap 1c0000c40660462 ecap 7e3ff0505e
[    0.124724] DMAR: DRHD base: 0x000000fed91000 flags: 0x1
[    0.124729] DMAR: dmar1: reg_base_addr fed91000 ver 1:0 cap d2008c40660462 ecap f050da
[    0.124734] DMAR: RMRR base: 0x0000007f782000 end: 0x0000007f7a1fff
[    0.124737] DMAR: RMRR base: 0x00000088800000 end: 0x0000008affffff
[    0.124740] DMAR: ANDD device: 1 name: \_SB.PCI0.I2C0
[    0.124744] DMAR-IR: IOAPIC id 2 under DRHD base  0xfed91000 IOMMU 1
[    0.124747] DMAR-IR: HPET id 0 under DRHD base 0xfed91000
[    0.124750] DMAR-IR: Queued invalidation will be enabled to support x2apic and Intr-remapping.
[    0.126266] DMAR-IR: Enabled IRQ remapping in x2apic mode
[    0.126270] x2apic enabled
[    0.126284] Switched APIC routing to cluster x2apic.
[    0.130251] ..TIMER: vector=0x30 apic1=0 pin1=2 apic2=-1 pin2=-1
[    0.148581] clocksource: tsc-early: mask: 0xffffffffffffffff max_cycles: 0x39a8208cdd2, max_idle_ns: 881590748921 ns
[    0.148590] Calibrating delay loop (skipped), value calculated using timer frequency.. 3999.93 BogoMIPS (lpj=7999872)
[    0.148596] pid_max: default: 32768 minimum: 301
[    0.151398] LSM: Security Framework initializing
[    0.151417] Yama: becoming mindful.
[    0.151449] AppArmor: AppArmor initialized
[    0.151525] Mount-cache hash table entries: 65536 (order: 7, 524288 bytes, linear)
[    0.151579] Mountpoint-cache hash table entries: 65536 (order: 7, 524288 bytes, linear)
[    0.151867] CPU0: Thermal monitoring enabled (TM1)
[    0.151926] process: using mwait in idle threads
[    0.151930] Last level iTLB entries: 4KB 64, 2MB 8, 4MB 8
[    0.151933] Last level dTLB entries: 4KB 64, 2MB 0, 4MB 0, 1GB 4
[    0.151939] Spectre V1 : Mitigation: usercopy/swapgs barriers and __user pointer sanitization
[    0.151943] Spectre V2 : Mitigation: Full generic retpoline
[    0.151946] Spectre V2 : Spectre v2 / SpectreRSB mitigation: Filling RSB on context switch
[    0.151948] Spectre V2 : Enabling Restricted Speculation for firmware calls
[    0.151951] Spectre V2 : mitigation: Enabling conditional Indirect Branch Prediction Barrier
[    0.151955] Spectre V2 : User space: Mitigation: STIBP via seccomp and prctl
[    0.151958] Speculative Store Bypass: Mitigation: Speculative Store Bypass disabled via prctl and seccomp
[    0.151966] SRBDS: Mitigation: Microcode
[    0.151968] MDS: Mitigation: Clear CPU buffers
[    0.155380] Freeing SMP alternatives memory: 40K
[    0.156667] smpboot: Estimated ratio of average max frequency by base frequency (times 1024): 921
[    0.156684] smpboot: CPU0: Intel(R) Core(TM) i3-6006U CPU @ 2.00GHz (family: 0x6, model: 0x4e, stepping: 0x3)
[    0.156865] Performance Events: PEBS fmt3+, Skylake events, 32-deep LBR, full-width counters, Intel PMU driver.
[    0.156880] ... version:                4
[    0.156882] ... bit width:              48
[    0.156885] ... generic registers:      4
[    0.156886] ... value mask:             0000ffffffffffff
[    0.156889] ... max period:             00007fffffffffff
[    0.156891] ... fixed-purpose events:   3
[    0.156893] ... event mask:             000000070000000f
[    0.156981] rcu: Hierarchical SRCU implementation.
[    0.157792] NMI watchdog: Enabled. Permanently consumes one hw-PMU counter.
[    0.157854] smp: Bringing up secondary CPUs ...
[    0.157955] x86: Booting SMP configuration:
[    0.157958] .... node  #0, CPUs:      #1 #2
[    0.161286] MDS CPU bug present and SMT on, data leak possible. See https://www.kernel.org/doc/html/latest/admin-guide/hw-vuln/mds.html for more details.
[    0.161286]  #3
[    0.162122] smp: Brought up 1 node, 4 CPUs
[    0.162122] smpboot: Max logical packages: 1
[    0.162122] smpboot: Total of 4 processors activated (15999.74 BogoMIPS)
[    0.165250] devtmpfs: initialized
[    0.165250] x86/mm: Memory block size: 128MB
[    0.166228] PM: Registering ACPI NVS region [mem 0x66958000-0x66958fff] (4096 bytes)
[    0.166228] PM: Registering ACPI NVS region [mem 0x7f88e000-0x7ff7dfff] (7274496 bytes)
[    0.166228] clocksource: jiffies: mask: 0xffffffff max_cycles: 0xffffffff, max_idle_ns: 7645041785100000 ns
[    0.166228] futex hash table entries: 1024 (order: 4, 65536 bytes, linear)
[    0.166228] pinctrl core: initialized pinctrl subsystem
[    0.166228] PM: RTC time: 02:55:47, date: 2021-04-08
[    0.166228] NET: Registered protocol family 16
[    0.166228] DMA: preallocated 4096 KiB GFP_KERNEL pool for atomic allocations
[    0.166228] DMA: preallocated 4096 KiB GFP_KERNEL|GFP_DMA pool for atomic allocations
[    0.166318] DMA: preallocated 4096 KiB GFP_KERNEL|GFP_DMA32 pool for atomic allocations
[    0.166348] audit: initializing netlink subsys (disabled)
[    0.168613] audit: type=2000 audit(1617850547.044:1): state=initialized audit_enabled=0 res=1
[    0.168713] thermal_sys: Registered thermal governor 'fair_share'
[    0.168715] thermal_sys: Registered thermal governor 'bang_bang'
[    0.168719] thermal_sys: Registered thermal governor 'step_wise'
[    0.168721] thermal_sys: Registered thermal governor 'user_space'
[    0.168730] EISA bus registered
[    0.168746] cpuidle: using governor ladder
[    0.168746] cpuidle: using governor menu
[    0.168746] Simple Boot Flag at 0x44 set to 0x1
[    0.168746] ACPI FADT declares the system doesn't support PCIe ASPM, so disable it
[    0.168746] ACPI: bus type PCI registered
[    0.168746] acpiphp: ACPI Hot Plug PCI Controller Driver version: 0.5
[    0.168746] PCI: MMCONFIG for domain 0000 [bus 00-ff] at [mem 0xe0000000-0xefffffff] (base 0xe0000000)
[    0.168746] PCI: MMCONFIG at [mem 0xe0000000-0xefffffff] reserved in E820
[    0.168948] PCI: Using configuration type 1 for base access
[    0.170867] Kprobes globally optimized
[    0.170874] HugeTLB registered 1.00 GiB page size, pre-allocated 0 pages
[    0.170874] HugeTLB registered 2.00 MiB page size, pre-allocated 0 pages
[    0.172671] fbcon: Taking over console
[    0.172691] ACPI: Added _OSI(Module Device)
[    0.172694] ACPI: Added _OSI(Processor Device)
[    0.172696] ACPI: Added _OSI(3.0 _SCP Extensions)
[    0.172698] ACPI: Added _OSI(Processor Aggregator Device)
[    0.172701] ACPI: Added _OSI(Linux-Dell-Video)
[    0.172703] ACPI: Added _OSI(Linux-Lenovo-NV-HDMI-Audio)
[    0.172706] ACPI: Added _OSI(Linux-HPI-Hybrid-Graphics)
[    0.217695] ACPI: 10 ACPI AML tables successfully acquired and loaded
[    0.220607] ACPI: [Firmware Bug]: BIOS _OSI(Linux) query ignored
[    0.225933] ACPI: Dynamic OEM Table Load:
[    0.225950] ACPI: SSDT 0xFFFF8F4BC1442800 0005AC (v02 PmRef  Cpu0Ist  00003000 INTL 20160527)
[    0.227540] ACPI: \_PR_.CPU0: _OSC native thermal LVT Acked
[    0.228969] ACPI: Dynamic OEM Table Load:
[    0.228982] ACPI: SSDT 0xFFFF8F4BC0DD1C00 0003FF (v02 PmRef  Cpu0Cst  00003001 INTL 20160527)
[    0.230988] ACPI: Dynamic OEM Table Load:
[    0.231001] ACPI: SSDT 0xFFFF8F4BC1446800 00065C (v02 PmRef  ApIst    00003000 INTL 20160527)
[    0.232934] ACPI: Dynamic OEM Table Load:
[    0.232945] ACPI: SSDT 0xFFFF8F4BC0CF7E00 000197 (v02 PmRef  ApHwp    00003000 INTL 20160527)
[    0.234433] ACPI: Dynamic OEM Table Load:
[    0.234445] ACPI: SSDT 0xFFFF8F4BC1470200 00018A (v02 PmRef  ApCst    00003000 INTL 20160527)
[    0.237666] ACPI: EC: EC started
[    0.237670] ACPI: EC: interrupt blocked
[    0.238001] ACPI: EC: EC_CMD/EC_SC=0x66, EC_DATA=0x62
[    0.238006] ACPI: \_SB_.PCI0.LPCB.EC0_: Boot DSDT EC used to handle transactions
[    0.238010] ACPI: Interpreter enabled
[    0.238072] ACPI: (supports S0 S3 S4 S5)
[    0.238075] ACPI: Using IOAPIC for interrupt routing
[    0.238130] PCI: Using host bridge windows from ACPI; if necessary, use "pci=nocrs" and report a bug
[    0.238914] ACPI: Enabled 6 GPEs in block 00 to 7F
[    0.246303] ACPI: PM: Power Resource [WRST] (on)
[    0.246810] ACPI: PM: Power Resource [WRST] (on)
[    0.247313] ACPI: PM: Power Resource [WRST] (on)
[    0.247812] ACPI: PM: Power Resource [WRST] (on)
[    0.248316] ACPI: PM: Power Resource [WRST] (on)
[    0.248818] ACPI: PM: Power Resource [WRST] (on)
[    0.249319] ACPI: PM: Power Resource [WRST] (on)
[    0.249824] ACPI: PM: Power Resource [WRST] (on)
[    0.250330] ACPI: PM: Power Resource [WRST] (on)
[    0.250848] ACPI: PM: Power Resource [WRST] (on)
[    0.251355] ACPI: PM: Power Resource [WRST] (on)
[    0.251855] ACPI: PM: Power Resource [WRST] (on)
[    0.252337] ACPI: PM: Power Resource [WRST] (on)
[    0.252818] ACPI: PM: Power Resource [WRST] (on)
[    0.253301] ACPI: PM: Power Resource [WRST] (on)
[    0.253786] ACPI: PM: Power Resource [WRST] (on)
[    0.254266] ACPI: PM: Power Resource [WRST] (on)
[    0.254748] ACPI: PM: Power Resource [WRST] (on)
[    0.255230] ACPI: PM: Power Resource [WRST] (on)
[    0.255711] ACPI: PM: Power Resource [WRST] (on)
[    0.267625] ACPI: PCI Root Bridge [PCI0] (domain 0000 [bus 00-fe])
[    0.267637] acpi PNP0A08:00: _OSC: OS supports [ExtendedConfig ASPM ClockPM Segments MSI HPX-Type3]
[    0.271383] acpi PNP0A08:00: _OSC: OS now controls [PCIeHotplug SHPCHotplug PME AER PCIeCapability LTR]
[    0.271389] acpi PNP0A08:00: FADT indicates ASPM is unsupported, using BIOS configuration
[    0.274224] PCI host bridge to bus 0000:00
[    0.274228] pci_bus 0000:00: root bus resource [io  0x0000-0x0cf7 window]
[    0.274233] pci_bus 0000:00: root bus resource [io  0x0d00-0xffff window]
[    0.274237] pci_bus 0000:00: root bus resource [mem 0x000a0000-0x000bffff window]
[    0.274240] pci_bus 0000:00: root bus resource [mem 0x000c0000-0x000c3fff window]
[    0.274244] pci_bus 0000:00: root bus resource [mem 0x000c4000-0x000c7fff window]
[    0.274247] pci_bus 0000:00: root bus resource [mem 0x000c8000-0x000cbfff window]
[    0.274250] pci_bus 0000:00: root bus resource [mem 0x000cc000-0x000cffff window]
[    0.274254] pci_bus 0000:00: root bus resource [mem 0x000d0000-0x000d3fff window]
[    0.274257] pci_bus 0000:00: root bus resource [mem 0x000d4000-0x000d7fff window]
[    0.274261] pci_bus 0000:00: root bus resource [mem 0x000d8000-0x000dbfff window]
[    0.274264] pci_bus 0000:00: root bus resource [mem 0x000dc000-0x000dffff window]
[    0.274267] pci_bus 0000:00: root bus resource [mem 0x8b000000-0xdfffffff window]
[    0.274271] pci_bus 0000:00: root bus resource [mem 0xfd000000-0xfe7fffff window]
[    0.274274] pci_bus 0000:00: root bus resource [bus 00-fe]
[    0.274291] pci 0000:00:00.0: [8086:1904] type 00 class 0x060000
[    0.275426] pci 0000:00:02.0: [8086:1921] type 00 class 0x030000
[    0.275440] pci 0000:00:02.0: reg 0x10: [mem 0xa0000000-0xa0ffffff 64bit]
[    0.275449] pci 0000:00:02.0: reg 0x18: [mem 0x90000000-0x9fffffff 64bit pref]
[    0.275456] pci 0000:00:02.0: reg 0x20: [io  0x4000-0x403f]
[    0.275477] pci 0000:00:02.0: BAR 2: assigned to efifb
[    0.276697] pci 0000:00:14.0: [8086:9d2f] type 00 class 0x0c0330
[    0.276721] pci 0000:00:14.0: reg 0x10: [mem 0xa1380000-0xa138ffff 64bit]
[    0.276799] pci 0000:00:14.0: PME# supported from D3hot D3cold
[    0.278066] pci 0000:00:14.2: [8086:9d31] type 00 class 0x118000
[    0.278089] pci 0000:00:14.2: reg 0x10: [mem 0xa13b0000-0xa13b0fff 64bit]
[    0.279285] pci 0000:00:15.0: [8086:9d60] type 00 class 0x118000
[    0.279313] pci 0000:00:15.0: reg 0x10: [mem 0xa13b1000-0xa13b1fff 64bit]
[    0.280588] pci 0000:00:16.0: [8086:9d3a] type 00 class 0x078000
[    0.280614] pci 0000:00:16.0: reg 0x10: [mem 0xa13b2000-0xa13b2fff 64bit]
[    0.280698] pci 0000:00:16.0: PME# supported from D3hot
[    0.281886] pci 0000:00:17.0: [8086:282a] type 00 class 0x010400
[    0.281905] pci 0000:00:17.0: reg 0x10: [mem 0xa13a0000-0xa13a7fff]
[    0.281916] pci 0000:00:17.0: reg 0x14: [mem 0xa13b4000-0xa13b40ff]
[    0.281926] pci 0000:00:17.0: reg 0x18: [io  0x4080-0x4087]
[    0.281937] pci 0000:00:17.0: reg 0x1c: [io  0x4088-0x408b]
[    0.281947] pci 0000:00:17.0: reg 0x20: [io  0x4060-0x407f]
[    0.281957] pci 0000:00:17.0: reg 0x24: [mem 0xa1300000-0xa137ffff]
[    0.282006] pci 0000:00:17.0: PME# supported from D3hot
[    0.283200] pci 0000:00:1c.0: [8086:9d14] type 01 class 0x060400
[    0.283289] pci 0000:00:1c.0: PME# supported from D0 D3hot D3cold
[    0.284541] pci 0000:00:1c.5: [8086:9d15] type 01 class 0x060400
[    0.284630] pci 0000:00:1c.5: PME# supported from D0 D3hot D3cold
[    0.285871] pci 0000:00:1f.0: [8086:9d48] type 00 class 0x060100
[    0.287148] pci 0000:00:1f.2: [8086:9d21] type 00 class 0x058000
[    0.287168] pci 0000:00:1f.2: reg 0x10: [mem 0xa13ac000-0xa13affff]
[    0.288388] pci 0000:00:1f.3: [8086:9d70] type 00 class 0x040300
[    0.288417] pci 0000:00:1f.3: reg 0x10: [mem 0xa13a8000-0xa13abfff 64bit]
[    0.288456] pci 0000:00:1f.3: reg 0x20: [mem 0xa1390000-0xa139ffff 64bit]
[    0.288513] pci 0000:00:1f.3: PME# supported from D3hot D3cold
[    0.289773] pci 0000:00:1f.4: [8086:9d23] type 00 class 0x0c0500
[    0.289833] pci 0000:00:1f.4: reg 0x10: [mem 0xa13b3000-0xa13b30ff 64bit]
[    0.289905] pci 0000:00:1f.4: reg 0x20: [io  0x4040-0x405f]
[    0.291208] pci 0000:01:00.0: [10ec:8168] type 00 class 0x020000
[    0.291234] pci 0000:01:00.0: reg 0x10: [io  0x3000-0x30ff]
[    0.291265] pci 0000:01:00.0: reg 0x18: [mem 0xa1204000-0xa1204fff 64bit]
[    0.291285] pci 0000:01:00.0: reg 0x20: [mem 0xa1200000-0xa1203fff 64bit]
[    0.291405] pci 0000:01:00.0: supports D1 D2
[    0.291408] pci 0000:01:00.0: PME# supported from D0 D1 D2 D3hot D3cold
[    0.291573] pci 0000:00:1c.0: PCI bridge to [bus 01]
[    0.291579] pci 0000:00:1c.0:   bridge window [io  0x3000-0x3fff]
[    0.291584] pci 0000:00:1c.0:   bridge window [mem 0xa1200000-0xa12fffff]
[    0.291730] pci 0000:02:00.0: [168c:0042] type 00 class 0x028000
[    0.291782] pci 0000:02:00.0: reg 0x10: [mem 0xa1000000-0xa11fffff 64bit]
[    0.292056] pci 0000:02:00.0: PME# supported from D0 D3hot D3cold
[    0.292334] pci 0000:00:1c.5: PCI bridge to [bus 02]
[    0.292341] pci 0000:00:1c.5:   bridge window [mem 0xa1000000-0xa11fffff]
[    0.295527] ACPI: PCI: Interrupt link LNKA configured for IRQ 11
[    0.295610] ACPI: PCI: Interrupt link LNKB configured for IRQ 10
[    0.295689] ACPI: PCI: Interrupt link LNKC configured for IRQ 11
[    0.295767] ACPI: PCI: Interrupt link LNKD configured for IRQ 11
[    0.295846] ACPI: PCI: Interrupt link LNKE configured for IRQ 11
[    0.295924] ACPI: PCI: Interrupt link LNKF configured for IRQ 11
[    0.296002] ACPI: PCI: Interrupt link LNKG configured for IRQ 11
[    0.296080] ACPI: PCI: Interrupt link LNKH configured for IRQ 11
[    0.296521] platform MSFT0101:00: failed to claim resource 1: [mem 0xfed40000-0xfed40fff]
[    0.296529] acpi MSFT0101:00: platform device creation failed: -16
[    0.296701] acpi LNXPOWER:13: Turning OFF
[    0.296748] acpi LNXPOWER:12: Turning OFF
[    0.296792] acpi LNXPOWER:11: Turning OFF
[    0.296835] acpi LNXPOWER:10: Turning OFF
[    0.296878] acpi LNXPOWER:0f: Turning OFF
[    0.296922] acpi LNXPOWER:0e: Turning OFF
[    0.296965] acpi LNXPOWER:0d: Turning OFF
[    0.297009] acpi LNXPOWER:0c: Turning OFF
[    0.297052] acpi LNXPOWER:0b: Turning OFF
[    0.297096] acpi LNXPOWER:0a: Turning OFF
[    0.297139] acpi LNXPOWER:09: Turning OFF
[    0.297182] acpi LNXPOWER:08: Turning OFF
[    0.297225] acpi LNXPOWER:07: Turning OFF
[    0.297269] acpi LNXPOWER:06: Turning OFF
[    0.297312] acpi LNXPOWER:05: Turning OFF
[    0.297355] acpi LNXPOWER:04: Turning OFF
[    0.297398] acpi LNXPOWER:03: Turning OFF
[    0.297442] acpi LNXPOWER:02: Turning OFF
[    0.297485] acpi LNXPOWER:01: Turning OFF
[    0.297528] acpi LNXPOWER:00: Turning OFF
[    0.297631] ACPI: EC: interrupt unblocked
[    0.297635] ACPI: EC: event unblocked
[    0.297647] ACPI: EC: EC_CMD/EC_SC=0x66, EC_DATA=0x62
[    0.297650] ACPI: EC: GPE=0x4f
[    0.297652] ACPI: \_SB_.PCI0.LPCB.EC0_: Boot DSDT EC initialization complete
[    0.297656] ACPI: \_SB_.PCI0.LPCB.EC0_: EC: Used to handle transactions and events
[    0.297733] iommu: Default domain type: Translated 
[    0.297733] pci 0000:00:02.0: vgaarb: setting as boot VGA device
[    0.297733] pci 0000:00:02.0: vgaarb: VGA device added: decodes=io+mem,owns=io+mem,locks=none
[    0.297733] pci 0000:00:02.0: vgaarb: bridge control possible
[    0.297733] vgaarb: loaded
[    0.297733] SCSI subsystem initialized
[    0.297733] libata version 3.00 loaded.
[    0.297733] ACPI: bus type USB registered
[    0.297733] usbcore: registered new interface driver usbfs
[    0.297733] usbcore: registered new interface driver hub
[    0.297733] usbcore: registered new device driver usb
[    0.297733] pps_core: LinuxPPS API ver. 1 registered
[    0.297733] pps_core: Software ver. 5.3.6 - Copyright 2005-2007 Rodolfo Giometti <giometti@linux.it>
[    0.297733] PTP clock support registered
[    0.297733] EDAC MC: Ver: 3.0.0
[    0.297733] Registered efivars operations
[    0.297733] NetLabel: Initializing
[    0.297733] NetLabel:  domain hash size = 128
[    0.297733] NetLabel:  protocols = UNLABELED CIPSOv4 CALIPSO
[    0.297733] NetLabel:  unlabeled traffic allowed by default
[    0.297733] PCI: Using ACPI for IRQ routing
[    0.326058] PCI: pci_cache_line_size set to 64 bytes
[    0.326157] e820: reserve RAM buffer [mem 0x00058000-0x0005ffff]
[    0.326159] e820: reserve RAM buffer [mem 0x0009e000-0x0009ffff]
[    0.326160] e820: reserve RAM buffer [mem 0x663a7018-0x67ffffff]
[    0.326163] e820: reserve RAM buffer [mem 0x663b6018-0x67ffffff]
[    0.326164] e820: reserve RAM buffer [mem 0x663d4018-0x67ffffff]
[    0.326165] e820: reserve RAM buffer [mem 0x66958000-0x67ffffff]
[    0.326167] e820: reserve RAM buffer [mem 0x68388000-0x6bffffff]
[    0.326168] e820: reserve RAM buffer [mem 0x6f6bb000-0x6fffffff]
[    0.326169] e820: reserve RAM buffer [mem 0x7ee9e000-0x7fffffff]
[    0.326171] e820: reserve RAM buffer [mem 0x7ffff000-0x7fffffff]
[    0.326176] hpet0: at MMIO 0xfed00000, IRQs 2, 8, 0, 0, 0, 0, 0, 0
[    0.326176] hpet0: 8 comparators, 64-bit 24.000000 MHz counter
[    0.328623] clocksource: Switched to clocksource tsc-early
[    0.337889] VFS: Disk quotas dquot_6.6.0
[    0.337915] VFS: Dquot-cache hash table entries: 512 (order 0, 4096 bytes)
[    0.338083] AppArmor: AppArmor Filesystem Enabled
[    0.338125] pnp: PnP ACPI init
[    0.338356] system 00:00: [mem 0xfd000000-0xfdabffff] has been reserved
[    0.338365] system 00:00: [mem 0xfdad0000-0xfdadffff] has been reserved
[    0.338371] system 00:00: [mem 0xfdb00000-0xfdffffff] has been reserved
[    0.338378] system 00:00: [mem 0xfe000000-0xfe01ffff] has been reserved
[    0.338384] system 00:00: [mem 0xfe036000-0xfe03bfff] has been reserved
[    0.338390] system 00:00: [mem 0xfe03d000-0xfe3fffff] has been reserved
[    0.338396] system 00:00: [mem 0xfe410000-0xfe7fffff] has been reserved
[    0.338409] system 00:00: Plug and Play ACPI device, IDs PNP0c02 (active)
[    0.339004] system 00:01: [io  0x2000-0x20fe] has been reserved
[    0.339017] system 00:01: Plug and Play ACPI device, IDs PNP0c02 (active)
[    0.339419] system 00:02: [io  0x0680-0x069f] has been reserved
[    0.339427] system 00:02: [io  0xffff] has been reserved
[    0.339433] system 00:02: [io  0xffff] has been reserved
[    0.339438] system 00:02: [io  0xffff] has been reserved
[    0.339444] system 00:02: [io  0x1800-0x18fe] has been reserved
[    0.339450] system 00:02: [io  0x164e-0x164f] has been reserved
[    0.339460] system 00:02: Plug and Play ACPI device, IDs PNP0c02 (active)
[    0.339641] pnp 00:03: Plug and Play ACPI device, IDs PNP0b00 (active)
[    0.339717] system 00:04: [io  0x1854-0x1857] has been reserved
[    0.339729] system 00:04: Plug and Play ACPI device, IDs INT3f0d PNP0c02 (active)
[    0.339797] pnp 00:05: Plug and Play ACPI device, IDs PNP0303 (active)
[    0.342255] system 00:06: [mem 0xfe029000-0xfe029fff] has been reserved
[    0.342264] system 00:06: [mem 0xfe028000-0xfe028fff] has been reserved
[    0.342275] system 00:06: Plug and Play ACPI device, IDs PNP0c02 (active)
[    0.343375] system 00:07: [mem 0xfed10000-0xfed17fff] has been reserved
[    0.343383] system 00:07: [mem 0xfed18000-0xfed18fff] has been reserved
[    0.343390] system 00:07: [mem 0xfed19000-0xfed19fff] has been reserved
[    0.343396] system 00:07: [mem 0xe0000000-0xefffffff] has been reserved
[    0.343402] system 00:07: [mem 0xfed20000-0xfed3ffff] has been reserved
[    0.343408] system 00:07: [mem 0xfed90000-0xfed93fff] could not be reserved
[    0.343415] system 00:07: [mem 0xfed45000-0xfed8ffff] could not be reserved
[    0.343421] system 00:07: [mem 0xff000000-0xffffffff] could not be reserved
[    0.343428] system 00:07: [mem 0xfee00000-0xfeefffff] could not be reserved
[    0.343434] system 00:07: [mem 0x8b000000-0x8b01ffff] has been reserved
[    0.343445] system 00:07: Plug and Play ACPI device, IDs PNP0c02 (active)
[    0.344109] pnp: PnP ACPI: found 8 devices
[    0.350542] clocksource: acpi_pm: mask: 0xffffff max_cycles: 0xffffff, max_idle_ns: 2085701024 ns
[    0.350619] NET: Registered protocol family 2
[    0.350785] IP idents hash table entries: 262144 (order: 9, 2097152 bytes, linear)
[    0.353113] tcp_listen_portaddr_hash hash table entries: 16384 (order: 6, 262144 bytes, linear)
[    0.353313] TCP established hash table entries: 262144 (order: 9, 2097152 bytes, linear)
[    0.353666] TCP bind hash table entries: 65536 (order: 8, 1048576 bytes, linear)
[    0.353757] TCP: Hash tables configured (established 262144 bind 65536)
[    0.353825] UDP hash table entries: 16384 (order: 7, 524288 bytes, linear)
[    0.353925] UDP-Lite hash table entries: 16384 (order: 7, 524288 bytes, linear)
[    0.354035] NET: Registered protocol family 1
[    0.354041] NET: Registered protocol family 44
[    0.354054] pci 0000:00:1c.0: PCI bridge to [bus 01]
[    0.354061] pci 0000:00:1c.0:   bridge window [io  0x3000-0x3fff]
[    0.354068] pci 0000:00:1c.0:   bridge window [mem 0xa1200000-0xa12fffff]
[    0.354078] pci 0000:00:1c.5: PCI bridge to [bus 02]
[    0.354083] pci 0000:00:1c.5:   bridge window [mem 0xa1000000-0xa11fffff]
[    0.354092] pci_bus 0000:00: resource 4 [io  0x0000-0x0cf7 window]
[    0.354096] pci_bus 0000:00: resource 5 [io  0x0d00-0xffff window]
[    0.354099] pci_bus 0000:00: resource 6 [mem 0x000a0000-0x000bffff window]
[    0.354102] pci_bus 0000:00: resource 7 [mem 0x000c0000-0x000c3fff window]
[    0.354105] pci_bus 0000:00: resource 8 [mem 0x000c4000-0x000c7fff window]
[    0.354108] pci_bus 0000:00: resource 9 [mem 0x000c8000-0x000cbfff window]
[    0.354112] pci_bus 0000:00: resource 10 [mem 0x000cc000-0x000cffff window]
[    0.354115] pci_bus 0000:00: resource 11 [mem 0x000d0000-0x000d3fff window]
[    0.354118] pci_bus 0000:00: resource 12 [mem 0x000d4000-0x000d7fff window]
[    0.354121] pci_bus 0000:00: resource 13 [mem 0x000d8000-0x000dbfff window]
[    0.354124] pci_bus 0000:00: resource 14 [mem 0x000dc000-0x000dffff window]
[    0.354128] pci_bus 0000:00: resource 15 [mem 0x8b000000-0xdfffffff window]
[    0.354131] pci_bus 0000:00: resource 16 [mem 0xfd000000-0xfe7fffff window]
[    0.354134] pci_bus 0000:01: resource 0 [io  0x3000-0x3fff]
[    0.354137] pci_bus 0000:01: resource 1 [mem 0xa1200000-0xa12fffff]
[    0.354141] pci_bus 0000:02: resource 1 [mem 0xa1000000-0xa11fffff]
[    0.354324] pci 0000:00:02.0: Video device with shadowed ROM at [mem 0x000c0000-0x000dffff]
[    0.355955] PCI: CLS 64 bytes, default 64
[    0.355984] DMAR: ACPI device "device:6f" under DMAR at fed91000 as 00:15.0
[    0.356003] PCI-DMA: Using software bounce buffering for IO (SWIOTLB)
[    0.356007] software IO TLB: mapped [mem 0x000000007a8f6000-0x000000007e8f6000] (64MB)
[    0.356023] Unpacking initramfs...
[    0.356934] Initialise system trusted keyrings
[    0.356955] Key type blacklist registered
[    0.356993] workingset: timestamp_bits=36 max_order=23 bucket_order=0
[    0.359362] zbud: loaded
[    0.359903] squashfs: version 4.0 (2009/01/31) Phillip Lougher
[    0.360141] fuse: init (API version 7.33)
[    0.360347] integrity: Platform Keyring initialized
[    0.371597] Key type asymmetric registered
[    0.371607] Asymmetric key parser 'x509' registered
[    0.371625] Block layer SCSI generic (bsg) driver version 0.4 loaded (major 245)
[    0.371667] io scheduler mq-deadline registered
[    0.372207] pcieport 0000:00:1c.0: PME: Signaling with IRQ 122
[    0.372566] pcieport 0000:00:1c.5: PME: Signaling with IRQ 123
[    0.372706] shpchp: Standard Hot Plug PCI Controller Driver version: 0.4
[    0.372796] efifb: probing for efifb
[    0.372826] efifb: framebuffer at 0x90000000, using 4128k, total 4128k
[    0.372831] efifb: mode is 1366x768x32, linelength=5504, pages=1
[    0.372837] efifb: scrolling: redraw
[    0.372840] efifb: Truecolor: size=8:8:8:8, shift=24:16:8:0
[    0.372969] Console: switching to colour frame buffer device 170x48
[    0.377300] fb0: EFI VGA frame buffer device
[    0.379635] ACPI: AC: AC Adapter [ADP0] (off-line)
[    0.379737] input: Lid Switch as /devices/LNXSYSTM:00/LNXSYBUS:00/PNP0C0D:00/input/input0
[    0.379789] ACPI: button: Lid Switch [LID0]
[    0.379840] input: Power Button as /devices/LNXSYSTM:00/LNXSYBUS:00/PNP0C0C:00/input/input1
[    0.379888] ACPI: button: Power Button [PWRB]
[    0.380011] ACPI BIOS Error (bug): Could not resolve symbol [\_PR.CPU0._CPC], AE_NOT_FOUND (20210105/psargs-330)

[    0.380065] No Local Variables are initialized for Method [_CPC]

[    0.380098] No Arguments are initialized for method [_CPC]

[    0.380128] ACPI Error: Aborting method \_PR.CPU1._CPC due to previous error (AE_NOT_FOUND) (20210105/psparse-529)
[    0.380241] ACPI BIOS Error (bug): Could not resolve symbol [\_PR.CPU0._CPC], AE_NOT_FOUND (20210105/psargs-330)

[    0.380293] No Local Variables are initialized for Method [_CPC]

[    0.380324] No Arguments are initialized for method [_CPC]

[    0.380357] ACPI Error: Aborting method \_PR.CPU2._CPC due to previous error (AE_NOT_FOUND) (20210105/psparse-529)
[    0.380455] ACPI BIOS Error (bug): Could not resolve symbol [\_PR.CPU0._CPC], AE_NOT_FOUND (20210105/psargs-330)

[    0.380506] No Local Variables are initialized for Method [_CPC]

[    0.382306] No Arguments are initialized for method [_CPC]

[    0.384032] ACPI Error: Aborting method \_PR.CPU3._CPC due to previous error (AE_NOT_FOUND) (20210105/psparse-529)
[    0.385326] Serial: 8250/16550 driver, 32 ports, IRQ sharing enabled
[    0.388553] Linux agpgart interface v0.103
[    0.389773] tpm_crb MSFT0101:00: [Firmware Bug]: Bad ACPI memory layout
[    0.410665] Initramfs unpacking failed: Decoding failed
[    0.414114] Freeing initrd memory: 21824K
[    0.436156] loop: module loaded
[    0.437388] libphy: Fixed MDIO Bus: probed
[    0.438289] tun: Universal TUN/TAP device driver, 1.6
[    0.439265] PPP generic driver version 2.4.2
[    0.440289] VFIO - User Level meta-driver version: 0.3
[    0.441299] ehci_hcd: USB 2.0 'Enhanced' Host Controller (EHCI) Driver
[    0.442199] ehci-pci: EHCI PCI platform driver
[    0.443098] ehci-platform: EHCI generic platform driver
[    0.444013] ohci_hcd: USB 1.1 'Open' Host Controller (OHCI) Driver
[    0.444926] ohci-pci: OHCI PCI platform driver
[    0.445834] ohci-platform: OHCI generic platform driver
[    0.446735] uhci_hcd: USB Universal Host Controller Interface driver
[    0.447852] xhci_hcd 0000:00:14.0: xHCI Host Controller
[    0.448770] xhci_hcd 0000:00:14.0: new USB bus registered, assigned bus number 1
[    0.450755] xhci_hcd 0000:00:14.0: hcc params 0x200077c1 hci version 0x100 quirks 0x0000000081109810
[    0.452090] usb usb1: New USB device found, idVendor=1d6b, idProduct=0002, bcdDevice= 5.12
[    0.453032] usb usb1: New USB device strings: Mfr=3, Product=2, SerialNumber=1
[    0.453961] usb usb1: Product: xHCI Host Controller
[    0.454873] usb usb1: Manufacturer: Linux 5.12.0-rc6-next-20210407 xhci-hcd
[    0.455789] usb usb1: SerialNumber: 0000:00:14.0
[    0.456808] hub 1-0:1.0: USB hub found
[    0.457709] hub 1-0:1.0: 12 ports detected
[    0.459119] xhci_hcd 0000:00:14.0: xHCI Host Controller
[    0.459985] xhci_hcd 0000:00:14.0: new USB bus registered, assigned bus number 2
[    0.460853] xhci_hcd 0000:00:14.0: Host supports USB 3.0 SuperSpeed
[    0.461743] usb usb2: New USB device found, idVendor=1d6b, idProduct=0003, bcdDevice= 5.12
[    0.462611] usb usb2: New USB device strings: Mfr=3, Product=2, SerialNumber=1
[    0.463479] usb usb2: Product: xHCI Host Controller
[    0.464326] usb usb2: Manufacturer: Linux 5.12.0-rc6-next-20210407 xhci-hcd
[    0.465179] usb usb2: SerialNumber: 0000:00:14.0
[    0.466109] hub 2-0:1.0: USB hub found
[    0.466944] hub 2-0:1.0: 6 ports detected
[    0.467901] usb: port power management may be unreliable
[    0.468874] i8042: PNP: PS/2 Controller [PNP0303:PS2K] at 0x60,0x64 irq 1
[    0.469697] i8042: PNP: PS/2 appears to have AUX port disabled, if this is incorrect please boot with i8042.nopnp
[    0.474643] serio: i8042 KBD port at 0x60,0x64 irq 1
[    0.475552] mousedev: PS/2 mouse device common for all mice
[    0.476482] rtc_cmos 00:03: RTC can wake from S4
[    0.477954] rtc_cmos 00:03: registered as rtc0
[    0.478917] rtc_cmos 00:03: setting system clock to 2021-04-08T02:55:47 UTC (1617850547)
[    0.479744] rtc_cmos 00:03: alarms up to one month, y3k, 242 bytes nvram, hpet irqs
[    0.480564] i2c /dev entries driver
[    0.480803] ACPI: battery: Slot [BAT0] (battery present)
[    0.482353] device-mapper: uevent: version 1.0.3
[    0.483179] device-mapper: ioctl: 4.45.0-ioctl (2021-03-22) initialised: dm-devel@redhat.com
[    0.484015] platform eisa.0: Probing EISA bus 0
[    0.484832] platform eisa.0: EISA: Cannot allocate resource for mainboard
[    0.485649] platform eisa.0: Cannot allocate resource for EISA slot 1
[    0.486465] platform eisa.0: Cannot allocate resource for EISA slot 2
[    0.487269] platform eisa.0: Cannot allocate resource for EISA slot 3
[    0.488069] platform eisa.0: Cannot allocate resource for EISA slot 4
[    0.488887] input: AT Translated Set 2 keyboard as /devices/platform/i8042/serio0/input/input2
[    0.489679] platform eisa.0: Cannot allocate resource for EISA slot 5
[    0.490491] platform eisa.0: Cannot allocate resource for EISA slot 6
[    0.491297] platform eisa.0: Cannot allocate resource for EISA slot 7
[    0.492049] platform eisa.0: Cannot allocate resource for EISA slot 8
[    0.492795] platform eisa.0: EISA: Detected 0 cards
[    0.493526] intel_pstate: Intel P-state driver initializing
[    0.494563] intel_pstate: HWP enabled
[    0.495364] ledtrig-cpu: registered to indicate activity on CPUs
[    0.496108] EFI Variables Facility v0.08 2004-May-17
[    0.555173] intel_pmc_core intel_pmc_core.0:  initialized
[    0.555945] drop_monitor: Initializing network drop monitor service
[    0.556853] NET: Registered protocol family 10
[    0.565316] Segment Routing with IPv6
[    0.566064] NET: Registered protocol family 17
[    0.566851] Key type dns_resolver registered
[    0.568071] microcode: sig=0x406e3, pf=0x40, revision=0xe2
[    0.568995] microcode: Microcode Update Driver: v2.2.
[    0.569000] IPI shorthand broadcast: enabled
[    0.570439] sched_clock: Marking stable (567957662, 994795)->(574218116, -5265659)
[    0.571333] registered taskstats version 1
[    0.572067] Loading compiled-in X.509 certificates
[    0.573733] Loaded X.509 cert 'Build time autogenerated kernel key: 4b90feb85f99167ba287bd42fd73fbc2cb66e770'
[    0.574607] zswap: loaded using pool lzo/zbud
[    0.575470] Key type ._fscrypt registered
[    0.576216] Key type .fscrypt registered
[    0.576952] Key type fscrypt-provisioning registered
[    0.577726] Key type trusted registered
[    0.581843] Key type encrypted registered
[    0.582574] AppArmor: AppArmor sha1 policy hashing enabled
[    0.585660] integrity: Loading X.509 certificate: UEFI:db
[    0.586438] integrity: Loaded X.509 cert 'Microsoft Windows Production PCA 2011: a92902398e16c49778cd90f99e4f9ae17c55af53'
[    0.587158] integrity: Loading X.509 certificate: UEFI:db
[    0.587899] integrity: Loaded X.509 cert 'Microsoft Corporation UEFI CA 2011: 13adbf4309bd82709c8cd54f316ed522988a1bd4'
[    0.588654] integrity: Loading X.509 certificate: UEFI:db
[    0.589440] integrity: Loaded X.509 cert '4W320-14IKB: 8dcee6331cb26082429338acdf6278f7'
[    0.590217] integrity: Loading X.509 certificate: UEFI:db
[    0.590963] integrity: Problem loading X.509 certificate -65
[    0.591698] integrity: Error adding keys to platform keyring UEFI:db
[    0.596385] integrity: Loading X.509 certificate: UEFI:MokListRT
[    0.597201] integrity: Loaded X.509 cert 'SomeOrg: shim: a01ee84e9b37ace407961cc468c5909447878469'
[    0.597955] integrity: Loading X.509 certificate: UEFI:MokListRT
[    0.599516] integrity: Loaded X.509 cert 'Canonical Ltd. Master Certificate Authority: ad91990bc22ab1f517048c23b6655a268e345a63'
[    0.600307] Loading compiled-in module X.509 certificates
[    0.601861] Loaded X.509 cert 'Build time autogenerated kernel key: 4b90feb85f99167ba287bd42fd73fbc2cb66e770'
[    0.602675] ima: Allocated hash algorithm: sha1
[    0.721151] ima: No architecture policies found
[    0.722008] evm: Initialising EVM extended attributes:
[    0.722833] evm: security.selinux
[    0.723634] evm: security.SMACK64
[    0.724436] evm: security.SMACK64EXEC
[    0.725260] evm: security.SMACK64TRANSMUTE
[    0.726066] evm: security.SMACK64MMAP
[    0.726864] evm: security.apparmor
[    0.727651] evm: security.ima
[    0.728435] evm: security.capability
[    0.729223] evm: HMAC attrs: 0x1
[    0.731403] PM:   Magic number: 1:687:914
[    0.732196]  ep_00: hash matches
[    0.733005]  ep_00: hash matches
[    0.734142] RAS: Correctable Errors collector initialized.
[    0.736061] Freeing unused decrypted memory: 2036K
[    0.737223] Freeing unused kernel image (initmem) memory: 2716K
[    0.749148] Write protecting the kernel read-only data: 22528k
[    0.750486] Freeing unused kernel image (text/rodata gap) memory: 2036K
[    0.751543] Freeing unused kernel image (rodata/data gap) memory: 1028K
[    0.792637] usb 1-7: new full-speed USB device number 2 using xhci_hcd
[    0.832770] x86/mm: Checked W+X mappings: passed, no W+X pages found.
[    0.833524] x86/mm: Checking user space page tables
[    0.907171] x86/mm: Checked W+X mappings: passed, no W+X pages found.
[    0.907913] Run /init as init process
[    0.908639]   with arguments:
[    0.908640]     /init
[    0.908641]     recovery
[    0.908643]   with environment:
[    0.908643]     HOME=/
[    0.908644]     TERM=linux
[    0.908645]     BOOT_IMAGE=/boot/vmlinuz-5.12.0-rc6-next-20210407
[    0.908646]     earlyprink=vga
[    0.943221] usb 1-7: New USB device found, idVendor=0cf3, idProduct=e500, bcdDevice= 0.01
[    0.944780] usb 1-7: New USB device strings: Mfr=0, Product=0, SerialNumber=0
[    1.072606] usb 1-8: new high-speed USB device number 3 using xhci_hcd
[    1.100723] r8169 0000:01:00.0: can't disable ASPM; OS doesn't have ASPM control
[    1.102531] i801_smbus 0000:00:1f.4: SPD Write Disable is set
[    1.104205] i801_smbus 0000:00:1f.4: SMBus using PCI interrupt
[    1.110624] i2c i2c-0: 2/2 memory slots populated (from DMI)
[    1.115986] intel-lpss 0000:00:15.0: enabling device (0000 -> 0002)
[    1.117856] idma64 idma64.0: Found Intel integrated DMA 64-bit
[    1.119977] ahci 0000:00:17.0: version 3.0
[    1.121504] ahci 0000:00:17.0: AHCI 0001.0301 32 slots 2 ports 6 Gbps 0x3 impl RAID mode
[    1.122582] libphy: r8169: probed
[    1.122863] ahci 0000:00:17.0: flags: 64bit ncq pm led clo only pio slum part deso sadm sds apst 
[    1.124453] r8169 0000:01:00.0 eth0: RTL8168gu/8111gu, 8c:16:45:58:a1:ed, XID 509, IRQ 125
[    1.126458] r8169 0000:01:00.0 eth0: jumbo features [frames: 9194 bytes, tx checksumming: ko]
[    1.129018] r8169 0000:01:00.0 enp1s0: renamed from eth0
[    1.129060] scsi host0: ahci
[    1.131189] scsi host1: ahci
[    1.132695] ata1: SATA max UDMA/133 abar m524288@0xa1300000 port 0xa1300100 irq 126
[    1.133919] ata2: SATA max UDMA/133 abar m524288@0xa1300000 port 0xa1300180 irq 126
[    1.261560] usb 1-8: New USB device found, idVendor=04f2, idProduct=b5d8, bcdDevice=26.22
[    1.262256] usb 1-8: New USB device strings: Mfr=3, Product=1, SerialNumber=2
[    1.262940] usb 1-8: Product: EasyCamera
[    1.263619] usb 1-8: Manufacturer: Chicony Electronics Co.,Ltd.
[    1.264302] usb 1-8: SerialNumber: 0001
[    1.373066] tsc: Refined TSC clocksource calibration: 1991.999 MHz
[    1.373795] clocksource: tsc: mask: 0xffffffffffffffff max_cycles: 0x396d4ffc055, max_idle_ns: 881590662783 ns
[    1.374599] clocksource: Switched to clocksource tsc
[    1.452272] ata1: SATA link up 6.0 Gbps (SStatus 133 SControl 300)
[    1.453288] ata2: SATA link down (SStatus 4 SControl 300)
[    1.570776] ata1.00: ATA-10: ST1000LM035-1RK172, LCM2, max UDMA/100
[    1.571585] ata1.00: 1953525168 sectors, multi 16: LBA48 NCQ (depth 32), AA
[    1.623664] ata1.00: configured for UDMA/100
[    1.624652] scsi 0:0:0:0: Direct-Access     ATA      ST1000LM035-1RK1 LCM2 PQ: 0 ANSI: 5
[    1.625702] sd 0:0:0:0: Attached scsi generic sg0 type 0
[    1.625727] sd 0:0:0:0: [sda] 1953525168 512-byte logical blocks: (1.00 TB/932 GiB)
[    1.627642] sd 0:0:0:0: [sda] 4096-byte physical blocks
[    1.628492] sd 0:0:0:0: [sda] Write Protect is off
[    1.629340] sd 0:0:0:0: [sda] Mode Sense: 00 3a 00 00
[    1.629353] sd 0:0:0:0: [sda] Write cache: enabled, read cache: enabled, doesn't support DPO or FUA
[    1.710925]  sda: sda1 sda2 sda3 sda4 sda5 sda6 sda7 sda8
[    1.729217] sd 0:0:0:0: [sda] Attached SCSI disk
[    3.100159] EXT4-fs (sda6): mounted filesystem with ordered data mode. Opts: (null). Quota mode: none.
[    6.495927] systemd[1]: Inserted module 'autofs4'
[    6.952054] systemd[1]: systemd 245.4-4ubuntu3.6 running in system mode. (+PAM +AUDIT +SELINUX +IMA +APPARMOR +SMACK +SYSVINIT +UTMP +LIBCRYPTSETUP +GCRYPT +GNUTLS +ACL +XZ +LZ4 +SECCOMP +BLKID +ELFUTILS +KMOD +IDN2 -IDN +PCRE2 default-hierarchy=hybrid)
[    6.973240] systemd[1]: Detected architecture x86-64.
[    7.012712] systemd[1]: Set hostname to <ckadithya>.
[   10.160422] systemd[1]: /etc/systemd/system/teamviewerd.service:9: PIDFile= references a path below legacy directory /var/run/, updating /var/run/teamviewerd.pid  /run/teamviewerd.pid; please update the unit file accordingly.
[   11.184994] systemd[1]: Created slice system-systemd\x2dfsck.slice.
[   11.187306] systemd[1]: Set up automount Arbitrary Executable File Formats File System Automount Point.
[   11.189442] systemd[1]: Reached target Slices.
[   11.191652] systemd[1]: Listening on fsck to fsckd communication Socket.
[   11.193832] systemd[1]: Listening on initctl Compatibility Named Pipe.
[   11.196169] systemd[1]: Listening on Journal Audit Socket.
[   11.198389] systemd[1]: Listening on Journal Socket (/dev/log).
[   11.200609] systemd[1]: Listening on Journal Socket.
[   11.202807] systemd[1]: Listening on udev Control Socket.
[   11.204976] systemd[1]: Listening on udev Kernel Socket.
[   11.208151] systemd[1]: Mounting Huge Pages File System...
[   11.211461] systemd[1]: Mounting POSIX Message Queue File System...
[   11.214871] systemd[1]: Mounting Kernel Debug File System...
[   11.219007] systemd[1]: Mounting Kernel Trace File System...
[   11.223072] systemd[1]: Starting Journal Service...
[   11.233707] systemd[1]: Starting Set the console keyboard layout...
[   11.237615] systemd[1]: Starting Create list of static device nodes for the current kernel...
[   11.242172] systemd[1]: Starting Set console scheme...
[   11.292156] systemd[1]: Condition check resulted in Set Up Additional Binary Formats being skipped.
[   11.293293] systemd[1]: Condition check resulted in File System Check on Root Device being skipped.
[   11.411698] systemd[1]: Starting Load Kernel Modules...
[   11.414897] systemd[1]: Starting Remount Root and Kernel File Systems...
[   11.418106] systemd[1]: Starting udev Coldplug all Devices...
[   11.421426] systemd[1]: Started Read required files in advance.
[   11.425887] systemd[1]: Mounted Huge Pages File System.
[   11.430632] systemd[1]: Mounted POSIX Message Queue File System.
[   11.432768] systemd[1]: Mounted Kernel Debug File System.
[   11.434801] systemd[1]: Mounted Kernel Trace File System.
[   11.437407] systemd[1]: Finished Create list of static device nodes for the current kernel.
[   11.440022] systemd[1]: Finished Set console scheme.
[   11.547297] systemd[1]: Finished Set the console keyboard layout.
[   11.735671] EXT4-fs (sda6): re-mounted. Opts: errors=remount-ro. Quota mode: none.
[   11.738722] systemd[1]: Finished Remount Root and Kernel File Systems.
[   11.822806] systemd[1]: Condition check resulted in Rebuild Hardware Database being skipped.
[   11.823844] systemd[1]: Condition check resulted in Platform Persistent Storage Archival being skipped.
[   11.825938] systemd[1]: Starting Load/Save Random Seed...
[   11.829087] systemd[1]: Starting Create System Users...
[   11.831357] systemd[1]: Started Journal Service.
[   11.987615] lp: driver loaded but no devices found
[   12.024407] systemd-journald[260]: Received client request to flush runtime journal.
[   12.080342] ppdev: user-space parallel port driver
[   17.424700] input: Ideapad extra buttons as /devices/pci0000:00/0000:00:1f.0/PNP0C09:00/VPC2004:00/input/input3
[   17.424757] ideapad_acpi VPC2004:00: Keyboard backlight control not available
[   17.483841] ideapad_acpi VPC2004:00: DYTC interface is not available
[   17.497823] RAPL PMU: API unit is 2^-32 Joules, 5 fixed counters, 655360 ms ovfl timer
[   17.497828] RAPL PMU: hw unit of domain pp0-core 2^-14 Joules
[   17.497830] RAPL PMU: hw unit of domain package 2^-14 Joules
[   17.497832] RAPL PMU: hw unit of domain dram 2^-14 Joules
[   17.497833] RAPL PMU: hw unit of domain pp1-gpu 2^-14 Joules
[   17.497835] RAPL PMU: hw unit of domain psys 2^-14 Joules
[   17.610505] cryptd: max_cpu_qlen set to 1000
[   17.971398] AVX2 version of gcm_enc/dec engaged.
[   17.971438] AES CTR mode by8 optimization enabled
[   18.024246] mei_me 0000:00:16.0: enabling device (0000 -> 0002)
[   19.581176] Bluetooth: Core ver 2.22
[   19.581216] NET: Registered protocol family 31
[   19.581218] Bluetooth: HCI device and connection manager initialized
[   19.581424] Bluetooth: HCI socket layer initialized
[   19.581428] Bluetooth: L2CAP socket layer initialized
[   19.581434] Bluetooth: SCO socket layer initialized
[   19.776218] mc: Linux media interface: v0.10
[   20.674794] usbcore: registered new interface driver btusb
[   20.883783] videodev: Linux video capture interface: v2.00
[   21.113825] cfg80211: Loading compiled-in X.509 certificates for regulatory database
[   21.114116] cfg80211: Loaded X.509 cert 'sforshee: 00b28ddf47aef9cea7'
[   22.198205] usb 1-8: Found UVC 1.00 device EasyCamera (04f2:b5d8)
[   22.203647] input: EasyCamera: EasyCamera as /devices/pci0000:00/0000:00:14.0/usb1/1-8/1-8:1.0/input/input4
[   22.203735] usbcore: registered new interface driver uvcvideo
[   22.418795] intel_rapl_common: Found RAPL domain package
[   22.418799] intel_rapl_common: Found RAPL domain core
[   22.418801] intel_rapl_common: Found RAPL domain uncore
[   22.418802] intel_rapl_common: Found RAPL domain dram
[   22.418803] intel_rapl_common: Found RAPL domain psys
[   26.539673] ath10k_pci 0000:02:00.0: pci irq msi oper_irq_mode 2 irq_mode 0 reset_mode 0
[   27.350665] ath10k_pci 0000:02:00.0: qca9377 hw1.1 target 0x05020001 chip_id 0x003821ff sub 17aa:0901
[   27.350672] ath10k_pci 0000:02:00.0: kconfig debug 0 debugfs 1 tracing 1 dfs 0 testmode 0
[   27.351367] ath10k_pci 0000:02:00.0: firmware ver WLAN.TF.2.1-00021-QCARMSWP-1 api 6 features wowlan,ignore-otp crc32 42e41877
[   27.764661] Adding 8000508k swap on /dev/sda7.  Priority:-2 extents:1 across:8000508k FS
[   30.021809] EXT4-fs (sda8): mounted filesystem with ordered data mode. Opts: (null). Quota mode: none.
[   30.876145] ath10k_pci 0000:02:00.0: board_file api 2 bmi_id N/A crc32 8aedfa4a
[   31.964605] ath10k_pci 0000:02:00.0: Service connect timeout
[   31.966111] ath10k_pci 0000:02:00.0: failed to connect htt (-110)
[   32.118289] ath10k_pci 0000:02:00.0: could not init core (-110)
[   32.119114] ath10k_pci 0000:02:00.0: could not probe fw (-110)
[   32.526706] audit: type=1400 audit(1617850579.543:2): apparmor="STATUS" operation="profile_replace" info="not policy admin" error=-13 profile="unconfined" pid=553 comm="apparmor_parser"
[   32.613705] audit: type=1400 audit(1617850579.631:3): apparmor="STATUS" operation="profile_replace" info="not policy admin" error=-13 profile="unconfined" pid=550 comm="apparmor_parser"
[   32.657627] audit: type=1400 audit(1617850579.675:4): apparmor="STATUS" operation="profile_replace" info="not policy admin" error=-13 profile="unconfined" pid=553 comm="apparmor_parser"
[   32.661662] audit: type=1400 audit(1617850579.679:5): apparmor="STATUS" operation="profile_replace" info="not policy admin" error=-13 profile="unconfined" pid=552 comm="apparmor_parser"
[   32.696483] audit: type=1400 audit(1617850579.711:6): apparmor="STATUS" operation="profile_replace" info="not policy admin" error=-13 profile="unconfined" pid=555 comm="apparmor_parser"
[   32.734487] audit: type=1400 audit(1617850579.751:7): apparmor="STATUS" operation="profile_replace" info="not policy admin" error=-13 profile="unconfined" pid=551 comm="apparmor_parser"
[   32.756587] audit: type=1400 audit(1617850579.771:8): apparmor="STATUS" operation="profile_replace" info="not policy admin" error=-13 profile="unconfined" pid=550 comm="apparmor_parser"
[   32.756614] audit: type=1400 audit(1617850579.771:9): apparmor="STATUS" operation="profile_replace" info="not policy admin" error=-13 profile="unconfined" pid=555 comm="apparmor_parser"
[   32.845139] audit: type=1400 audit(1617850579.863:10): apparmor="STATUS" operation="profile_replace" info="not policy admin" error=-13 profile="unconfined" pid=557 comm="apparmor_parser"
[   32.867833] audit: type=1400 audit(1617850579.883:11): apparmor="STATUS" operation="profile_replace" info="not policy admin" error=-13 profile="unconfined" pid=558 comm="apparmor_parser"
[   40.271724] kauditd_printk_skb: 23 callbacks suppressed
[   40.271728] audit: type=1400 audit(1617850587.287:35): apparmor="STATUS" operation="profile_replace" info="not policy admin" error=-13 profile="unconfined" pid=564 comm="apparmor_parser"
[   40.272434] audit: type=1400 audit(1617850587.287:36): apparmor="STATUS" operation="profile_replace" info="not policy admin" error=-13 profile="unconfined" pid=564 comm="apparmor_parser"
[   40.611641] audit: type=1400 audit(1617850587.627:37): apparmor="STATUS" operation="profile_replace" info="not policy admin" error=-13 profile="unconfined" pid=622 comm="apparmor_parser"
[   40.612224] audit: type=1400 audit(1617850587.627:38): apparmor="STATUS" operation="profile_replace" info="not policy admin" error=-13 profile="unconfined" pid=623 comm="apparmor_parser"
[   40.613831] audit: type=1400 audit(1617850587.631:39): apparmor="STATUS" operation="profile_replace" info="not policy admin" error=-13 profile="unconfined" pid=621 comm="apparmor_parser"
[   40.614289] audit: type=1400 audit(1617850587.631:40): apparmor="STATUS" operation="profile_replace" info="not policy admin" error=-13 profile="unconfined" pid=624 comm="apparmor_parser"
[   40.696753] audit: type=1400 audit(1617850587.715:41): apparmor="STATUS" operation="profile_replace" info="not policy admin" error=-13 profile="unconfined" pid=622 comm="apparmor_parser"
[   40.708642] audit: type=1400 audit(1617850587.727:42): apparmor="STATUS" operation="profile_replace" info="not policy admin" error=-13 profile="unconfined" pid=623 comm="apparmor_parser"
[   40.708895] audit: type=1400 audit(1617850587.727:43): apparmor="STATUS" operation="profile_replace" info="not policy admin" error=-13 profile="unconfined" pid=623 comm="apparmor_parser"
[   40.710270] audit: type=1400 audit(1617850587.727:44): apparmor="STATUS" operation="profile_replace" info="not policy admin" error=-13 profile="unconfined" pid=626 comm="apparmor_parser"
[   47.994033] kauditd_printk_skb: 25 callbacks suppressed
[   47.994040] audit: type=1400 audit(1617850595.011:70): apparmor="STATUS" operation="profile_replace" info="not policy admin" error=-13 profile="unconfined" pid=636 comm="apparmor_parser"
[   47.994766] audit: type=1400 audit(1617850595.011:71): apparmor="STATUS" operation="profile_replace" info="not policy admin" error=-13 profile="unconfined" pid=636 comm="apparmor_parser"
[   53.047620] Bluetooth: BNEP (Ethernet Emulation) ver 1.3
[   53.047623] Bluetooth: BNEP filters: protocol multicast
[   53.047628] Bluetooth: BNEP socket layer initialized
[   53.119569] NET: Registered protocol family 38
[   53.601167] Generic FE-GE Realtek PHY r8169-100:00: attached PHY driver (mii_bus:phy_addr=r8169-100:00, irq=MAC)
[   53.757225] r8169 0000:01:00.0 enp1s0: Link is Down
[   93.277148] snd_hda_intel 0000:00:1f.3: couldn't bind with audio component
[   93.641574] snd_hda_codec_generic hdaudioC0D0: autoconfig for Generic: line_outs=1 (0x14/0x0/0x0/0x0/0x0) type:speaker
[   93.641580] snd_hda_codec_generic hdaudioC0D0:    speaker_outs=0 (0x0/0x0/0x0/0x0/0x0)
[   93.641583] snd_hda_codec_generic hdaudioC0D0:    hp_outs=1 (0x21/0x0/0x0/0x0/0x0)
[   93.641585] snd_hda_codec_generic hdaudioC0D0:    mono: mono_out=0x0
[   93.641587] snd_hda_codec_generic hdaudioC0D0:    inputs:
[   93.641588] snd_hda_codec_generic hdaudioC0D0:      Mic=0x19
[   93.641590] snd_hda_codec_generic hdaudioC0D0:      Internal Mic=0x12
[   94.103519] snd_hda_codec_hdmi hdaudioC0D2: No i915 binding for Intel HDMI/DP codec
[   94.103997] hdaudio hdaudioC0D2: Unable to bind the codec
[   94.104370] input: HDA Intel PCH Mic as /devices/pci0000:00/0000:00:1f.3/sound/card0/input5
[   94.104485] input: HDA Intel PCH Headphone as /devices/pci0000:00/0000:00:1f.3/sound/card0/input6
[  438.665438] loop0: detected capacity change from 0 to 203184
[  438.680828] loop1: detected capacity change from 0 to 203056
[  438.706373] loop2: detected capacity change from 0 to 113592
[  438.721270] loop3: detected capacity change from 0 to 113560
[  438.721408] loop4: detected capacity change from 0 to 330576
[  438.770819] loop5: detected capacity change from 0 to 333552
[  438.797305] loop6: detected capacity change from 0 to 4440
[  438.820990] loop7: detected capacity change from 0 to 448496
[  438.840946] loop8: detected capacity change from 0 to 446248
[  438.901116] loop9: detected capacity change from 0 to 4576
[  439.337087] loop10: detected capacity change from 0 to 127160
[  439.361493] audit: type=1400 audit(1617850986.379:72): apparmor="STATUS" operation="profile_replace" info="not policy admin" error=-13 profile="unconfined" pid=1317 comm="apparmor_parser"
[  439.361573] audit: type=1400 audit(1617850986.379:73): apparmor="STATUS" operation="profile_replace" info="not policy admin" error=-13 profile="unconfined" pid=1320 comm="apparmor_parser"
[  439.362630] audit: type=1400 audit(1617850986.379:74): apparmor="STATUS" operation="profile_replace" info="not policy admin" error=-13 profile="unconfined" pid=1318 comm="apparmor_parser"
[  439.364741] loop11: detected capacity change from 0 to 132648
[  439.367017] audit: type=1400 audit(1617850986.383:75): apparmor="STATUS" operation="profile_replace" info="not policy admin" error=-13 profile="unconfined" pid=1319 comm="apparmor_parser"
[  439.436628] loop12: detected capacity change from 0 to 108296
[  439.459258] audit: type=1400 audit(1617850986.475:76): apparmor="STATUS" operation="profile_replace" info="not policy admin" error=-13 profile="unconfined" pid=1317 comm="apparmor_parser"
[  439.463740] audit: type=1400 audit(1617850986.479:77): apparmor="STATUS" operation="profile_replace" info="not policy admin" error=-13 profile="unconfined" pid=1324 comm="apparmor_parser"
[  439.494784] loop13: detected capacity change from 0 to 129104
[  439.513758] audit: type=1400 audit(1617850986.531:78): apparmor="STATUS" operation="profile_replace" info="not policy admin" error=-13 profile="unconfined" pid=1320 comm="apparmor_parser"
[  439.515972] audit: type=1400 audit(1617850986.531:79): apparmor="STATUS" operation="profile_replace" info="not policy admin" error=-13 profile="unconfined" pid=1328 comm="apparmor_parser"
[  439.527535] audit: type=1400 audit(1617850986.543:80): apparmor="STATUS" operation="profile_replace" info="not policy admin" error=-13 profile="unconfined" pid=1324 comm="apparmor_parser"
[  439.530125] audit: type=1400 audit(1617850986.547:81): apparmor="STATUS" operation="profile_replace" info="not policy admin" error=-13 profile="unconfined" pid=1329 comm="apparmor_parser"
[  447.360076] kauditd_printk_skb: 23 callbacks suppressed
[  447.360081] audit: type=1400 audit(1617850994.375:105): apparmor="STATUS" operation="profile_replace" info="not policy admin" error=-13 profile="unconfined" pid=1365 comm="apparmor_parser"
[  447.360832] audit: type=1400 audit(1617850994.379:106): apparmor="STATUS" operation="profile_replace" info="not policy admin" error=-13 profile="unconfined" pid=1365 comm="apparmor_parser"
[  447.378808] audit: type=1400 audit(1617850994.395:107): apparmor="STATUS" operation="profile_replace" info="not policy admin" error=-13 profile="unconfined" pid=1522 comm="apparmor_parser"
[  447.382559] audit: type=1400 audit(1617850994.399:108): apparmor="STATUS" operation="profile_replace" info="not policy admin" error=-13 profile="unconfined" pid=1526 comm="apparmor_parser"
[  447.385685] audit: type=1400 audit(1617850994.403:109): apparmor="STATUS" operation="profile_replace" info="not policy admin" error=-13 profile="unconfined" pid=1530 comm="apparmor_parser"
[  447.406108] audit: type=1400 audit(1617850994.423:110): apparmor="STATUS" operation="profile_replace" info="not policy admin" error=-13 profile="unconfined" pid=1542 comm="apparmor_parser"
[  447.472689] audit: type=1400 audit(1617850994.491:111): apparmor="STATUS" operation="profile_replace" info="not policy admin" error=-13 profile="unconfined" pid=1526 comm="apparmor_parser"
[  447.483991] audit: type=1400 audit(1617850994.499:112): apparmor="STATUS" operation="profile_replace" info="not policy admin" error=-13 profile="unconfined" pid=1530 comm="apparmor_parser"
[  447.484081] audit: type=1400 audit(1617850994.499:113): apparmor="STATUS" operation="profile_replace" info="not policy admin" error=-13 profile="unconfined" pid=1530 comm="apparmor_parser"
[  447.491901] audit: type=1400 audit(1617850994.507:114): apparmor="STATUS" operation="profile_replace" info="not policy admin" error=-13 profile="unconfined" pid=1556 comm="apparmor_parser"
[  455.179656] kauditd_printk_skb: 25 callbacks suppressed
[  455.179661] audit: type=1400 audit(1617851002.195:140): apparmor="STATUS" operation="profile_replace" info="not policy admin" error=-13 profile="unconfined" pid=1573 comm="apparmor_parser"
[  455.180366] audit: type=1400 audit(1617851002.195:141): apparmor="STATUS" operation="profile_replace" info="not policy admin" error=-13 profile="unconfined" pid=1573 comm="apparmor_parser"
[  455.515049] audit: type=1400 audit(1617851002.531:142): apparmor="STATUS" operation="profile_replace" info="not policy admin" error=-13 profile="unconfined" pid=1668 comm="apparmor_parser"
[  455.537849] audit: type=1400 audit(1617851002.555:143): apparmor="STATUS" operation="profile_replace" info="not policy admin" error=-13 profile="unconfined" pid=1668 comm="apparmor_parser"
[  455.696974] audit: type=1400 audit(1617851002.715:144): apparmor="STATUS" operation="profile_replace" info="not policy admin" error=-13 profile="unconfined" pid=1667 comm="apparmor_parser"
[  455.698277] audit: type=1400 audit(1617851002.715:145): apparmor="STATUS" operation="profile_replace" info="not policy admin" error=-13 profile="unconfined" pid=1669 comm="apparmor_parser"
[  455.789720] audit: type=1400 audit(1617851002.807:146): apparmor="STATUS" operation="profile_replace" info="not policy admin" error=-13 profile="unconfined" pid=1670 comm="apparmor_parser"
[  455.904243] audit: type=1400 audit(1617851002.919:147): apparmor="STATUS" operation="profile_replace" info="not policy admin" error=-13 profile="unconfined" pid=1673 comm="apparmor_parser"
[  456.106026] audit: type=1400 audit(1617851003.123:148): apparmor="STATUS" operation="profile_replace" info="not policy admin" error=-13 profile="unconfined" pid=1673 comm="apparmor_parser"
[  456.638287] audit: type=1400 audit(1617851003.655:149): apparmor="STATUS" operation="profile_replace" info="not policy admin" error=-13 profile="unconfined" pid=1667 comm="apparmor_parser"
[  456.845298] loop14: detected capacity change from 0 to 8
[  468.963195] bridge: filtering via arp/ip/ip6tables is no longer available by default. Update your scripts to load br_netfilter if you need this.
[  469.104323] Bridge firewalling registered
[  469.309760] bpfilter: Loaded bpfilter_umh pid 1797
[  469.311008] Started bpfilter
[  471.642840] Initializing XFRM netlink socket
[  477.580969] process 'docker/tmp/qemu-check840659009/check' started with executable stack
[  495.616866] rfkill: input handler disabled
[  733.490791] rfkill: input handler enabled
[  818.731243] Bluetooth: RFCOMM TTY layer initialized
[  818.731253] Bluetooth: RFCOMM socket layer initialized
[  818.731261] Bluetooth: RFCOMM ver 1.11
