[    0.000000] microcode: microcode updated early to revision 0xe2, date = 2020-07-14
[    0.000000] Linux version 5.11.0-eudyptula-00116-gfd373f81f19c (root@ckadithya) (gcc (Ubuntu 9.3.0-17ubuntu1~20.04) 9.3.0, GNU ld (GNU Binutils for Ubuntu) 2.34) #3 SMP Sat Feb 13 11:53:44 PST 2021
[    0.000000] Command line: BOOT_IMAGE=/boot/vmlinuz-5.11.0-eudyptula-00116-gfd373f81f19c root=UUID=db747fa5-b16c-4d3e-8911-a8778177263d ro earlyprink=vga quiet splash vt.handoff=7
[    0.000000] KERNEL supported cpus:
[    0.000000]   Intel GenuineIntel
[    0.000000]   AMD AuthenticAMD
[    0.000000]   Hygon HygonGenuine
[    0.000000]   Centaur CentaurHauls
[    0.000000]   zhaoxin   Shanghai  
[    0.000000] x86/fpu: Supporting XSAVE feature 0x001: 'x87 floating point registers'
[    0.000000] x86/fpu: Supporting XSAVE feature 0x002: 'SSE registers'
[    0.000000] x86/fpu: Supporting XSAVE feature 0x004: 'AVX registers'
[    0.000000] x86/fpu: Supporting XSAVE feature 0x008: 'MPX bounds registers'
[    0.000000] x86/fpu: Supporting XSAVE feature 0x010: 'MPX CSR'
[    0.000000] x86/fpu: xstate_offset[2]:  576, xstate_sizes[2]:  256
[    0.000000] x86/fpu: xstate_offset[3]:  832, xstate_sizes[3]:   64
[    0.000000] x86/fpu: xstate_offset[4]:  896, xstate_sizes[4]:   64
[    0.000000] x86/fpu: Enabled xstate features 0x1f, context size is 960 bytes, using 'compacted' format.
[    0.000000] BIOS-provided physical RAM map:
[    0.000000] BIOS-e820: [mem 0x0000000000000000-0x0000000000057fff] usable
[    0.000000] BIOS-e820: [mem 0x0000000000058000-0x0000000000058fff] reserved
[    0.000000] BIOS-e820: [mem 0x0000000000059000-0x000000000009dfff] usable
[    0.000000] BIOS-e820: [mem 0x000000000009e000-0x00000000000fffff] reserved
[    0.000000] BIOS-e820: [mem 0x0000000000100000-0x0000000066957fff] usable
[    0.000000] BIOS-e820: [mem 0x0000000066958000-0x0000000066958fff] ACPI NVS
[    0.000000] BIOS-e820: [mem 0x0000000066959000-0x0000000066959fff] reserved
[    0.000000] BIOS-e820: [mem 0x000000006695a000-0x0000000068387fff] usable
[    0.000000] BIOS-e820: [mem 0x0000000068388000-0x0000000068c87fff] reserved
[    0.000000] BIOS-e820: [mem 0x0000000068c88000-0x000000007ee9dfff] usable
[    0.000000] BIOS-e820: [mem 0x000000007ee9e000-0x000000007f88dfff] reserved
[    0.000000] BIOS-e820: [mem 0x000000007f88e000-0x000000007ff7dfff] ACPI NVS
[    0.000000] BIOS-e820: [mem 0x000000007ff7e000-0x000000007fffdfff] ACPI data
[    0.000000] BIOS-e820: [mem 0x000000007fffe000-0x000000007fffefff] usable
[    0.000000] BIOS-e820: [mem 0x000000007ffff000-0x000000008affffff] reserved
[    0.000000] BIOS-e820: [mem 0x00000000e0000000-0x00000000efffffff] reserved
[    0.000000] BIOS-e820: [mem 0x00000000fd000000-0x00000000fe7fffff] reserved
[    0.000000] BIOS-e820: [mem 0x00000000fec00000-0x00000000fec00fff] reserved
[    0.000000] BIOS-e820: [mem 0x00000000fed00000-0x00000000fed00fff] reserved
[    0.000000] BIOS-e820: [mem 0x00000000fed10000-0x00000000fed19fff] reserved
[    0.000000] BIOS-e820: [mem 0x00000000fed84000-0x00000000fed84fff] reserved
[    0.000000] BIOS-e820: [mem 0x00000000fee00000-0x00000000fee00fff] reserved
[    0.000000] BIOS-e820: [mem 0x00000000ffa10000-0x00000000ffffffff] reserved
[    0.000000] BIOS-e820: [mem 0x0000000100000000-0x0000000573ffffff] usable
[    0.000000] NX (Execute Disable) protection: active
[    0.000000] e820: update [mem 0x663d6018-0x663e6057] usable ==> usable
[    0.000000] e820: update [mem 0x663d6018-0x663e6057] usable ==> usable
[    0.000000] e820: update [mem 0x663b8018-0x663d5a57] usable ==> usable
[    0.000000] e820: update [mem 0x663b8018-0x663d5a57] usable ==> usable
[    0.000000] e820: update [mem 0x663a9018-0x663b7057] usable ==> usable
[    0.000000] e820: update [mem 0x663a9018-0x663b7057] usable ==> usable
[    0.000000] extended physical RAM map:
[    0.000000] reserve setup_data: [mem 0x0000000000000000-0x0000000000057fff] usable
[    0.000000] reserve setup_data: [mem 0x0000000000058000-0x0000000000058fff] reserved
[    0.000000] reserve setup_data: [mem 0x0000000000059000-0x000000000009dfff] usable
[    0.000000] reserve setup_data: [mem 0x000000000009e000-0x00000000000fffff] reserved
[    0.000000] reserve setup_data: [mem 0x0000000000100000-0x00000000663a9017] usable
[    0.000000] reserve setup_data: [mem 0x00000000663a9018-0x00000000663b7057] usable
[    0.000000] reserve setup_data: [mem 0x00000000663b7058-0x00000000663b8017] usable
[    0.000000] reserve setup_data: [mem 0x00000000663b8018-0x00000000663d5a57] usable
[    0.000000] reserve setup_data: [mem 0x00000000663d5a58-0x00000000663d6017] usable
[    0.000000] reserve setup_data: [mem 0x00000000663d6018-0x00000000663e6057] usable
[    0.000000] reserve setup_data: [mem 0x00000000663e6058-0x0000000066957fff] usable
[    0.000000] reserve setup_data: [mem 0x0000000066958000-0x0000000066958fff] ACPI NVS
[    0.000000] reserve setup_data: [mem 0x0000000066959000-0x0000000066959fff] reserved
[    0.000000] reserve setup_data: [mem 0x000000006695a000-0x0000000068387fff] usable
[    0.000000] reserve setup_data: [mem 0x0000000068388000-0x0000000068c87fff] reserved
[    0.000000] reserve setup_data: [mem 0x0000000068c88000-0x000000007ee9dfff] usable
[    0.000000] reserve setup_data: [mem 0x000000007ee9e000-0x000000007f88dfff] reserved
[    0.000000] reserve setup_data: [mem 0x000000007f88e000-0x000000007ff7dfff] ACPI NVS
[    0.000000] reserve setup_data: [mem 0x000000007ff7e000-0x000000007fffdfff] ACPI data
[    0.000000] reserve setup_data: [mem 0x000000007fffe000-0x000000007fffefff] usable
[    0.000000] reserve setup_data: [mem 0x000000007ffff000-0x000000008affffff] reserved
[    0.000000] reserve setup_data: [mem 0x00000000e0000000-0x00000000efffffff] reserved
[    0.000000] reserve setup_data: [mem 0x00000000fd000000-0x00000000fe7fffff] reserved
[    0.000000] reserve setup_data: [mem 0x00000000fec00000-0x00000000fec00fff] reserved
[    0.000000] reserve setup_data: [mem 0x00000000fed00000-0x00000000fed00fff] reserved
[    0.000000] reserve setup_data: [mem 0x00000000fed10000-0x00000000fed19fff] reserved
[    0.000000] reserve setup_data: [mem 0x00000000fed84000-0x00000000fed84fff] reserved
[    0.000000] reserve setup_data: [mem 0x00000000fee00000-0x00000000fee00fff] reserved
[    0.000000] reserve setup_data: [mem 0x00000000ffa10000-0x00000000ffffffff] reserved
[    0.000000] reserve setup_data: [mem 0x0000000100000000-0x0000000573ffffff] usable
[    0.000000] efi: EFI v2.50 by INSYDE Corp.
[    0.000000] efi: ACPI 2.0=0x7fffd014 SMBIOS=0x7f102000 SMBIOS 3.0=0x7f100000 ESRT=0x7f103918 MEMATTR=0x6f73c018 RNG=0x7f0fe958 TPMEventLog=0x68c94018 
[    0.000000] efi: seeding entropy pool
[    0.000000] random: fast init done
[    0.000000] [Firmware Bug]: TPM Final Events table missing or invalid
[    0.000000] SMBIOS 3.0.0 present.
[    0.000000] DMI: LENOVO 80XG/LNVNB161216, BIOS 4WCN47WW 06/30/2020
[    0.000000] tsc: Detected 2000.000 MHz processor
[    0.000000] tsc: Detected 1999.968 MHz TSC
[    0.000563] e820: update [mem 0x00000000-0x00000fff] usable ==> reserved
[    0.000567] e820: remove [mem 0x000a0000-0x000fffff] usable
[    0.000578] last_pfn = 0x574000 max_arch_pfn = 0x400000000
[    0.000583] MTRR default type: write-back
[    0.000585] MTRR fixed ranges enabled:
[    0.000587]   00000-9FFFF write-back
[    0.000589]   A0000-BFFFF uncachable
[    0.000591]   C0000-FFFFF write-protect
[    0.000592] MTRR variable ranges enabled:
[    0.000594]   0 base 00C0000000 mask 7FC0000000 uncachable
[    0.000597]   1 base 00A0000000 mask 7FE0000000 uncachable
[    0.000599]   2 base 0090000000 mask 7FF0000000 uncachable
[    0.000600]   3 base 008C000000 mask 7FFC000000 uncachable
[    0.000602]   4 base 008A000000 mask 7FFE000000 uncachable
[    0.000604]   5 base 0089000000 mask 7FFF000000 uncachable
[    0.000605]   6 base 0088800000 mask 7FFF800000 uncachable
[    0.000607]   7 disabled
[    0.000608]   8 disabled
[    0.000609]   9 disabled
[    0.000796] x86/PAT: Configuration [0-7]: WB  WC  UC- UC  WB  WP  UC- WT  
[    0.002043] last_pfn = 0x7ffff max_arch_pfn = 0x400000000
[    0.012046] esrt: Reserving ESRT space from 0x000000007f103918 to 0x000000007f1039c8.
[    0.012057] check: Scanning 1 areas for low memory corruption
[    0.012063] Using GB pages for direct mapping
[    0.012852] Secure boot disabled
[    0.012853] RAMDISK: [mem 0x3ea61000-0x3fffdfff]
[    0.012863] ACPI: Early table checksum verification disabled
[    0.012867] ACPI: RSDP 0x000000007FFFD014 000024 (v02 LENOVO)
[    0.012872] ACPI: XSDT 0x000000007FFC8188 000114 (v01 LENOVO CB-01    00000001      01000013)
[    0.012880] ACPI: FACP 0x000000007FFEE000 00010C (v05 LENOVO CB-01    00000001 ACPI 00040000)
[    0.012887] ACPI: DSDT 0x000000007FFCE000 01CD27 (v02 LENOVO CB-01    00000001 ACPI 00040000)
[    0.012891] ACPI: FACS 0x000000007FF5B000 000040
[    0.012895] ACPI: UEFI 0x000000007FFFC000 000236 (v01 LENOVO CB-01    00000001 ACPI 00040000)
[    0.012900] ACPI: UEFI 0x000000007FFFB000 000042 (v01 LENOVO CB-01    00000001 ACPI 00040000)
[    0.012904] ACPI: MSDM 0x000000007FFFA000 000055 (v03 LENOVO CB-01    00000001 ACPI 00040000)
[    0.012908] ACPI: SSDT 0x000000007FFF9000 0004CE (v02 LENOVO CB-01    00000001 ACPI 00040000)
[    0.012912] ACPI: SSDT 0x000000007FFF8000 000046 (v02 LENOVO CB-01    00000001 ACPI 00040000)
[    0.012917] ACPI: TPM2 0x000000007FFF7000 000034 (v03 LENOVO CB-01    00000001 ACPI 00040000)
[    0.012921] ACPI: SSDT 0x000000007FFF3000 0030F8 (v02 LENOVO CB-01    00000001 ACPI 00040000)
[    0.012925] ACPI: ASF! 0x000000007FFF2000 0000A5 (v32 LENOVO CB-01    00000001 ACPI 00040000)
[    0.012930] ACPI: ASPT 0x000000007FFF1000 000034 (v07 LENOVO CB-01    00000001 ACPI 00040000)
[    0.012934] ACPI: BOOT 0x000000007FFF0000 000028 (v01 LENOVO CB-01    00000001 ACPI 00040000)
[    0.012938] ACPI: DBGP 0x000000007FFEF000 000034 (v01 LENOVO CB-01    00000001 ACPI 00040000)
[    0.012943] ACPI: HPET 0x000000007FFED000 000038 (v01 LENOVO CB-01    00000001 ACPI 00040000)
[    0.012947] ACPI: APIC 0x000000007FFEC000 0000BC (v03 LENOVO CB-01    00000001 ACPI 00040000)
[    0.012951] ACPI: MCFG 0x000000007FFEB000 00003C (v01 LENOVO CB-01    00000001 ACPI 00040000)
[    0.012955] ACPI: LPIT 0x000000007FFCD000 000094 (v01 LENOVO CB-01    00000001 ACPI 00040000)
[    0.012960] ACPI: WSMT 0x000000007FFCC000 000028 (v01 LENOVO CB-01    00000001 ACPI 00040000)
[    0.012964] ACPI: SSDT 0x000000007FFCB000 00029F (v02 LENOVO CB-01    00000001 ACPI 00040000)
[    0.012968] ACPI: SSDT 0x000000007FFCA000 000346 (v01 LENOVO CB-01    00000001 ACPI 00040000)
[    0.012972] ACPI: SSDT 0x000000007FFC9000 000E41 (v02 LENOVO CB-01    00000001 ACPI 00040000)
[    0.012977] ACPI: SSDT 0x000000007FFC7000 00051E (v02 LENOVO CB-01    00000001 ACPI 00040000)
[    0.012981] ACPI: DBGP 0x000000007FFC6000 000034 (v01 LENOVO CB-01    00000001 ACPI 00040000)
[    0.012985] ACPI: DBG2 0x000000007FFC5000 000054 (v00 LENOVO CB-01    00000001 ACPI 00040000)
[    0.012990] ACPI: SSDT 0x000000007FFC3000 00106A (v02 LENOVO CB-01    00000001 ACPI 00040000)
[    0.012994] ACPI: SSDT 0x000000007FFC2000 000EDE (v02 LENOVO CB-01    00000001 ACPI 00040000)
[    0.012998] ACPI: UEFI 0x000000007FFC1000 00063A (v01 LENOVO CB-01    00000001 ACPI 00040000)
[    0.013002] ACPI: UEFI 0x000000007FFC0000 00005C (v01 LENOVO CB-01    00000001 ACPI 00040000)
[    0.013007] ACPI: DMAR 0x000000007FFBF000 0000CC (v01 LENOVO CB-01    00000001 ACPI 00040000)
[    0.013011] ACPI: FPDT 0x000000007FFBE000 000044 (v01 LENOVO CB-01    00000001 ACPI 00040000)
[    0.013015] ACPI: BGRT 0x000000007FFBD000 000038 (v01 LENOVO CB-01    00000001 ACPI 00040000)
[    0.013025] ACPI: Local APIC address 0xfee00000
[    0.013223] No NUMA configuration found
[    0.013224] Faking a node at [mem 0x0000000000000000-0x0000000573ffffff]
[    0.013239] NODE_DATA(0) allocated [mem 0x573fd5000-0x573ffffff]
[    0.013605] Zone ranges:
[    0.013606]   DMA      [mem 0x0000000000001000-0x0000000000ffffff]
[    0.013610]   DMA32    [mem 0x0000000001000000-0x00000000ffffffff]
[    0.013612]   Normal   [mem 0x0000000100000000-0x0000000573ffffff]
[    0.013615]   Device   empty
[    0.013616] Movable zone start for each node
[    0.013621] Early memory node ranges
[    0.013621]   node   0: [mem 0x0000000000001000-0x0000000000057fff]
[    0.013624]   node   0: [mem 0x0000000000059000-0x000000000009dfff]
[    0.013625]   node   0: [mem 0x0000000000100000-0x0000000066957fff]
[    0.013627]   node   0: [mem 0x000000006695a000-0x0000000068387fff]
[    0.013628]   node   0: [mem 0x0000000068c88000-0x000000007ee9dfff]
[    0.013629]   node   0: [mem 0x000000007fffe000-0x000000007fffefff]
[    0.013631]   node   0: [mem 0x0000000100000000-0x0000000573ffffff]
[    0.013844] Zeroed struct page in unavailable ranges: 23239 pages
[    0.013846] Initmem setup node 0 [mem 0x0000000000001000-0x0000000573ffffff]
[    0.013849] On node 0 totalpages: 5186873
[    0.013851]   DMA zone: 64 pages used for memmap
[    0.013853]   DMA zone: 21 pages reserved
[    0.013854]   DMA zone: 3996 pages, LIFO batch:0
[    0.013882]   DMA32 zone: 8023 pages used for memmap
[    0.013883]   DMA32 zone: 513437 pages, LIFO batch:63
[    0.017176]   Normal zone: 72960 pages used for memmap
[    0.017177]   Normal zone: 4669440 pages, LIFO batch:63
[    0.047082] Reserving Intel graphics memory at [mem 0x89000000-0x8affffff]
[    0.047242] ACPI: PM-Timer IO Port: 0x1808
[    0.047244] ACPI: Local APIC address 0xfee00000
[    0.047251] ACPI: LAPIC_NMI (acpi_id[0x01] high edge lint[0x1])
[    0.047254] ACPI: LAPIC_NMI (acpi_id[0x02] high edge lint[0x1])
[    0.047255] ACPI: LAPIC_NMI (acpi_id[0x03] high edge lint[0x1])
[    0.047257] ACPI: LAPIC_NMI (acpi_id[0x04] high edge lint[0x1])
[    0.047258] ACPI: LAPIC_NMI (acpi_id[0x05] high edge lint[0x1])
[    0.047259] ACPI: LAPIC_NMI (acpi_id[0x06] high edge lint[0x1])
[    0.047260] ACPI: LAPIC_NMI (acpi_id[0x07] high edge lint[0x1])
[    0.047261] ACPI: LAPIC_NMI (acpi_id[0x08] high edge lint[0x1])
[    0.047288] IOAPIC[0]: apic_id 2, version 32, address 0xfec00000, GSI 0-119
[    0.047292] ACPI: INT_SRC_OVR (bus 0 bus_irq 0 global_irq 2 dfl dfl)
[    0.047294] ACPI: INT_SRC_OVR (bus 0 bus_irq 9 global_irq 9 high level)
[    0.047297] ACPI: IRQ0 used by override.
[    0.047299] ACPI: IRQ9 used by override.
[    0.047301] Using ACPI (MADT) for SMP configuration information
[    0.047303] ACPI: HPET id: 0x8086a201 base: 0xfed00000
[    0.047310] e820: update [mem 0x6f6bb000-0x6f736fff] usable ==> reserved
[    0.047325] TSC deadline timer available
[    0.047326] smpboot: Allowing 4 CPUs, 0 hotplug CPUs
[    0.047354] PM: hibernation: Registered nosave memory: [mem 0x00000000-0x00000fff]
[    0.047357] PM: hibernation: Registered nosave memory: [mem 0x00058000-0x00058fff]
[    0.047360] PM: hibernation: Registered nosave memory: [mem 0x0009e000-0x000fffff]
[    0.047362] PM: hibernation: Registered nosave memory: [mem 0x663a9000-0x663a9fff]
[    0.047365] PM: hibernation: Registered nosave memory: [mem 0x663b7000-0x663b7fff]
[    0.047366] PM: hibernation: Registered nosave memory: [mem 0x663b8000-0x663b8fff]
[    0.047368] PM: hibernation: Registered nosave memory: [mem 0x663d5000-0x663d5fff]
[    0.047370] PM: hibernation: Registered nosave memory: [mem 0x663d6000-0x663d6fff]
[    0.047372] PM: hibernation: Registered nosave memory: [mem 0x663e6000-0x663e6fff]
[    0.047374] PM: hibernation: Registered nosave memory: [mem 0x66958000-0x66958fff]
[    0.047375] PM: hibernation: Registered nosave memory: [mem 0x66959000-0x66959fff]
[    0.047378] PM: hibernation: Registered nosave memory: [mem 0x68388000-0x68c87fff]
[    0.047380] PM: hibernation: Registered nosave memory: [mem 0x6f6bb000-0x6f736fff]
[    0.047383] PM: hibernation: Registered nosave memory: [mem 0x7ee9e000-0x7f88dfff]
[    0.047384] PM: hibernation: Registered nosave memory: [mem 0x7f88e000-0x7ff7dfff]
[    0.047385] PM: hibernation: Registered nosave memory: [mem 0x7ff7e000-0x7fffdfff]
[    0.047387] PM: hibernation: Registered nosave memory: [mem 0x7ffff000-0x8affffff]
[    0.047389] PM: hibernation: Registered nosave memory: [mem 0x8b000000-0xdfffffff]
[    0.047390] PM: hibernation: Registered nosave memory: [mem 0xe0000000-0xefffffff]
[    0.047391] PM: hibernation: Registered nosave memory: [mem 0xf0000000-0xfcffffff]
[    0.047392] PM: hibernation: Registered nosave memory: [mem 0xfd000000-0xfe7fffff]
[    0.047393] PM: hibernation: Registered nosave memory: [mem 0xfe800000-0xfebfffff]
[    0.047394] PM: hibernation: Registered nosave memory: [mem 0xfec00000-0xfec00fff]
[    0.047395] PM: hibernation: Registered nosave memory: [mem 0xfec01000-0xfecfffff]
[    0.047396] PM: hibernation: Registered nosave memory: [mem 0xfed00000-0xfed00fff]
[    0.047397] PM: hibernation: Registered nosave memory: [mem 0xfed01000-0xfed0ffff]
[    0.047398] PM: hibernation: Registered nosave memory: [mem 0xfed10000-0xfed19fff]
[    0.047400] PM: hibernation: Registered nosave memory: [mem 0xfed1a000-0xfed83fff]
[    0.047401] PM: hibernation: Registered nosave memory: [mem 0xfed84000-0xfed84fff]
[    0.047402] PM: hibernation: Registered nosave memory: [mem 0xfed85000-0xfedfffff]
[    0.047403] PM: hibernation: Registered nosave memory: [mem 0xfee00000-0xfee00fff]
[    0.047404] PM: hibernation: Registered nosave memory: [mem 0xfee01000-0xffa0ffff]
[    0.047405] PM: hibernation: Registered nosave memory: [mem 0xffa10000-0xffffffff]
[    0.047407] [mem 0x8b000000-0xdfffffff] available for PCI devices
[    0.047409] Booting paravirtualized kernel on bare hardware
[    0.047411] clocksource: refined-jiffies: mask: 0xffffffff max_cycles: 0xffffffff, max_idle_ns: 7645519600211568 ns
[    0.047419] setup_percpu: NR_CPUS:8192 nr_cpumask_bits:4 nr_cpu_ids:4 nr_node_ids:1
[    0.047601] percpu: Embedded 56 pages/cpu s192512 r8192 d28672 u524288
[    0.047611] pcpu-alloc: s192512 r8192 d28672 u524288 alloc=1*2097152
[    0.047615] pcpu-alloc: [0] 0 1 2 3 
[    0.047651] Built 1 zonelists, mobility grouping on.  Total pages: 5105805
[    0.047653] Policy zone: Normal
[    0.047655] Kernel command line: BOOT_IMAGE=/boot/vmlinuz-5.11.0-eudyptula-00116-gfd373f81f19c root=UUID=db747fa5-b16c-4d3e-8911-a8778177263d ro earlyprink=vga quiet splash vt.handoff=7
[    0.049572] Dentry cache hash table entries: 4194304 (order: 13, 33554432 bytes, linear)
[    0.050474] Inode-cache hash table entries: 2097152 (order: 12, 16777216 bytes, linear)
[    0.050539] mem auto-init: stack:off, heap alloc:on, heap free:off
[    0.099082] Memory: 20212352K/20747492K available (14345K kernel code, 3348K rwdata, 5056K rodata, 2612K init, 6188K bss, 534880K reserved, 0K cma-reserved)
[    0.099089] random: get_random_u64 called from __kmem_cache_create+0x31/0x430 with crng_init=1
[    0.099233] SLUB: HWalign=64, Order=0-3, MinObjects=0, CPUs=4, Nodes=1
[    0.099250] Kernel/User page tables isolation: enabled
[    0.099270] ftrace: allocating 46311 entries in 181 pages
[    0.119693] ftrace: allocated 181 pages with 5 groups
[    0.119806] rcu: Hierarchical RCU implementation.
[    0.119808] rcu: 	RCU restricting CPUs from NR_CPUS=8192 to nr_cpu_ids=4.
[    0.119810] 	Rude variant of Tasks RCU enabled.
[    0.119811] 	Tracing variant of Tasks RCU enabled.
[    0.119812] rcu: RCU calculated value of scheduler-enlistment delay is 25 jiffies.
[    0.119813] rcu: Adjusting geometry for rcu_fanout_leaf=16, nr_cpu_ids=4
[    0.124665] NR_IRQS: 524544, nr_irqs: 1024, preallocated irqs: 16
[    0.125141] random: crng done (trusting CPU's manufacturer)
[    0.125169] Console: colour dummy device 80x25
[    0.125193] printk: console [tty0] enabled
[    0.125215] ACPI: Core revision 20201113
[    0.125553] clocksource: hpet: mask: 0xffffffff max_cycles: 0xffffffff, max_idle_ns: 79635855245 ns
[    0.125624] APIC: Switch to symmetric I/O mode setup
[    0.125626] DMAR: Host address width 39
[    0.125627] DMAR: DRHD base: 0x000000fed90000 flags: 0x0
[    0.125634] DMAR: dmar0: reg_base_addr fed90000 ver 1:0 cap 1c0000c40660462 ecap 7e3ff0505e
[    0.125637] DMAR: DRHD base: 0x000000fed91000 flags: 0x1
[    0.125641] DMAR: dmar1: reg_base_addr fed91000 ver 1:0 cap d2008c40660462 ecap f050da
[    0.125644] DMAR: RMRR base: 0x0000007f782000 end: 0x0000007f7a1fff
[    0.125646] DMAR: RMRR base: 0x00000088800000 end: 0x0000008affffff
[    0.125648] DMAR: ANDD device: 1 name: \_SB.PCI0.I2C0
[    0.125650] DMAR-IR: IOAPIC id 2 under DRHD base  0xfed91000 IOMMU 1
[    0.125652] DMAR-IR: HPET id 0 under DRHD base 0xfed91000
[    0.125653] DMAR-IR: Queued invalidation will be enabled to support x2apic and Intr-remapping.
[    0.127180] DMAR-IR: Enabled IRQ remapping in x2apic mode
[    0.127182] x2apic enabled
[    0.127196] Switched APIC routing to cluster x2apic.
[    0.131295] ..TIMER: vector=0x30 apic1=0 pin1=2 apic2=-1 pin2=-1
[    0.149498] clocksource: tsc-early: mask: 0xffffffffffffffff max_cycles: 0x39a8208cdd2, max_idle_ns: 881590748921 ns
[    0.149505] Calibrating delay loop (skipped), value calculated using timer frequency.. 3999.93 BogoMIPS (lpj=7999872)
[    0.149508] pid_max: default: 32768 minimum: 301
[    0.152390] LSM: Security Framework initializing
[    0.152403] Yama: becoming mindful.
[    0.152433] AppArmor: AppArmor initialized
[    0.152521] Mount-cache hash table entries: 65536 (order: 7, 524288 bytes, linear)
[    0.152574] Mountpoint-cache hash table entries: 65536 (order: 7, 524288 bytes, linear)
[    0.152906] mce: CPU0: Thermal monitoring enabled (TM1)
[    0.152926] process: using mwait in idle threads
[    0.152929] Last level iTLB entries: 4KB 64, 2MB 8, 4MB 8
[    0.152930] Last level dTLB entries: 4KB 64, 2MB 0, 4MB 0, 1GB 4
[    0.152935] Spectre V1 : Mitigation: usercopy/swapgs barriers and __user pointer sanitization
[    0.152937] Spectre V2 : Mitigation: Full generic retpoline
[    0.152938] Spectre V2 : Spectre v2 / SpectreRSB mitigation: Filling RSB on context switch
[    0.152939] Spectre V2 : Enabling Restricted Speculation for firmware calls
[    0.152941] Spectre V2 : mitigation: Enabling conditional Indirect Branch Prediction Barrier
[    0.152942] Spectre V2 : User space: Mitigation: STIBP via seccomp and prctl
[    0.152944] Speculative Store Bypass: Mitigation: Speculative Store Bypass disabled via prctl and seccomp
[    0.152950] SRBDS: Mitigation: Microcode
[    0.152951] MDS: Mitigation: Clear CPU buffers
[    0.153141] Freeing SMP alternatives memory: 40K
[    0.157582] smpboot: Estimated ratio of average max frequency by base frequency (times 1024): 921
[    0.157596] smpboot: CPU0: Intel(R) Core(TM) i3-6006U CPU @ 2.00GHz (family: 0x6, model: 0x4e, stepping: 0x3)
[    0.157785] Performance Events: PEBS fmt3+, Skylake events, 32-deep LBR, full-width counters, Intel PMU driver.
[    0.157798] ... version:                4
[    0.157799] ... bit width:              48
[    0.157800] ... generic registers:      4
[    0.157801] ... value mask:             0000ffffffffffff
[    0.157803] ... max period:             00007fffffffffff
[    0.157804] ... fixed-purpose events:   3
[    0.157805] ... event mask:             000000070000000f
[    0.157888] rcu: Hierarchical SRCU implementation.
[    0.158667] NMI watchdog: Enabled. Permanently consumes one hw-PMU counter.
[    0.158729] smp: Bringing up secondary CPUs ...
[    0.158833] x86: Booting SMP configuration:
[    0.158834] .... node  #0, CPUs:      #1 #2
[    0.161718] MDS CPU bug present and SMT on, data leak possible. See https://www.kernel.org/doc/html/latest/admin-guide/hw-vuln/mds.html for more details.
[    0.161718]  #3
[    0.162887] smp: Brought up 1 node, 4 CPUs
[    0.162887] smpboot: Max logical packages: 1
[    0.162887] smpboot: Total of 4 processors activated (15999.74 BogoMIPS)
[    0.165524] devtmpfs: initialized
[    0.165558] x86/mm: Memory block size: 128MB
[    0.167167] PM: Registering ACPI NVS region [mem 0x66958000-0x66958fff] (4096 bytes)
[    0.167167] PM: Registering ACPI NVS region [mem 0x7f88e000-0x7ff7dfff] (7274496 bytes)
[    0.167167] clocksource: jiffies: mask: 0xffffffff max_cycles: 0xffffffff, max_idle_ns: 7645041785100000 ns
[    0.167167] futex hash table entries: 1024 (order: 4, 65536 bytes, linear)
[    0.167167] pinctrl core: initialized pinctrl subsystem
[    0.167167] PM: RTC time: 20:36:04, date: 2021-02-19
[    0.167167] NET: Registered protocol family 16
[    0.167167] DMA: preallocated 4096 KiB GFP_KERNEL pool for atomic allocations
[    0.167167] DMA: preallocated 4096 KiB GFP_KERNEL|GFP_DMA pool for atomic allocations
[    0.167236] DMA: preallocated 4096 KiB GFP_KERNEL|GFP_DMA32 pool for atomic allocations
[    0.167254] audit: initializing netlink subsys (disabled)
[    0.167266] audit: type=2000 audit(1613766964.040:1): state=initialized audit_enabled=0 res=1
[    0.167266] thermal_sys: Registered thermal governor 'fair_share'
[    0.167266] thermal_sys: Registered thermal governor 'bang_bang'
[    0.167266] thermal_sys: Registered thermal governor 'step_wise'
[    0.167266] thermal_sys: Registered thermal governor 'user_space'
[    0.167266] EISA bus registered
[    0.167266] cpuidle: using governor ladder
[    0.167266] cpuidle: using governor menu
[    0.167266] Simple Boot Flag at 0x44 set to 0x1
[    0.167266] ACPI FADT declares the system doesn't support PCIe ASPM, so disable it
[    0.167266] ACPI: bus type PCI registered
[    0.167266] acpiphp: ACPI Hot Plug PCI Controller Driver version: 0.5
[    0.167266] PCI: MMCONFIG for domain 0000 [bus 00-ff] at [mem 0xe0000000-0xefffffff] (base 0xe0000000)
[    0.167266] PCI: MMCONFIG at [mem 0xe0000000-0xefffffff] reserved in E820
[    0.167266] PCI: Using configuration type 1 for base access
[    0.171199] HugeTLB registered 1.00 GiB page size, pre-allocated 0 pages
[    0.171199] HugeTLB registered 2.00 MiB page size, pre-allocated 0 pages
[    0.171199] ACPI: Added _OSI(Module Device)
[    0.171199] ACPI: Added _OSI(Processor Device)
[    0.171199] ACPI: Added _OSI(3.0 _SCP Extensions)
[    0.171199] ACPI: Added _OSI(Processor Aggregator Device)
[    0.171199] ACPI: Added _OSI(Linux-Dell-Video)
[    0.171199] ACPI: Added _OSI(Linux-Lenovo-NV-HDMI-Audio)
[    0.171199] ACPI: Added _OSI(Linux-HPI-Hybrid-Graphics)
[    0.216121] ACPI: 10 ACPI AML tables successfully acquired and loaded
[    0.219716] ACPI: [Firmware Bug]: BIOS _OSI(Linux) query ignored
[    0.225065] ACPI: Dynamic OEM Table Load:
[    0.225080] ACPI: SSDT 0xFFFF90BE40CA1800 0005AC (v02 PmRef  Cpu0Ist  00003000 INTL 20160527)
[    0.227053] ACPI: \_PR_.CPU0: _OSC native thermal LVT Acked
[    0.228473] ACPI: Dynamic OEM Table Load:
[    0.228485] ACPI: SSDT 0xFFFF90BE40FB2C00 0003FF (v02 PmRef  Cpu0Cst  00003001 INTL 20160527)
[    0.230388] ACPI: Dynamic OEM Table Load:
[    0.230397] ACPI: SSDT 0xFFFF90BE40ED0600 000115 (v02 PmRef  Cpu0Hwp  00003000 INTL 20160527)
[    0.232076] ACPI: Dynamic OEM Table Load:
[    0.232085] ACPI: SSDT 0xFFFF90BE40ED1600 0001A4 (v02 PmRef  HwpLvt   00003000 INTL 20160527)
[    0.234301] ACPI: Dynamic OEM Table Load:
[    0.234312] ACPI: SSDT 0xFFFF90BE40CA2800 00065C (v02 PmRef  ApIst    00003000 INTL 20160527)
[    0.236636] ACPI: Dynamic OEM Table Load:
[    0.236645] ACPI: SSDT 0xFFFF90BE41473A00 000197 (v02 PmRef  ApHwp    00003000 INTL 20160527)
[    0.238481] ACPI: Dynamic OEM Table Load:
[    0.238490] ACPI: SSDT 0xFFFF90BE41473C00 00018A (v02 PmRef  ApCst    00003000 INTL 20160527)
[    0.242161] ACPI: EC: EC started
[    0.242162] ACPI: EC: interrupt blocked
[    0.242545] ACPI: EC: EC_CMD/EC_SC=0x66, EC_DATA=0x62
[    0.242547] ACPI: \_SB_.PCI0.LPCB.EC0_: Boot DSDT EC used to handle transactions
[    0.242549] ACPI: Interpreter enabled
[    0.242611] ACPI: (supports S0 S3 S4 S5)
[    0.242613] ACPI: Using IOAPIC for interrupt routing
[    0.242665] PCI: Using host bridge windows from ACPI; if necessary, use "pci=nocrs" and report a bug
[    0.243491] ACPI: Enabled 6 GPEs in block 00 to 7F
[    0.251349] ACPI: Power Resource [WRST] (on)
[    0.251876] ACPI: Power Resource [WRST] (on)
[    0.252396] ACPI: Power Resource [WRST] (on)
[    0.252924] ACPI: Power Resource [WRST] (on)
[    0.253442] ACPI: Power Resource [WRST] (on)
[    0.253959] ACPI: Power Resource [WRST] (on)
[    0.254479] ACPI: Power Resource [WRST] (on)
[    0.254999] ACPI: Power Resource [WRST] (on)
[    0.255530] ACPI: Power Resource [WRST] (on)
[    0.256054] ACPI: Power Resource [WRST] (on)
[    0.256569] ACPI: Power Resource [WRST] (on)
[    0.257086] ACPI: Power Resource [WRST] (on)
[    0.257584] ACPI: Power Resource [WRST] (on)
[    0.258081] ACPI: Power Resource [WRST] (on)
[    0.258580] ACPI: Power Resource [WRST] (on)
[    0.259078] ACPI: Power Resource [WRST] (on)
[    0.259582] ACPI: Power Resource [WRST] (on)
[    0.260077] ACPI: Power Resource [WRST] (on)
[    0.260573] ACPI: Power Resource [WRST] (on)
[    0.261071] ACPI: Power Resource [WRST] (on)
[    0.273710] ACPI: PCI Root Bridge [PCI0] (domain 0000 [bus 00-fe])
[    0.273719] acpi PNP0A08:00: _OSC: OS supports [ExtendedConfig ASPM ClockPM Segments MSI HPX-Type3]
[    0.277496] acpi PNP0A08:00: _OSC: OS now controls [PCIeHotplug SHPCHotplug PME AER PCIeCapability LTR]
[    0.277499] acpi PNP0A08:00: FADT indicates ASPM is unsupported, using BIOS configuration
[    0.280410] PCI host bridge to bus 0000:00
[    0.280413] pci_bus 0000:00: root bus resource [io  0x0000-0x0cf7 window]
[    0.280416] pci_bus 0000:00: root bus resource [io  0x0d00-0xffff window]
[    0.280419] pci_bus 0000:00: root bus resource [mem 0x000a0000-0x000bffff window]
[    0.280422] pci_bus 0000:00: root bus resource [mem 0x000c0000-0x000c3fff window]
[    0.280423] pci_bus 0000:00: root bus resource [mem 0x000c4000-0x000c7fff window]
[    0.280425] pci_bus 0000:00: root bus resource [mem 0x000c8000-0x000cbfff window]
[    0.280426] pci_bus 0000:00: root bus resource [mem 0x000cc000-0x000cffff window]
[    0.280428] pci_bus 0000:00: root bus resource [mem 0x000d0000-0x000d3fff window]
[    0.280430] pci_bus 0000:00: root bus resource [mem 0x000d4000-0x000d7fff window]
[    0.280431] pci_bus 0000:00: root bus resource [mem 0x000d8000-0x000dbfff window]
[    0.280433] pci_bus 0000:00: root bus resource [mem 0x000dc000-0x000dffff window]
[    0.280434] pci_bus 0000:00: root bus resource [mem 0x8b000000-0xdfffffff window]
[    0.280436] pci_bus 0000:00: root bus resource [mem 0xfd000000-0xfe7fffff window]
[    0.280438] pci_bus 0000:00: root bus resource [bus 00-fe]
[    0.280454] pci 0000:00:00.0: [8086:1904] type 00 class 0x060000
[    0.281607] pci 0000:00:02.0: [8086:1921] type 00 class 0x030000
[    0.281619] pci 0000:00:02.0: reg 0x10: [mem 0xa0000000-0xa0ffffff 64bit]
[    0.281627] pci 0000:00:02.0: reg 0x18: [mem 0x90000000-0x9fffffff 64bit pref]
[    0.281633] pci 0000:00:02.0: reg 0x20: [io  0x4000-0x403f]
[    0.281652] pci 0000:00:02.0: BAR 2: assigned to efifb
[    0.282881] pci 0000:00:14.0: [8086:9d2f] type 00 class 0x0c0330
[    0.282903] pci 0000:00:14.0: reg 0x10: [mem 0xa1380000-0xa138ffff 64bit]
[    0.282981] pci 0000:00:14.0: PME# supported from D3hot D3cold
[    0.284285] pci 0000:00:14.2: [8086:9d31] type 00 class 0x118000
[    0.284307] pci 0000:00:14.2: reg 0x10: [mem 0xa13b0000-0xa13b0fff 64bit]
[    0.285511] pci 0000:00:15.0: [8086:9d60] type 00 class 0x118000
[    0.285537] pci 0000:00:15.0: reg 0x10: [mem 0xa13b1000-0xa13b1fff 64bit]
[    0.286825] pci 0000:00:16.0: [8086:9d3a] type 00 class 0x078000
[    0.286849] pci 0000:00:16.0: reg 0x10: [mem 0xa13b2000-0xa13b2fff 64bit]
[    0.286932] pci 0000:00:16.0: PME# supported from D3hot
[    0.288140] pci 0000:00:17.0: [8086:282a] type 00 class 0x010400
[    0.288156] pci 0000:00:17.0: reg 0x10: [mem 0xa13a0000-0xa13a7fff]
[    0.288166] pci 0000:00:17.0: reg 0x14: [mem 0xa13b4000-0xa13b40ff]
[    0.288175] pci 0000:00:17.0: reg 0x18: [io  0x4080-0x4087]
[    0.288184] pci 0000:00:17.0: reg 0x1c: [io  0x4088-0x408b]
[    0.288193] pci 0000:00:17.0: reg 0x20: [io  0x4060-0x407f]
[    0.288202] pci 0000:00:17.0: reg 0x24: [mem 0xa1300000-0xa137ffff]
[    0.288251] pci 0000:00:17.0: PME# supported from D3hot
[    0.289448] pci 0000:00:1c.0: [8086:9d14] type 01 class 0x060400
[    0.289539] pci 0000:00:1c.0: PME# supported from D0 D3hot D3cold
[    0.290802] pci 0000:00:1c.5: [8086:9d15] type 01 class 0x060400
[    0.290890] pci 0000:00:1c.5: PME# supported from D0 D3hot D3cold
[    0.292147] pci 0000:00:1f.0: [8086:9d48] type 00 class 0x060100
[    0.293429] pci 0000:00:1f.2: [8086:9d21] type 00 class 0x058000
[    0.293446] pci 0000:00:1f.2: reg 0x10: [mem 0xa13ac000-0xa13affff]
[    0.294678] pci 0000:00:1f.3: [8086:9d70] type 00 class 0x040300
[    0.294705] pci 0000:00:1f.3: reg 0x10: [mem 0xa13a8000-0xa13abfff 64bit]
[    0.294743] pci 0000:00:1f.3: reg 0x20: [mem 0xa1390000-0xa139ffff 64bit]
[    0.294799] pci 0000:00:1f.3: PME# supported from D3hot D3cold
[    0.296065] pci 0000:00:1f.4: [8086:9d23] type 00 class 0x0c0500
[    0.296123] pci 0000:00:1f.4: reg 0x10: [mem 0xa13b3000-0xa13b30ff 64bit]
[    0.296193] pci 0000:00:1f.4: reg 0x20: [io  0x4040-0x405f]
[    0.297505] pci 0000:01:00.0: [10ec:8168] type 00 class 0x020000
[    0.297527] pci 0000:01:00.0: reg 0x10: [io  0x3000-0x30ff]
[    0.297557] pci 0000:01:00.0: reg 0x18: [mem 0xa1204000-0xa1204fff 64bit]
[    0.297576] pci 0000:01:00.0: reg 0x20: [mem 0xa1200000-0xa1203fff 64bit]
[    0.297696] pci 0000:01:00.0: supports D1 D2
[    0.297697] pci 0000:01:00.0: PME# supported from D0 D1 D2 D3hot D3cold
[    0.297863] pci 0000:00:1c.0: PCI bridge to [bus 01]
[    0.297867] pci 0000:00:1c.0:   bridge window [io  0x3000-0x3fff]
[    0.297871] pci 0000:00:1c.0:   bridge window [mem 0xa1200000-0xa12fffff]
[    0.298019] pci 0000:02:00.0: [168c:0042] type 00 class 0x028000
[    0.298069] pci 0000:02:00.0: reg 0x10: [mem 0xa1000000-0xa11fffff 64bit]
[    0.298389] pci 0000:02:00.0: PME# supported from D0 D3hot D3cold
[    0.298664] pci 0000:00:1c.5: PCI bridge to [bus 02]
[    0.298669] pci 0000:00:1c.5:   bridge window [mem 0xa1000000-0xa11fffff]
[    0.301985] ACPI: PCI Interrupt Link [LNKA] (IRQs 3 4 5 6 10 *11 12 14 15)
[    0.302075] ACPI: PCI Interrupt Link [LNKB] (IRQs 3 4 5 6 *10 11 12 14 15)
[    0.302162] ACPI: PCI Interrupt Link [LNKC] (IRQs 3 4 5 6 10 *11 12 14 15)
[    0.302248] ACPI: PCI Interrupt Link [LNKD] (IRQs 3 4 5 6 10 *11 12 14 15)
[    0.302334] ACPI: PCI Interrupt Link [LNKE] (IRQs 3 4 5 6 10 *11 12 14 15)
[    0.302421] ACPI: PCI Interrupt Link [LNKF] (IRQs 3 4 5 6 10 *11 12 14 15)
[    0.302507] ACPI: PCI Interrupt Link [LNKG] (IRQs 3 4 5 6 10 *11 12 14 15)
[    0.302591] ACPI: PCI Interrupt Link [LNKH] (IRQs 3 4 5 6 10 *11 12 14 15)
[    0.303048] platform MSFT0101:00: failed to claim resource 1: [mem 0xfed40000-0xfed40fff]
[    0.303060] fbcon: Taking over console
[    0.303064] acpi MSFT0101:00: platform device creation failed: -16
[    0.303314] ACPI: EC: interrupt unblocked
[    0.303316] ACPI: EC: event unblocked
[    0.303327] ACPI: EC: EC_CMD/EC_SC=0x66, EC_DATA=0x62
[    0.303328] ACPI: EC: GPE=0x4f
[    0.303330] ACPI: \_SB_.PCI0.LPCB.EC0_: Boot DSDT EC initialization complete
[    0.303333] ACPI: \_SB_.PCI0.LPCB.EC0_: EC: Used to handle transactions and events
[    0.303414] iommu: Default domain type: Translated 
[    0.303414] pci 0000:00:02.0: vgaarb: setting as boot VGA device
[    0.303414] pci 0000:00:02.0: vgaarb: VGA device added: decodes=io+mem,owns=io+mem,locks=none
[    0.303414] pci 0000:00:02.0: vgaarb: bridge control possible
[    0.303414] vgaarb: loaded
[    0.303414] SCSI subsystem initialized
[    0.303414] libata version 3.00 loaded.
[    0.303414] ACPI: bus type USB registered
[    0.303414] usbcore: registered new interface driver usbfs
[    0.303414] usbcore: registered new interface driver hub
[    0.303414] usbcore: registered new device driver usb
[    0.303414] pps_core: LinuxPPS API ver. 1 registered
[    0.303414] pps_core: Software ver. 5.3.6 - Copyright 2005-2007 Rodolfo Giometti <giometti@linux.it>
[    0.303414] PTP clock support registered
[    0.305527] EDAC MC: Ver: 3.0.0
[    0.305640] Registered efivars operations
[    0.305640] NetLabel: Initializing
[    0.305640] NetLabel:  domain hash size = 128
[    0.305640] NetLabel:  protocols = UNLABELED CIPSOv4 CALIPSO
[    0.305644] NetLabel:  unlabeled traffic allowed by default
[    0.305659] PCI: Using ACPI for IRQ routing
[    0.333800] PCI: pci_cache_line_size set to 64 bytes
[    0.333899] e820: reserve RAM buffer [mem 0x00058000-0x0005ffff]
[    0.333902] e820: reserve RAM buffer [mem 0x0009e000-0x0009ffff]
[    0.333903] e820: reserve RAM buffer [mem 0x663a9018-0x67ffffff]
[    0.333905] e820: reserve RAM buffer [mem 0x663b8018-0x67ffffff]
[    0.333907] e820: reserve RAM buffer [mem 0x663d6018-0x67ffffff]
[    0.333908] e820: reserve RAM buffer [mem 0x66958000-0x67ffffff]
[    0.333910] e820: reserve RAM buffer [mem 0x68388000-0x6bffffff]
[    0.333911] e820: reserve RAM buffer [mem 0x6f6bb000-0x6fffffff]
[    0.333912] e820: reserve RAM buffer [mem 0x7ee9e000-0x7fffffff]
[    0.333914] e820: reserve RAM buffer [mem 0x7ffff000-0x7fffffff]
[    0.334361] hpet0: at MMIO 0xfed00000, IRQs 2, 8, 0, 0, 0, 0, 0, 0
[    0.334371] hpet0: 8 comparators, 64-bit 24.000000 MHz counter
[    0.336407] clocksource: Switched to clocksource tsc-early
[    0.342861] VFS: Disk quotas dquot_6.6.0
[    0.342884] VFS: Dquot-cache hash table entries: 512 (order 0, 4096 bytes)
[    0.343042] AppArmor: AppArmor Filesystem Enabled
[    0.343080] pnp: PnP ACPI init
[    0.343309] system 00:00: [mem 0xfd000000-0xfdabffff] has been reserved
[    0.343315] system 00:00: [mem 0xfdad0000-0xfdadffff] has been reserved
[    0.343319] system 00:00: [mem 0xfdb00000-0xfdffffff] has been reserved
[    0.343325] system 00:00: [mem 0xfe000000-0xfe01ffff] has been reserved
[    0.343329] system 00:00: [mem 0xfe036000-0xfe03bfff] has been reserved
[    0.343332] system 00:00: [mem 0xfe03d000-0xfe3fffff] has been reserved
[    0.343336] system 00:00: [mem 0xfe410000-0xfe7fffff] has been reserved
[    0.343345] system 00:00: Plug and Play ACPI device, IDs PNP0c02 (active)
[    0.343943] system 00:01: [io  0x2000-0x20fe] has been reserved
[    0.343952] system 00:01: Plug and Play ACPI device, IDs PNP0c02 (active)
[    0.344351] system 00:02: [io  0x0680-0x069f] has been reserved
[    0.344356] system 00:02: [io  0xffff] has been reserved
[    0.344360] system 00:02: [io  0xffff] has been reserved
[    0.344363] system 00:02: [io  0xffff] has been reserved
[    0.344366] system 00:02: [io  0x1800-0x18fe] has been reserved
[    0.344370] system 00:02: [io  0x164e-0x164f] has been reserved
[    0.344377] system 00:02: Plug and Play ACPI device, IDs PNP0c02 (active)
[    0.344554] pnp 00:03: Plug and Play ACPI device, IDs PNP0b00 (active)
[    0.344629] system 00:04: [io  0x1854-0x1857] has been reserved
[    0.344637] system 00:04: Plug and Play ACPI device, IDs INT3f0d PNP0c02 (active)
[    0.344704] pnp 00:05: Plug and Play ACPI device, IDs PNP0303 (active)
[    0.347185] system 00:06: [mem 0xfe029000-0xfe029fff] has been reserved
[    0.347190] system 00:06: [mem 0xfe028000-0xfe028fff] has been reserved
[    0.347198] system 00:06: Plug and Play ACPI device, IDs PNP0c02 (active)
[    0.348299] system 00:07: [mem 0xfed10000-0xfed17fff] has been reserved
[    0.348303] system 00:07: [mem 0xfed18000-0xfed18fff] has been reserved
[    0.348307] system 00:07: [mem 0xfed19000-0xfed19fff] has been reserved
[    0.348311] system 00:07: [mem 0xe0000000-0xefffffff] has been reserved
[    0.348314] system 00:07: [mem 0xfed20000-0xfed3ffff] has been reserved
[    0.348318] system 00:07: [mem 0xfed90000-0xfed93fff] could not be reserved
[    0.348322] system 00:07: [mem 0xfed45000-0xfed8ffff] could not be reserved
[    0.348325] system 00:07: [mem 0xff000000-0xffffffff] could not be reserved
[    0.348329] system 00:07: [mem 0xfee00000-0xfeefffff] could not be reserved
[    0.348333] system 00:07: [mem 0x8b000000-0x8b01ffff] has been reserved
[    0.348340] system 00:07: Plug and Play ACPI device, IDs PNP0c02 (active)
[    0.349008] pnp: PnP ACPI: found 8 devices
[    0.355419] clocksource: acpi_pm: mask: 0xffffff max_cycles: 0xffffff, max_idle_ns: 2085701024 ns
[    0.355490] NET: Registered protocol family 2
[    0.355644] tcp_listen_portaddr_hash hash table entries: 16384 (order: 6, 262144 bytes, linear)
[    0.355826] TCP established hash table entries: 262144 (order: 9, 2097152 bytes, linear)
[    0.356181] TCP bind hash table entries: 65536 (order: 8, 1048576 bytes, linear)
[    0.356316] TCP: Hash tables configured (established 262144 bind 65536)
[    0.356388] UDP hash table entries: 16384 (order: 7, 524288 bytes, linear)
[    0.356487] UDP-Lite hash table entries: 16384 (order: 7, 524288 bytes, linear)
[    0.356595] NET: Registered protocol family 1
[    0.356601] NET: Registered protocol family 44
[    0.356614] pci 0000:00:1c.0: PCI bridge to [bus 01]
[    0.356619] pci 0000:00:1c.0:   bridge window [io  0x3000-0x3fff]
[    0.356625] pci 0000:00:1c.0:   bridge window [mem 0xa1200000-0xa12fffff]
[    0.356632] pci 0000:00:1c.5: PCI bridge to [bus 02]
[    0.356637] pci 0000:00:1c.5:   bridge window [mem 0xa1000000-0xa11fffff]
[    0.356644] pci_bus 0000:00: resource 4 [io  0x0000-0x0cf7 window]
[    0.356647] pci_bus 0000:00: resource 5 [io  0x0d00-0xffff window]
[    0.356649] pci_bus 0000:00: resource 6 [mem 0x000a0000-0x000bffff window]
[    0.356651] pci_bus 0000:00: resource 7 [mem 0x000c0000-0x000c3fff window]
[    0.356652] pci_bus 0000:00: resource 8 [mem 0x000c4000-0x000c7fff window]
[    0.356654] pci_bus 0000:00: resource 9 [mem 0x000c8000-0x000cbfff window]
[    0.356656] pci_bus 0000:00: resource 10 [mem 0x000cc000-0x000cffff window]
[    0.356658] pci_bus 0000:00: resource 11 [mem 0x000d0000-0x000d3fff window]
[    0.356659] pci_bus 0000:00: resource 12 [mem 0x000d4000-0x000d7fff window]
[    0.356661] pci_bus 0000:00: resource 13 [mem 0x000d8000-0x000dbfff window]
[    0.356663] pci_bus 0000:00: resource 14 [mem 0x000dc000-0x000dffff window]
[    0.356664] pci_bus 0000:00: resource 15 [mem 0x8b000000-0xdfffffff window]
[    0.356666] pci_bus 0000:00: resource 16 [mem 0xfd000000-0xfe7fffff window]
[    0.356668] pci_bus 0000:01: resource 0 [io  0x3000-0x3fff]
[    0.356670] pci_bus 0000:01: resource 1 [mem 0xa1200000-0xa12fffff]
[    0.356672] pci_bus 0000:02: resource 1 [mem 0xa1000000-0xa11fffff]
[    0.356878] pci 0000:00:02.0: Video device with shadowed ROM at [mem 0x000c0000-0x000dffff]
[    0.358587] PCI: CLS 64 bytes, default 64
[    0.358631] Unpacking initramfs...
[    0.406585] Initramfs unpacking failed: Decoding failed
[    0.409100] Freeing initrd memory: 22132K
[    0.409142] DMAR: ACPI device "device:6f" under DMAR at fed91000 as 00:15.0
[    0.409161] PCI-DMA: Using software bounce buffering for IO (SWIOTLB)
[    0.409162] software IO TLB: mapped [mem 0x000000007a8f6000-0x000000007e8f6000] (64MB)
[    0.409429] check: Scanning for low memory corruption every 60 seconds
[    0.409880] Initialise system trusted keyrings
[    0.409893] Key type blacklist registered
[    0.409931] workingset: timestamp_bits=36 max_order=23 bucket_order=0
[    0.411194] zbud: loaded
[    0.411509] squashfs: version 4.0 (2009/01/31) Phillip Lougher
[    0.411656] fuse: init (API version 7.33)
[    0.411817] integrity: Platform Keyring initialized
[    0.423350] Key type asymmetric registered
[    0.423352] Asymmetric key parser 'x509' registered
[    0.423361] Block layer SCSI generic (bsg) driver version 0.4 loaded (major 245)
[    0.423392] io scheduler mq-deadline registered
[    0.423766] pcieport 0000:00:1c.0: PME: Signaling with IRQ 122
[    0.424016] pcieport 0000:00:1c.5: PME: Signaling with IRQ 123
[    0.424105] shpchp: Standard Hot Plug PCI Controller Driver version: 0.4
[    0.424164] efifb: probing for efifb
[    0.424189] efifb: showing boot graphics
[    0.424965] efifb: framebuffer at 0x90000000, using 4128k, total 4128k
[    0.424967] efifb: mode is 1366x768x32, linelength=5504, pages=1
[    0.424969] efifb: scrolling: redraw
[    0.424970] efifb: Truecolor: size=8:8:8:8, shift=24:16:8:0
[    0.425060] Console: switching to colour frame buffer device 170x48
[    0.427351] fb0: EFI VGA frame buffer device
[    0.427360] intel_idle: MWAIT substates: 0x11142120
[    0.427362] intel_idle: v0.5.1 model 0x4E
[    0.427634] intel_idle: Local APIC timer is reliable in all C-states
[    0.427859] ACPI: AC Adapter [ADP0] (off-line)
[    0.427940] input: Lid Switch as /devices/LNXSYSTM:00/LNXSYBUS:00/PNP0C0D:00/input/input0
[    0.427959] ACPI: Lid Switch [LID0]
[    0.427989] input: Power Button as /devices/LNXSYSTM:00/LNXSYBUS:00/PNP0C0C:00/input/input1
[    0.428006] ACPI: Power Button [PWRB]
[    0.428190] smpboot: Estimated ratio of average max frequency by base frequency (times 1024): 921
[    0.429129] Serial: 8250/16550 driver, 32 ports, IRQ sharing enabled
[    0.430852] Linux agpgart interface v0.103
[    0.431019] tpm_crb MSFT0101:00: [Firmware Bug]: Bad ACPI memory layout
[    0.477035] loop: module loaded
[    0.477335] libphy: Fixed MDIO Bus: probed
[    0.477336] tun: Universal TUN/TAP device driver, 1.6
[    0.477393] PPP generic driver version 2.4.2
[    0.477437] VFIO - User Level meta-driver version: 0.3
[    0.477532] ehci_hcd: USB 2.0 'Enhanced' Host Controller (EHCI) Driver
[    0.477537] ehci-pci: EHCI PCI platform driver
[    0.477549] ehci-platform: EHCI generic platform driver
[    0.477560] ohci_hcd: USB 1.1 'Open' Host Controller (OHCI) Driver
[    0.477562] ohci-pci: OHCI PCI platform driver
[    0.477570] ohci-platform: OHCI generic platform driver
[    0.477577] uhci_hcd: USB Universal Host Controller Interface driver
[    0.477816] xhci_hcd 0000:00:14.0: xHCI Host Controller
[    0.477823] xhci_hcd 0000:00:14.0: new USB bus registered, assigned bus number 1
[    0.478897] xhci_hcd 0000:00:14.0: hcc params 0x200077c1 hci version 0x100 quirks 0x0000000081109810
[    0.479305] usb usb1: New USB device found, idVendor=1d6b, idProduct=0002, bcdDevice= 5.11
[    0.479309] usb usb1: New USB device strings: Mfr=3, Product=2, SerialNumber=1
[    0.479312] usb usb1: Product: xHCI Host Controller
[    0.479313] usb usb1: Manufacturer: Linux 5.11.0-eudyptula-00116-gfd373f81f19c xhci-hcd
[    0.479315] usb usb1: SerialNumber: 0000:00:14.0
[    0.479451] hub 1-0:1.0: USB hub found
[    0.479468] hub 1-0:1.0: 12 ports detected
[    0.480047] xhci_hcd 0000:00:14.0: xHCI Host Controller
[    0.480051] xhci_hcd 0000:00:14.0: new USB bus registered, assigned bus number 2
[    0.480054] xhci_hcd 0000:00:14.0: Host supports USB 3.0 SuperSpeed
[    0.480092] usb usb2: New USB device found, idVendor=1d6b, idProduct=0003, bcdDevice= 5.11
[    0.480095] usb usb2: New USB device strings: Mfr=3, Product=2, SerialNumber=1
[    0.480097] usb usb2: Product: xHCI Host Controller
[    0.480098] usb usb2: Manufacturer: Linux 5.11.0-eudyptula-00116-gfd373f81f19c xhci-hcd
[    0.480100] usb usb2: SerialNumber: 0000:00:14.0
[    0.480248] hub 2-0:1.0: USB hub found
[    0.480261] hub 2-0:1.0: 6 ports detected
[    0.480414] usb: port power management may be unreliable
[    0.480567] i8042: PNP: PS/2 Controller [PNP0303:PS2K] at 0x60,0x64 irq 1
[    0.480570] i8042: PNP: PS/2 appears to have AUX port disabled, if this is incorrect please boot with i8042.nopnp
[    0.484485] serio: i8042 KBD port at 0x60,0x64 irq 1
[    0.484561] mousedev: PS/2 mouse device common for all mice
[    0.485231] rtc_cmos 00:03: RTC can wake from S4
[    0.485932] rtc_cmos 00:03: registered as rtc0
[    0.486106] rtc_cmos 00:03: setting system clock to 2021-02-19T20:36:04 UTC (1613766964)
[    0.486125] rtc_cmos 00:03: alarms up to one month, y3k, 242 bytes nvram, hpet irqs
[    0.486134] i2c /dev entries driver
[    0.486177] device-mapper: uevent: version 1.0.3
[    0.486236] device-mapper: ioctl: 4.43.0-ioctl (2020-10-01) initialised: dm-devel@redhat.com
[    0.486257] platform eisa.0: Probing EISA bus 0
[    0.486259] platform eisa.0: EISA: Cannot allocate resource for mainboard
[    0.486261] platform eisa.0: Cannot allocate resource for EISA slot 1
[    0.486263] platform eisa.0: Cannot allocate resource for EISA slot 2
[    0.486264] platform eisa.0: Cannot allocate resource for EISA slot 3
[    0.486266] platform eisa.0: Cannot allocate resource for EISA slot 4
[    0.486267] platform eisa.0: Cannot allocate resource for EISA slot 5
[    0.486268] platform eisa.0: Cannot allocate resource for EISA slot 6
[    0.486270] platform eisa.0: Cannot allocate resource for EISA slot 7
[    0.486271] platform eisa.0: Cannot allocate resource for EISA slot 8
[    0.486272] platform eisa.0: EISA: Detected 0 cards
[    0.486275] intel_pstate: Intel P-state driver initializing
[    0.486623] intel_pstate: HWP enabled
[    0.486659] ledtrig-cpu: registered to indicate activity on CPUs
[    0.486663] EFI Variables Facility v0.08 2004-May-17
[    0.494949] input: AT Translated Set 2 keyboard as /devices/platform/i8042/serio0/input/input2
[    0.525882] battery: ACPI: Battery Slot [BAT0] (battery present)
[    0.538262] intel_pmc_core intel_pmc_core.0:  initialized
[    0.538290] drop_monitor: Initializing network drop monitor service
[    0.538472] NET: Registered protocol family 10
[    0.545650] Segment Routing with IPv6
[    0.545679] NET: Registered protocol family 17
[    0.545722] Key type dns_resolver registered
[    0.546045] microcode: sig=0x406e3, pf=0x40, revision=0xe2
[    0.546116] microcode: Microcode Update Driver: v2.2.
[    0.546120] IPI shorthand broadcast: enabled
[    0.546133] sched_clock: Marking stable (545574430, 537785)->(553053195, -6940980)
[    0.546214] registered taskstats version 1
[    0.546224] Loading compiled-in X.509 certificates
[    0.547065] Loaded X.509 cert 'Build time autogenerated kernel key: 4b90feb85f99167ba287bd42fd73fbc2cb66e770'
[    0.547196] zswap: loaded using pool lzo/zbud
[    0.547284] Key type ._fscrypt registered
[    0.547286] Key type .fscrypt registered
[    0.547287] Key type fscrypt-provisioning registered
[    0.547338] Key type trusted registered
[    0.550581] Key type encrypted registered
[    0.550587] AppArmor: AppArmor sha1 policy hashing enabled
[    0.552702] integrity: Loading X.509 certificate: UEFI:db
[    0.552746] integrity: Loaded X.509 cert 'Microsoft Windows Production PCA 2011: a92902398e16c49778cd90f99e4f9ae17c55af53'
[    0.552748] integrity: Loading X.509 certificate: UEFI:db
[    0.552779] integrity: Loaded X.509 cert 'Microsoft Corporation UEFI CA 2011: 13adbf4309bd82709c8cd54f316ed522988a1bd4'
[    0.552780] integrity: Loading X.509 certificate: UEFI:db
[    0.552799] integrity: Loaded X.509 cert '4W320-14IKB: 8dcee6331cb26082429338acdf6278f7'
[    0.552800] integrity: Loading X.509 certificate: UEFI:db
[    0.552803] integrity: Problem loading X.509 certificate -65
[    0.552830] integrity: Error adding keys to platform keyring UEFI:db
[    0.555517] ima: Allocated hash algorithm: sha1
[    0.662063] ima: No architecture policies found
[    0.662088] evm: Initialising EVM extended attributes:
[    0.662089] evm: security.selinux
[    0.662090] evm: security.SMACK64
[    0.662092] evm: security.SMACK64EXEC
[    0.662092] evm: security.SMACK64TRANSMUTE
[    0.662093] evm: security.SMACK64MMAP
[    0.662094] evm: security.apparmor
[    0.662095] evm: security.ima
[    0.662095] evm: security.capability
[    0.662096] evm: HMAC attrs: 0x1
[    0.663311] PM:   Magic number: 9:107:650
[    0.663326] tty ttyprintk: hash matches
[    0.663368] acpi LNXCPU:03: hash matches
[    0.663711] RAS: Correctable Errors collector initialized.
[    0.664953] Freeing unused decrypted memory: 2036K
[    0.665434] Freeing unused kernel image (initmem) memory: 2612K
[    0.678067] Write protecting the kernel read-only data: 22528k
[    0.678701] Freeing unused kernel image (text/rodata gap) memory: 2036K
[    0.678969] Freeing unused kernel image (rodata/data gap) memory: 1088K
[    0.756959] x86/mm: Checked W+X mappings: passed, no W+X pages found.
[    0.756961] x86/mm: Checking user space page tables
[    0.813552] usb 1-7: new full-speed USB device number 2 using xhci_hcd
[    0.832247] x86/mm: Checked W+X mappings: passed, no W+X pages found.
[    0.832252] Run /init as init process
[    0.832254]   with arguments:
[    0.832255]     /init
[    0.832256]     splash
[    0.832258]   with environment:
[    0.832259]     HOME=/
[    0.832260]     TERM=linux
[    0.832261]     BOOT_IMAGE=/boot/vmlinuz-5.11.0-eudyptula-00116-gfd373f81f19c
[    0.832262]     earlyprink=vga
[    0.962541] usb 1-7: New USB device found, idVendor=0cf3, idProduct=e500, bcdDevice= 0.01
[    0.962552] usb 1-7: New USB device strings: Mfr=0, Product=0, SerialNumber=0
[    0.995669] hid: raw HID events driver (C) Jiri Kosina
[    1.002861] intel-lpss 0000:00:15.0: enabling device (0000 -> 0002)
[    1.003241] idma64 idma64.0: Found Intel integrated DMA 64-bit
[    1.018379] r8169 0000:01:00.0: can't disable ASPM; OS doesn't have ASPM control
[    1.022506] i801_smbus 0000:00:1f.4: SPD Write Disable is set
[    1.022543] i801_smbus 0000:00:1f.4: SMBus using PCI interrupt
[    1.023874] i2c_hid i2c-SYNA2B33:00: supply vdd not found, using dummy regulator
[    1.023924] i2c_hid i2c-SYNA2B33:00: supply vddl not found, using dummy regulator
[    1.028296] i2c i2c-1: 2/2 memory slots populated (from DMI)
[    1.034015] ahci 0000:00:17.0: version 3.0
[    1.034381] ahci 0000:00:17.0: AHCI 0001.0301 32 slots 2 ports 6 Gbps 0x3 impl RAID mode
[    1.034391] ahci 0000:00:17.0: flags: 64bit ncq pm led clo only pio slum part deso sadm sds apst 
[    1.036420] libphy: r8169: probed
[    1.036645] r8169 0000:01:00.0 eth0: RTL8168gu/8111gu, 8c:16:45:58:a1:ed, XID 509, IRQ 125
[    1.036650] r8169 0000:01:00.0 eth0: jumbo features [frames: 9194 bytes, tx checksumming: ko]
[    1.037560] scsi host0: ahci
[    1.037833] scsi host1: ahci
[    1.037929] ata1: SATA max UDMA/133 abar m524288@0xa1300000 port 0xa1300100 irq 126
[    1.037935] ata2: SATA max UDMA/133 abar m524288@0xa1300000 port 0xa1300180 irq 126
[    1.065309] r8169 0000:01:00.0 enp1s0: renamed from eth0
[    1.090066] usb 1-8: new high-speed USB device number 3 using xhci_hcd
[    1.277473] usb 1-8: New USB device found, idVendor=04f2, idProduct=b5d8, bcdDevice=26.22
[    1.277479] usb 1-8: New USB device strings: Mfr=3, Product=1, SerialNumber=2
[    1.277482] usb 1-8: Product: EasyCamera
[    1.277484] usb 1-8: Manufacturer: Chicony Electronics Co.,Ltd.
[    1.277485] usb 1-8: SerialNumber: 0001
[    1.356191] ata1: SATA link up 6.0 Gbps (SStatus 133 SControl 300)
[    1.361818] ata2: SATA link down (SStatus 4 SControl 300)
[    1.394674] ata1.00: ATA-10: ST1000LM035-1RK172, LCM2, max UDMA/100
[    1.394679] ata1.00: 1953525168 sectors, multi 16: LBA48 NCQ (depth 32), AA
[    1.437988] tsc: Refined TSC clocksource calibration: 1991.999 MHz
[    1.437996] clocksource: tsc: mask: 0xffffffffffffffff max_cycles: 0x396d4ffc055, max_idle_ns: 881590662783 ns
[    1.438043] clocksource: Switched to clocksource tsc
[    1.445961] ata1.00: configured for UDMA/100
[    1.446074] scsi 0:0:0:0: Direct-Access     ATA      ST1000LM035-1RK1 LCM2 PQ: 0 ANSI: 5
[    1.446324] sd 0:0:0:0: Attached scsi generic sg0 type 0
[    1.446366] sd 0:0:0:0: [sda] 1953525168 512-byte logical blocks: (1.00 TB/932 GiB)
[    1.446372] sd 0:0:0:0: [sda] 4096-byte physical blocks
[    1.446387] sd 0:0:0:0: [sda] Write Protect is off
[    1.446391] sd 0:0:0:0: [sda] Mode Sense: 00 3a 00 00
[    1.446408] sd 0:0:0:0: [sda] Write cache: enabled, read cache: enabled, doesn't support DPO or FUA
[    1.543327]  sda: sda1 sda2 sda3 sda4 sda5 sda6 sda7 sda8
[    1.543909] sd 0:0:0:0: [sda] Attached SCSI disk
[    1.551362] input: SYNA2B33:00 06CB:8251 Mouse as /devices/pci0000:00/0000:00:15.0/i2c_designware.0/i2c-0/i2c-SYNA2B33:00/0018:06CB:8251.0001/input/input3
[    1.551472] hid-generic 0018:06CB:8251.0001: input,hidraw0: I2C HID v1.00 Mouse [SYNA2B33:00 06CB:8251] on i2c-SYNA2B33:00
[    1.563685] mc: Linux media interface: v0.10
[    1.607133] videodev: Linux video capture interface: v2.00
[    1.794869] rmi4_f01 rmi4-00.fn01: found RMI device, manufacturer: Synaptics, product: TM3336-001, fw id: 2529025
[    1.890451] input: Synaptics TM3336-001 as /devices/pci0000:00/0000:00:15.0/i2c_designware.0/i2c-0/i2c-SYNA2B33:00/0018:06CB:8251.0001/input/input5
[    1.890595] hid-rmi 0018:06CB:8251.0001: input,hidraw0: I2C HID v1.00 Mouse [SYNA2B33:00 06CB:8251] on i2c-SYNA2B33:00
[    3.294558] EXT4-fs (sda6): mounted filesystem with ordered data mode. Opts: (null). Quota mode: none.
[    5.780475] systemd[1]: Inserted module 'autofs4'
[    6.158852] systemd[1]: systemd 245.4-4ubuntu3.2 running in system mode. (+PAM +AUDIT +SELINUX +IMA +APPARMOR +SMACK +SYSVINIT +UTMP +LIBCRYPTSETUP +GCRYPT +GNUTLS +ACL +XZ +LZ4 +SECCOMP +BLKID +ELFUTILS +KMOD +IDN2 -IDN +PCRE2 default-hierarchy=hybrid)
[    6.178143] systemd[1]: Detected architecture x86-64.
[    6.229766] systemd[1]: Set hostname to <ckadithya>.
[    8.357152] systemd[1]: /lib/systemd/system/dbus.socket:5: ListenStream= references a path below legacy directory /var/run/, updating /var/run/dbus/system_bus_socket  /run/dbus/system_bus_socket; please update the unit file accordingly.
[    8.596666] systemd[1]: /etc/systemd/system/teamviewerd.service:9: PIDFile= references a path below legacy directory /var/run/, updating /var/run/teamviewerd.pid  /run/teamviewerd.pid; please update the unit file accordingly.
[    9.120015] systemd[1]: /lib/systemd/system/docker.socket:6: ListenStream= references a path below legacy directory /var/run/, updating /var/run/docker.sock  /run/docker.sock; please update the unit file accordingly.
[    9.351842] systemd[1]: Created slice system-modprobe.slice.
[    9.352285] systemd[1]: Created slice system-systemd\x2dfsck.slice.
[    9.352614] systemd[1]: Created slice User and Session Slice.
[    9.352696] systemd[1]: Started Forward Password Requests to Wall Directory Watch.
[    9.352908] systemd[1]: Set up automount Arbitrary Executable File Formats File System Automount Point.
[    9.352970] systemd[1]: Reached target User and Group Name Lookups.
[    9.352993] systemd[1]: Reached target Remote File Systems.
[    9.353005] systemd[1]: Reached target Slices.
[    9.387135] systemd[1]: Listening on Syslog Socket.
[    9.387285] systemd[1]: Listening on fsck to fsckd communication Socket.
[    9.387361] systemd[1]: Listening on initctl Compatibility Named Pipe.
[    9.387591] systemd[1]: Listening on Journal Audit Socket.
[    9.387698] systemd[1]: Listening on Journal Socket (/dev/log).
[    9.387822] systemd[1]: Listening on Journal Socket.
[    9.387948] systemd[1]: Listening on udev Control Socket.
[    9.388024] systemd[1]: Listening on udev Kernel Socket.
[    9.389233] systemd[1]: Mounting Huge Pages File System...
[    9.390419] systemd[1]: Mounting POSIX Message Queue File System...
[    9.391701] systemd[1]: Mounting Kernel Debug File System...
[    9.392914] systemd[1]: Mounting Kernel Trace File System...
[    9.394643] systemd[1]: Starting Journal Service...
[    9.395983] systemd[1]: Starting Set the console keyboard layout...
[    9.397894] systemd[1]: Starting Create list of static device nodes for the current kernel...
[    9.399429] systemd[1]: Starting Load Kernel Module drm...
[    9.400309] systemd[1]: Condition check resulted in Set Up Additional Binary Formats being skipped.
[    9.400376] systemd[1]: Condition check resulted in File System Check on Root Device being skipped.
[    9.575400] systemd[1]: Starting Load Kernel Modules...
[    9.576498] systemd[1]: Starting Remount Root and Kernel File Systems...
[    9.577686] systemd[1]: Starting udev Coldplug all Devices...
[    9.580352] systemd[1]: Starting Uncomplicated firewall...
[    9.581710] systemd[1]: Started Read required files in advance.
[    9.586363] systemd[1]: Mounted Huge Pages File System.
[    9.586558] systemd[1]: Mounted POSIX Message Queue File System.
[    9.586742] systemd[1]: Mounted Kernel Debug File System.
[    9.586911] systemd[1]: Mounted Kernel Trace File System.
[    9.656640] systemd[1]: Finished Set the console keyboard layout.
[    9.695160] systemd[1]: Finished Create list of static device nodes for the current kernel.
[    9.705974] EXT4-fs (sda6): re-mounted. Opts: errors=remount-ro. Quota mode: none.
[    9.707890] systemd[1]: Finished Remount Root and Kernel File Systems.
[    9.949893] systemd[1]: Condition check resulted in Rebuild Hardware Database being skipped.
[    9.949958] systemd[1]: Condition check resulted in Platform Persistent Storage Archival being skipped.
[    9.951128] systemd[1]: Starting Load/Save Random Seed...
[    9.952274] systemd[1]: Starting Create System Users...
[    9.953152] systemd[1]: Finished Uncomplicated firewall.
[   10.114752] lp: driver loaded but no devices found
[   10.202594] systemd[1]: modprobe@drm.service: Succeeded.
[   10.203168] systemd[1]: Finished Load Kernel Module drm.
[   10.210560] systemd[1]: Started Journal Service.
[   10.224468] ppdev: user-space parallel port driver
[   10.235257] systemd-journald[262]: Received client request to flush runtime journal.
[   11.426204] loop0: detected capacity change from 113424 to 0
[   11.445969] loop1: detected capacity change from 201424 to 0
[   11.465925] loop2: detected capacity change from 333552 to 0
[   11.489829] loop3: detected capacity change from 446248 to 0
[   11.513806] loop4: detected capacity change from 448496 to 0
[   11.545775] loop5: detected capacity change from 200464 to 0
[   11.562086] loop6: detected capacity change from 129104 to 0
[   11.601976] loop7: detected capacity change from 552 to 0
[   11.649859] loop8: detected capacity change from 1912 to 0
[   11.697938] loop9: detected capacity change from 132648 to 0
[   11.738359] loop10: detected capacity change from 4576 to 0
[   11.770160] loop11: detected capacity change from 1096 to 0
[   11.818108] loop12: detected capacity change from 108296 to 0
[   11.862098] loop13: detected capacity change from 552 to 0
[   11.910643] loop14: detected capacity change from 330576 to 0
[   11.958580] loop15: detected capacity change from 5080 to 0
[   12.018012] loop16: detected capacity change from 113592 to 0
[   12.058104] loop17: detected capacity change from 4440 to 0
[   12.094145] loop18: detected capacity change from 127160 to 0
[   12.142206] loop19: detected capacity change from 4992 to 0
[   15.049191] input: Ideapad extra buttons as /devices/pci0000:00/0000:00:1f.0/PNP0C09:00/VPC2004:00/input/input6
[   15.573935] mei_me 0000:00:16.0: enabling device (0000 -> 0002)
[   16.347902] RAPL PMU: API unit is 2^-32 Joules, 5 fixed counters, 655360 ms ovfl timer
[   16.347906] RAPL PMU: hw unit of domain pp0-core 2^-14 Joules
[   16.347908] RAPL PMU: hw unit of domain package 2^-14 Joules
[   16.347909] RAPL PMU: hw unit of domain dram 2^-14 Joules
[   16.347910] RAPL PMU: hw unit of domain pp1-gpu 2^-14 Joules
[   16.347911] RAPL PMU: hw unit of domain psys 2^-14 Joules
[   16.980727] cfg80211: Loading compiled-in X.509 certificates for regulatory database
[   16.981283] cfg80211: Loaded X.509 cert 'sforshee: 00b28ddf47aef9cea7'
[   17.220017] cryptd: max_cpu_qlen set to 1000
[   17.550757] Bluetooth: Core ver 2.22
[   17.550796] NET: Registered protocol family 31
[   17.550801] Bluetooth: HCI device and connection manager initialized
[   17.550806] Bluetooth: HCI socket layer initialized
[   17.550808] Bluetooth: L2CAP socket layer initialized
[   17.550813] Bluetooth: SCO socket layer initialized
[   18.042922] usbcore: registered new interface driver btusb
[   18.342065] AVX2 version of gcm_enc/dec engaged.
[   18.342068] AES CTR mode by8 optimization enabled
[   19.246926] uvcvideo: Found UVC 1.00 device EasyCamera (04f2:b5d8)
[   19.252335] input: EasyCamera: EasyCamera as /devices/pci0000:00/0000:00:14.0/usb1/1-8/1-8:1.0/input/input7
[   19.252456] usbcore: registered new interface driver uvcvideo
[   19.252459] USB Video Class driver (1.1.1)
[   23.307105] intel_rapl_common: Found RAPL domain package
[   23.307111] intel_rapl_common: Found RAPL domain core
[   23.307113] intel_rapl_common: Found RAPL domain uncore
[   23.307114] intel_rapl_common: Found RAPL domain dram
[   23.307116] intel_rapl_common: Found RAPL domain psys
[   23.718299] ath10k_pci 0000:02:00.0: pci irq msi oper_irq_mode 2 irq_mode 0 reset_mode 0
[   24.276181] ath10k_pci 0000:02:00.0: qca9377 hw1.1 target 0x05020001 chip_id 0x003821ff sub 17aa:0901
[   24.276193] ath10k_pci 0000:02:00.0: kconfig debug 0 debugfs 1 tracing 1 dfs 0 testmode 0
[   24.276889] ath10k_pci 0000:02:00.0: firmware ver WLAN.TF.2.1-00021-QCARMSWP-1 api 6 features wowlan,ignore-otp crc32 42e41877
[   24.434246] ath10k_pci 0000:02:00.0: board_file api 2 bmi_id N/A crc32 8aedfa4a
[   24.529468] ath10k_pci 0000:02:00.0: htt-ver 3.56 wmi-op 4 htt-op 3 cal otp max-sta 32 raw 0 hwcrypto 1
[   24.619817] ath: EEPROM regdomain: 0x6c
[   24.619821] ath: EEPROM indicates we should expect a direct regpair map
[   24.619823] ath: Country alpha2 being used: 00
[   24.619824] ath: Regpair used: 0x6c
[   24.798001] ath10k_pci 0000:02:00.0 wlp2s0: renamed from wlan0
[   26.569591] Adding 8000508k swap on /dev/sda7.  Priority:-2 extents:1 across:8000508k FS
[   28.886575] checking generic (90000000 408000) vs hw (a0000000 1000000)
[   28.886580] checking generic (90000000 408000) vs hw (90000000 10000000)
[   28.886583] fb0: switching to inteldrmfb from EFI VGA
[   28.886748] Console: switching to colour dummy device 80x25
[   28.886761] i915 0000:00:02.0: vgaarb: deactivate vga console
[   28.895300] i915 0000:00:02.0: vgaarb: changed VGA decodes: olddecodes=io+mem,decodes=io+mem:owns=io+mem
[   28.981627] i915 0000:00:02.0: [drm] Finished loading DMC firmware i915/skl_dmc_ver1_27.bin (v1.27)
[   30.245568] [drm] Initialized i915 1.6.0 20201103 for 0000:00:02.0 on minor 0
[   30.248580] ACPI: Video Device [GFX0] (multi-head: yes  rom: no  post: no)
[   30.248856] input: Video Bus as /devices/LNXSYSTM:00/LNXSYBUS:00/PNP0A08:00/LNXVIDEO:00/input/input8
[   30.249069] snd_hda_intel 0000:00:1f.3: bound 0000:00:02.0 (ops i915_audio_component_bind_ops [i915])
[   30.253549] fbcon: i915drmfb (fb0) is primary device
[   30.261636] Console: switching to colour frame buffer device 170x48
[   30.280631] i915 0000:00:02.0: [drm] fb0: i915drmfb frame buffer device
[   30.472350] snd_hda_codec_generic hdaudioC0D0: autoconfig for Generic: line_outs=1 (0x14/0x0/0x0/0x0/0x0) type:speaker
[   30.472359] snd_hda_codec_generic hdaudioC0D0:    speaker_outs=0 (0x0/0x0/0x0/0x0/0x0)
[   30.472364] snd_hda_codec_generic hdaudioC0D0:    hp_outs=1 (0x21/0x0/0x0/0x0/0x0)
[   30.472368] snd_hda_codec_generic hdaudioC0D0:    mono: mono_out=0x0
[   30.472370] snd_hda_codec_generic hdaudioC0D0:    inputs:
[   30.472373] snd_hda_codec_generic hdaudioC0D0:      Mic=0x19
[   30.472376] snd_hda_codec_generic hdaudioC0D0:      Internal Mic=0x12
[   30.534555] input: HDA Intel PCH Mic as /devices/pci0000:00/0000:00:1f.3/sound/card0/input9
[   30.534635] input: HDA Intel PCH Headphone as /devices/pci0000:00/0000:00:1f.3/sound/card0/input10
[   30.534713] input: HDA Intel PCH HDMI/DP,pcm=3 as /devices/pci0000:00/0000:00:1f.3/sound/card0/input11
[   30.534786] input: HDA Intel PCH HDMI/DP,pcm=7 as /devices/pci0000:00/0000:00:1f.3/sound/card0/input12
[   30.534860] input: HDA Intel PCH HDMI/DP,pcm=8 as /devices/pci0000:00/0000:00:1f.3/sound/card0/input13
[   30.534936] input: HDA Intel PCH HDMI/DP,pcm=9 as /devices/pci0000:00/0000:00:1f.3/sound/card0/input14
[   30.535019] input: HDA Intel PCH HDMI/DP,pcm=10 as /devices/pci0000:00/0000:00:1f.3/sound/card0/input15
[   31.648869] EXT4-fs (sda8): mounted filesystem with ordered data mode. Opts: (null). Quota mode: none.
[   32.427386] audit: type=1400 audit(1613766996.435:2): apparmor="STATUS" operation="profile_load" profile="unconfined" name="lsb_release" pid=690 comm="apparmor_parser"
[   32.439576] audit: type=1400 audit(1613766996.447:3): apparmor="STATUS" operation="profile_load" profile="unconfined" name="/usr/bin/man" pid=693 comm="apparmor_parser"
[   32.439583] audit: type=1400 audit(1613766996.447:4): apparmor="STATUS" operation="profile_load" profile="unconfined" name="man_filter" pid=693 comm="apparmor_parser"
[   32.439586] audit: type=1400 audit(1613766996.447:5): apparmor="STATUS" operation="profile_load" profile="unconfined" name="man_groff" pid=693 comm="apparmor_parser"
[   32.460650] audit: type=1400 audit(1613766996.467:6): apparmor="STATUS" operation="profile_load" profile="unconfined" name="libreoffice-senddoc" pid=694 comm="apparmor_parser"
[   32.472707] audit: type=1400 audit(1613766996.479:7): apparmor="STATUS" operation="profile_load" profile="unconfined" name="libreoffice-oopslash" pid=695 comm="apparmor_parser"
[   32.475389] audit: type=1400 audit(1613766996.483:8): apparmor="STATUS" operation="profile_load" profile="unconfined" name="/usr/lib/NetworkManager/nm-dhcp-client.action" pid=691 comm="apparmor_parser"
[   32.475397] audit: type=1400 audit(1613766996.483:9): apparmor="STATUS" operation="profile_load" profile="unconfined" name="/usr/lib/NetworkManager/nm-dhcp-helper" pid=691 comm="apparmor_parser"
[   32.475402] audit: type=1400 audit(1613766996.483:10): apparmor="STATUS" operation="profile_load" profile="unconfined" name="/usr/lib/connman/scripts/dhclient-script" pid=691 comm="apparmor_parser"
[   32.475406] audit: type=1400 audit(1613766996.483:11): apparmor="STATUS" operation="profile_load" profile="unconfined" name="/{,usr/}sbin/dhclient" pid=691 comm="apparmor_parser"
[   40.470938] loop20: detected capacity change from 8 to 0
[   42.655165] Bluetooth: BNEP (Ethernet Emulation) ver 1.3
[   42.655170] Bluetooth: BNEP filters: protocol multicast
[   42.655174] Bluetooth: BNEP socket layer initialized
[   42.974107] NET: Registered protocol family 38
[   44.351172] kauditd_printk_skb: 36 callbacks suppressed
[   44.351186] audit: type=1400 audit(1613767008.359:48): apparmor="DENIED" operation="capable" profile="/usr/sbin/cups-browsed" pid=888 comm="cups-browsed" capability=23  capname="sys_nice"
[   45.561705] Generic FE-GE Realtek PHY r8169-100:00: attached PHY driver (mii_bus:phy_addr=r8169-100:00, irq=IGNORE)
[   45.745688] r8169 0000:01:00.0 enp1s0: Link is Down
[   52.092144] wlp2s0: authenticate with dc:eb:69:a6:d3:ca
[   52.126283] wlp2s0: send auth to dc:eb:69:a6:d3:ca (try 1/3)
[   52.127303] wlp2s0: authenticated
[   52.129556] wlp2s0: associate with dc:eb:69:a6:d3:ca (try 1/3)
[   52.132844] wlp2s0: RX AssocResp from dc:eb:69:a6:d3:ca (capab=0x1511 status=0 aid=8)
[   52.135468] wlp2s0: associated
[   52.135698] ath: EEPROM regdomain: 0x8348
[   52.135711] ath: EEPROM indicates we should expect a country code
[   52.135717] ath: doing EEPROM country->regdmn map search
[   52.135722] ath: country maps to regdmn code: 0x3a
[   52.135726] ath: Country alpha2 being used: US
[   52.135729] ath: Regpair used: 0x3a
[   52.135733] ath: regdomain 0x8348 dynamically updated by country element
[   52.148512] wlp2s0: Limiting TX power to 30 (30 - 0) dBm as advertised by dc:eb:69:a6:d3:ca
[   52.421897] IPv6: ADDRCONF(NETDEV_CHANGE): wlp2s0: link becomes ready
[   62.828802] audit: type=1400 audit(1613767026.835:49): apparmor="STATUS" operation="profile_load" profile="unconfined" name="docker-default" pid=1206 comm="apparmor_parser"
[   67.330295] bridge: filtering via arp/ip/ip6tables is no longer available by default. Update your scripts to load br_netfilter if you need this.
[   67.434871] Bridge firewalling registered
[   67.629588] bpfilter: Loaded bpfilter_umh pid 1245
[   67.631002] Started bpfilter
[   69.062418] Initializing XFRM netlink socket
[   73.188477] process 'docker/tmp/qemu-check495707226/check' started with executable stack
[   76.316319] rfkill: input handler disabled
[  101.724354] rfkill: input handler enabled
[  101.857220] Bluetooth: RFCOMM TTY layer initialized
[  101.857230] Bluetooth: RFCOMM socket layer initialized
[  101.857236] Bluetooth: RFCOMM ver 1.11
[  117.173382] rfkill: input handler disabled
[  448.850299] usb 1-1: new low-speed USB device number 4 using xhci_hcd
[  449.016054] usb 1-1: New USB device found, idVendor=03f0, idProduct=0024, bcdDevice= 1.30
[  449.016075] usb 1-1: New USB device strings: Mfr=1, Product=2, SerialNumber=0
[  449.016085] usb 1-1: Product: HP Basic USB Keyboard
[  449.016093] usb 1-1: Manufacturer: CHICONY
[  449.110092] eudyptula_challenge_task05: loading out-of-tree module taints kernel.
[  449.110286] Task05 - USB Driver Module loaded successfully!
