[    0.000000] microcode: microcode updated early to revision 0xe2, date = 2020-07-14
[    0.000000] Linux version 5.11.0-eudyptula-00116-gfd373f81f19c (root@ckadithya) (gcc (Ubuntu 9.3.0-17ubuntu1~20.04) 9.3.0, GNU ld (GNU Binutils for Ubuntu) 2.34) #3 SMP Sat Feb 13 11:53:44 PST 2021
[    0.000000] Command line: BOOT_IMAGE=/boot/vmlinuz-5.11.0-eudyptula-00116-gfd373f81f19c root=UUID=db747fa5-b16c-4d3e-8911-a8778177263d ro earlyprink=vga quiet splash vt.handoff=7
[    0.000000] KERNEL supported cpus:
[    0.000000]   Intel GenuineIntel
[    0.000000]   AMD AuthenticAMD
[    0.000000]   Hygon HygonGenuine
[    0.000000]   Centaur CentaurHauls
[    0.000000]   zhaoxin   Shanghai  
[    0.000000] x86/fpu: Supporting XSAVE feature 0x001: 'x87 floating point registers'
[    0.000000] x86/fpu: Supporting XSAVE feature 0x002: 'SSE registers'
[    0.000000] x86/fpu: Supporting XSAVE feature 0x004: 'AVX registers'
[    0.000000] x86/fpu: Supporting XSAVE feature 0x008: 'MPX bounds registers'
[    0.000000] x86/fpu: Supporting XSAVE feature 0x010: 'MPX CSR'
[    0.000000] x86/fpu: xstate_offset[2]:  576, xstate_sizes[2]:  256
[    0.000000] x86/fpu: xstate_offset[3]:  832, xstate_sizes[3]:   64
[    0.000000] x86/fpu: xstate_offset[4]:  896, xstate_sizes[4]:   64
[    0.000000] x86/fpu: Enabled xstate features 0x1f, context size is 960 bytes, using 'compacted' format.
[    0.000000] BIOS-provided physical RAM map:
[    0.000000] BIOS-e820: [mem 0x0000000000000000-0x0000000000057fff] usable
[    0.000000] BIOS-e820: [mem 0x0000000000058000-0x0000000000058fff] reserved
[    0.000000] BIOS-e820: [mem 0x0000000000059000-0x000000000009dfff] usable
[    0.000000] BIOS-e820: [mem 0x000000000009e000-0x00000000000fffff] reserved
[    0.000000] BIOS-e820: [mem 0x0000000000100000-0x0000000066957fff] usable
[    0.000000] BIOS-e820: [mem 0x0000000066958000-0x0000000066958fff] ACPI NVS
[    0.000000] BIOS-e820: [mem 0x0000000066959000-0x0000000066959fff] reserved
[    0.000000] BIOS-e820: [mem 0x000000006695a000-0x0000000068387fff] usable
[    0.000000] BIOS-e820: [mem 0x0000000068388000-0x0000000068c87fff] reserved
[    0.000000] BIOS-e820: [mem 0x0000000068c88000-0x000000007ee9dfff] usable
[    0.000000] BIOS-e820: [mem 0x000000007ee9e000-0x000000007f88dfff] reserved
[    0.000000] BIOS-e820: [mem 0x000000007f88e000-0x000000007ff7dfff] ACPI NVS
[    0.000000] BIOS-e820: [mem 0x000000007ff7e000-0x000000007fffdfff] ACPI data
[    0.000000] BIOS-e820: [mem 0x000000007fffe000-0x000000007fffefff] usable
[    0.000000] BIOS-e820: [mem 0x000000007ffff000-0x000000008affffff] reserved
[    0.000000] BIOS-e820: [mem 0x00000000e0000000-0x00000000efffffff] reserved
[    0.000000] BIOS-e820: [mem 0x00000000fd000000-0x00000000fe7fffff] reserved
[    0.000000] BIOS-e820: [mem 0x00000000fec00000-0x00000000fec00fff] reserved
[    0.000000] BIOS-e820: [mem 0x00000000fed00000-0x00000000fed00fff] reserved
[    0.000000] BIOS-e820: [mem 0x00000000fed10000-0x00000000fed19fff] reserved
[    0.000000] BIOS-e820: [mem 0x00000000fed84000-0x00000000fed84fff] reserved
[    0.000000] BIOS-e820: [mem 0x00000000fee00000-0x00000000fee00fff] reserved
[    0.000000] BIOS-e820: [mem 0x00000000ffa10000-0x00000000ffffffff] reserved
[    0.000000] BIOS-e820: [mem 0x0000000100000000-0x0000000573ffffff] usable
[    0.000000] NX (Execute Disable) protection: active
[    0.000000] e820: update [mem 0x663d6018-0x663e6057] usable ==> usable
[    0.000000] e820: update [mem 0x663d6018-0x663e6057] usable ==> usable
[    0.000000] e820: update [mem 0x663b8018-0x663d5a57] usable ==> usable
[    0.000000] e820: update [mem 0x663b8018-0x663d5a57] usable ==> usable
[    0.000000] e820: update [mem 0x663a9018-0x663b7057] usable ==> usable
[    0.000000] e820: update [mem 0x663a9018-0x663b7057] usable ==> usable
[    0.000000] extended physical RAM map:
[    0.000000] reserve setup_data: [mem 0x0000000000000000-0x0000000000057fff] usable
[    0.000000] reserve setup_data: [mem 0x0000000000058000-0x0000000000058fff] reserved
[    0.000000] reserve setup_data: [mem 0x0000000000059000-0x000000000009dfff] usable
[    0.000000] reserve setup_data: [mem 0x000000000009e000-0x00000000000fffff] reserved
[    0.000000] reserve setup_data: [mem 0x0000000000100000-0x00000000663a9017] usable
[    0.000000] reserve setup_data: [mem 0x00000000663a9018-0x00000000663b7057] usable
[    0.000000] reserve setup_data: [mem 0x00000000663b7058-0x00000000663b8017] usable
[    0.000000] reserve setup_data: [mem 0x00000000663b8018-0x00000000663d5a57] usable
[    0.000000] reserve setup_data: [mem 0x00000000663d5a58-0x00000000663d6017] usable
[    0.000000] reserve setup_data: [mem 0x00000000663d6018-0x00000000663e6057] usable
[    0.000000] reserve setup_data: [mem 0x00000000663e6058-0x0000000066957fff] usable
[    0.000000] reserve setup_data: [mem 0x0000000066958000-0x0000000066958fff] ACPI NVS
[    0.000000] reserve setup_data: [mem 0x0000000066959000-0x0000000066959fff] reserved
[    0.000000] reserve setup_data: [mem 0x000000006695a000-0x0000000068387fff] usable
[    0.000000] reserve setup_data: [mem 0x0000000068388000-0x0000000068c87fff] reserved
[    0.000000] reserve setup_data: [mem 0x0000000068c88000-0x000000007ee9dfff] usable
[    0.000000] reserve setup_data: [mem 0x000000007ee9e000-0x000000007f88dfff] reserved
[    0.000000] reserve setup_data: [mem 0x000000007f88e000-0x000000007ff7dfff] ACPI NVS
[    0.000000] reserve setup_data: [mem 0x000000007ff7e000-0x000000007fffdfff] ACPI data
[    0.000000] reserve setup_data: [mem 0x000000007fffe000-0x000000007fffefff] usable
[    0.000000] reserve setup_data: [mem 0x000000007ffff000-0x000000008affffff] reserved
[    0.000000] reserve setup_data: [mem 0x00000000e0000000-0x00000000efffffff] reserved
[    0.000000] reserve setup_data: [mem 0x00000000fd000000-0x00000000fe7fffff] reserved
[    0.000000] reserve setup_data: [mem 0x00000000fec00000-0x00000000fec00fff] reserved
[    0.000000] reserve setup_data: [mem 0x00000000fed00000-0x00000000fed00fff] reserved
[    0.000000] reserve setup_data: [mem 0x00000000fed10000-0x00000000fed19fff] reserved
[    0.000000] reserve setup_data: [mem 0x00000000fed84000-0x00000000fed84fff] reserved
[    0.000000] reserve setup_data: [mem 0x00000000fee00000-0x00000000fee00fff] reserved
[    0.000000] reserve setup_data: [mem 0x00000000ffa10000-0x00000000ffffffff] reserved
[    0.000000] reserve setup_data: [mem 0x0000000100000000-0x0000000573ffffff] usable
[    0.000000] efi: EFI v2.50 by INSYDE Corp.
[    0.000000] efi: ACPI 2.0=0x7fffd014 SMBIOS=0x7f102000 SMBIOS 3.0=0x7f100000 ESRT=0x7f103918 MEMATTR=0x6f73c018 RNG=0x7f0fe958 TPMEventLog=0x68c94018 
[    0.000000] efi: seeding entropy pool
[    0.000000] random: fast init done
[    0.000000] [Firmware Bug]: TPM Final Events table missing or invalid
[    0.000000] SMBIOS 3.0.0 present.
[    0.000000] DMI: LENOVO 80XG/LNVNB161216, BIOS 4WCN47WW 06/30/2020
[    0.000000] tsc: Detected 2000.000 MHz processor
[    0.000000] tsc: Detected 1999.968 MHz TSC
[    0.000634] e820: update [mem 0x00000000-0x00000fff] usable ==> reserved
[    0.000639] e820: remove [mem 0x000a0000-0x000fffff] usable
[    0.000650] last_pfn = 0x574000 max_arch_pfn = 0x400000000
[    0.000655] MTRR default type: write-back
[    0.000656] MTRR fixed ranges enabled:
[    0.000658]   00000-9FFFF write-back
[    0.000660]   A0000-BFFFF uncachable
[    0.000662]   C0000-FFFFF write-protect
[    0.000663] MTRR variable ranges enabled:
[    0.000665]   0 base 00C0000000 mask 7FC0000000 uncachable
[    0.000668]   1 base 00A0000000 mask 7FE0000000 uncachable
[    0.000670]   2 base 0090000000 mask 7FF0000000 uncachable
[    0.000672]   3 base 008C000000 mask 7FFC000000 uncachable
[    0.000674]   4 base 008A000000 mask 7FFE000000 uncachable
[    0.000675]   5 base 0089000000 mask 7FFF000000 uncachable
[    0.000677]   6 base 0088800000 mask 7FFF800000 uncachable
[    0.000678]   7 disabled
[    0.000680]   8 disabled
[    0.000681]   9 disabled
[    0.000867] x86/PAT: Configuration [0-7]: WB  WC  UC- UC  WB  WP  UC- WT  
[    0.002114] last_pfn = 0x7ffff max_arch_pfn = 0x400000000
[    0.012119] esrt: Reserving ESRT space from 0x000000007f103918 to 0x000000007f1039c8.
[    0.012130] check: Scanning 1 areas for low memory corruption
[    0.012136] Using GB pages for direct mapping
[    0.013297] Secure boot disabled
[    0.013298] RAMDISK: [mem 0x3ea61000-0x3fffdfff]
[    0.013308] ACPI: Early table checksum verification disabled
[    0.013312] ACPI: RSDP 0x000000007FFFD014 000024 (v02 LENOVO)
[    0.013318] ACPI: XSDT 0x000000007FFC8188 000114 (v01 LENOVO CB-01    00000001      01000013)
[    0.013325] ACPI: FACP 0x000000007FFEE000 00010C (v05 LENOVO CB-01    00000001 ACPI 00040000)
[    0.013334] ACPI: DSDT 0x000000007FFCE000 01CD27 (v02 LENOVO CB-01    00000001 ACPI 00040000)
[    0.013339] ACPI: FACS 0x000000007FF5B000 000040
[    0.013343] ACPI: UEFI 0x000000007FFFC000 000236 (v01 LENOVO CB-01    00000001 ACPI 00040000)
[    0.013347] ACPI: UEFI 0x000000007FFFB000 000042 (v01 LENOVO CB-01    00000001 ACPI 00040000)
[    0.013351] ACPI: MSDM 0x000000007FFFA000 000055 (v03 LENOVO CB-01    00000001 ACPI 00040000)
[    0.013356] ACPI: SSDT 0x000000007FFF9000 0004CE (v02 LENOVO CB-01    00000001 ACPI 00040000)
[    0.013360] ACPI: SSDT 0x000000007FFF8000 000046 (v02 LENOVO CB-01    00000001 ACPI 00040000)
[    0.013364] ACPI: TPM2 0x000000007FFF7000 000034 (v03 LENOVO CB-01    00000001 ACPI 00040000)
[    0.013368] ACPI: SSDT 0x000000007FFF3000 0030F8 (v02 LENOVO CB-01    00000001 ACPI 00040000)
[    0.013373] ACPI: ASF! 0x000000007FFF2000 0000A5 (v32 LENOVO CB-01    00000001 ACPI 00040000)
[    0.013377] ACPI: ASPT 0x000000007FFF1000 000034 (v07 LENOVO CB-01    00000001 ACPI 00040000)
[    0.013381] ACPI: BOOT 0x000000007FFF0000 000028 (v01 LENOVO CB-01    00000001 ACPI 00040000)
[    0.013386] ACPI: DBGP 0x000000007FFEF000 000034 (v01 LENOVO CB-01    00000001 ACPI 00040000)
[    0.013390] ACPI: HPET 0x000000007FFED000 000038 (v01 LENOVO CB-01    00000001 ACPI 00040000)
[    0.013394] ACPI: APIC 0x000000007FFEC000 0000BC (v03 LENOVO CB-01    00000001 ACPI 00040000)
[    0.013399] ACPI: MCFG 0x000000007FFEB000 00003C (v01 LENOVO CB-01    00000001 ACPI 00040000)
[    0.013403] ACPI: LPIT 0x000000007FFCD000 000094 (v01 LENOVO CB-01    00000001 ACPI 00040000)
[    0.013407] ACPI: WSMT 0x000000007FFCC000 000028 (v01 LENOVO CB-01    00000001 ACPI 00040000)
[    0.013411] ACPI: SSDT 0x000000007FFCB000 00029F (v02 LENOVO CB-01    00000001 ACPI 00040000)
[    0.013416] ACPI: SSDT 0x000000007FFCA000 000346 (v01 LENOVO CB-01    00000001 ACPI 00040000)
[    0.013420] ACPI: SSDT 0x000000007FFC9000 000E41 (v02 LENOVO CB-01    00000001 ACPI 00040000)
[    0.013424] ACPI: SSDT 0x000000007FFC7000 00051E (v02 LENOVO CB-01    00000001 ACPI 00040000)
[    0.013428] ACPI: DBGP 0x000000007FFC6000 000034 (v01 LENOVO CB-01    00000001 ACPI 00040000)
[    0.013433] ACPI: DBG2 0x000000007FFC5000 000054 (v00 LENOVO CB-01    00000001 ACPI 00040000)
[    0.013437] ACPI: SSDT 0x000000007FFC3000 00106A (v02 LENOVO CB-01    00000001 ACPI 00040000)
[    0.013441] ACPI: SSDT 0x000000007FFC2000 000EDE (v02 LENOVO CB-01    00000001 ACPI 00040000)
[    0.013445] ACPI: UEFI 0x000000007FFC1000 00063A (v01 LENOVO CB-01    00000001 ACPI 00040000)
[    0.013450] ACPI: UEFI 0x000000007FFC0000 00005C (v01 LENOVO CB-01    00000001 ACPI 00040000)
[    0.013454] ACPI: DMAR 0x000000007FFBF000 0000CC (v01 LENOVO CB-01    00000001 ACPI 00040000)
[    0.013458] ACPI: FPDT 0x000000007FFBE000 000044 (v01 LENOVO CB-01    00000001 ACPI 00040000)
[    0.013463] ACPI: BGRT 0x000000007FFBD000 000038 (v01 LENOVO CB-01    00000001 ACPI 00040000)
[    0.013472] ACPI: Local APIC address 0xfee00000
[    0.013670] No NUMA configuration found
[    0.013671] Faking a node at [mem 0x0000000000000000-0x0000000573ffffff]
[    0.013686] NODE_DATA(0) allocated [mem 0x573fd5000-0x573ffffff]
[    0.014055] Zone ranges:
[    0.014056]   DMA      [mem 0x0000000000001000-0x0000000000ffffff]
[    0.014059]   DMA32    [mem 0x0000000001000000-0x00000000ffffffff]
[    0.014062]   Normal   [mem 0x0000000100000000-0x0000000573ffffff]
[    0.014064]   Device   empty
[    0.014066] Movable zone start for each node
[    0.014070] Early memory node ranges
[    0.014071]   node   0: [mem 0x0000000000001000-0x0000000000057fff]
[    0.014073]   node   0: [mem 0x0000000000059000-0x000000000009dfff]
[    0.014074]   node   0: [mem 0x0000000000100000-0x0000000066957fff]
[    0.014076]   node   0: [mem 0x000000006695a000-0x0000000068387fff]
[    0.014077]   node   0: [mem 0x0000000068c88000-0x000000007ee9dfff]
[    0.014079]   node   0: [mem 0x000000007fffe000-0x000000007fffefff]
[    0.014080]   node   0: [mem 0x0000000100000000-0x0000000573ffffff]
[    0.014291] Zeroed struct page in unavailable ranges: 23239 pages
[    0.014293] Initmem setup node 0 [mem 0x0000000000001000-0x0000000573ffffff]
[    0.014296] On node 0 totalpages: 5186873
[    0.014298]   DMA zone: 64 pages used for memmap
[    0.014299]   DMA zone: 21 pages reserved
[    0.014301]   DMA zone: 3996 pages, LIFO batch:0
[    0.014328]   DMA32 zone: 8023 pages used for memmap
[    0.014330]   DMA32 zone: 513437 pages, LIFO batch:63
[    0.017613]   Normal zone: 72960 pages used for memmap
[    0.017615]   Normal zone: 4669440 pages, LIFO batch:63
[    0.047534] Reserving Intel graphics memory at [mem 0x89000000-0x8affffff]
[    0.047693] ACPI: PM-Timer IO Port: 0x1808
[    0.047695] ACPI: Local APIC address 0xfee00000
[    0.047703] ACPI: LAPIC_NMI (acpi_id[0x01] high edge lint[0x1])
[    0.047705] ACPI: LAPIC_NMI (acpi_id[0x02] high edge lint[0x1])
[    0.047707] ACPI: LAPIC_NMI (acpi_id[0x03] high edge lint[0x1])
[    0.047708] ACPI: LAPIC_NMI (acpi_id[0x04] high edge lint[0x1])
[    0.047709] ACPI: LAPIC_NMI (acpi_id[0x05] high edge lint[0x1])
[    0.047710] ACPI: LAPIC_NMI (acpi_id[0x06] high edge lint[0x1])
[    0.047711] ACPI: LAPIC_NMI (acpi_id[0x07] high edge lint[0x1])
[    0.047713] ACPI: LAPIC_NMI (acpi_id[0x08] high edge lint[0x1])
[    0.047739] IOAPIC[0]: apic_id 2, version 32, address 0xfec00000, GSI 0-119
[    0.047743] ACPI: INT_SRC_OVR (bus 0 bus_irq 0 global_irq 2 dfl dfl)
[    0.047745] ACPI: INT_SRC_OVR (bus 0 bus_irq 9 global_irq 9 high level)
[    0.047748] ACPI: IRQ0 used by override.
[    0.047749] ACPI: IRQ9 used by override.
[    0.047752] Using ACPI (MADT) for SMP configuration information
[    0.047753] ACPI: HPET id: 0x8086a201 base: 0xfed00000
[    0.047761] e820: update [mem 0x6f6bb000-0x6f736fff] usable ==> reserved
[    0.047776] TSC deadline timer available
[    0.047778] smpboot: Allowing 4 CPUs, 0 hotplug CPUs
[    0.047806] PM: hibernation: Registered nosave memory: [mem 0x00000000-0x00000fff]
[    0.047809] PM: hibernation: Registered nosave memory: [mem 0x00058000-0x00058fff]
[    0.047812] PM: hibernation: Registered nosave memory: [mem 0x0009e000-0x000fffff]
[    0.047814] PM: hibernation: Registered nosave memory: [mem 0x663a9000-0x663a9fff]
[    0.047817] PM: hibernation: Registered nosave memory: [mem 0x663b7000-0x663b7fff]
[    0.047818] PM: hibernation: Registered nosave memory: [mem 0x663b8000-0x663b8fff]
[    0.047820] PM: hibernation: Registered nosave memory: [mem 0x663d5000-0x663d5fff]
[    0.047822] PM: hibernation: Registered nosave memory: [mem 0x663d6000-0x663d6fff]
[    0.047824] PM: hibernation: Registered nosave memory: [mem 0x663e6000-0x663e6fff]
[    0.047827] PM: hibernation: Registered nosave memory: [mem 0x66958000-0x66958fff]
[    0.047828] PM: hibernation: Registered nosave memory: [mem 0x66959000-0x66959fff]
[    0.047830] PM: hibernation: Registered nosave memory: [mem 0x68388000-0x68c87fff]
[    0.047833] PM: hibernation: Registered nosave memory: [mem 0x6f6bb000-0x6f736fff]
[    0.047835] PM: hibernation: Registered nosave memory: [mem 0x7ee9e000-0x7f88dfff]
[    0.047836] PM: hibernation: Registered nosave memory: [mem 0x7f88e000-0x7ff7dfff]
[    0.047837] PM: hibernation: Registered nosave memory: [mem 0x7ff7e000-0x7fffdfff]
[    0.047840] PM: hibernation: Registered nosave memory: [mem 0x7ffff000-0x8affffff]
[    0.047841] PM: hibernation: Registered nosave memory: [mem 0x8b000000-0xdfffffff]
[    0.047842] PM: hibernation: Registered nosave memory: [mem 0xe0000000-0xefffffff]
[    0.047843] PM: hibernation: Registered nosave memory: [mem 0xf0000000-0xfcffffff]
[    0.047844] PM: hibernation: Registered nosave memory: [mem 0xfd000000-0xfe7fffff]
[    0.047846] PM: hibernation: Registered nosave memory: [mem 0xfe800000-0xfebfffff]
[    0.047847] PM: hibernation: Registered nosave memory: [mem 0xfec00000-0xfec00fff]
[    0.047848] PM: hibernation: Registered nosave memory: [mem 0xfec01000-0xfecfffff]
[    0.047849] PM: hibernation: Registered nosave memory: [mem 0xfed00000-0xfed00fff]
[    0.047850] PM: hibernation: Registered nosave memory: [mem 0xfed01000-0xfed0ffff]
[    0.047851] PM: hibernation: Registered nosave memory: [mem 0xfed10000-0xfed19fff]
[    0.047852] PM: hibernation: Registered nosave memory: [mem 0xfed1a000-0xfed83fff]
[    0.047853] PM: hibernation: Registered nosave memory: [mem 0xfed84000-0xfed84fff]
[    0.047854] PM: hibernation: Registered nosave memory: [mem 0xfed85000-0xfedfffff]
[    0.047855] PM: hibernation: Registered nosave memory: [mem 0xfee00000-0xfee00fff]
[    0.047856] PM: hibernation: Registered nosave memory: [mem 0xfee01000-0xffa0ffff]
[    0.047858] PM: hibernation: Registered nosave memory: [mem 0xffa10000-0xffffffff]
[    0.047860] [mem 0x8b000000-0xdfffffff] available for PCI devices
[    0.047862] Booting paravirtualized kernel on bare hardware
[    0.047864] clocksource: refined-jiffies: mask: 0xffffffff max_cycles: 0xffffffff, max_idle_ns: 7645519600211568 ns
[    0.047872] setup_percpu: NR_CPUS:8192 nr_cpumask_bits:4 nr_cpu_ids:4 nr_node_ids:1
[    0.048045] percpu: Embedded 56 pages/cpu s192512 r8192 d28672 u524288
[    0.048055] pcpu-alloc: s192512 r8192 d28672 u524288 alloc=1*2097152
[    0.048059] pcpu-alloc: [0] 0 1 2 3 
[    0.048095] Built 1 zonelists, mobility grouping on.  Total pages: 5105805
[    0.048097] Policy zone: Normal
[    0.048099] Kernel command line: BOOT_IMAGE=/boot/vmlinuz-5.11.0-eudyptula-00116-gfd373f81f19c root=UUID=db747fa5-b16c-4d3e-8911-a8778177263d ro earlyprink=vga quiet splash vt.handoff=7
[    0.050021] Dentry cache hash table entries: 4194304 (order: 13, 33554432 bytes, linear)
[    0.050923] Inode-cache hash table entries: 2097152 (order: 12, 16777216 bytes, linear)
[    0.050988] mem auto-init: stack:off, heap alloc:on, heap free:off
[    0.099547] Memory: 20212352K/20747492K available (14345K kernel code, 3348K rwdata, 5056K rodata, 2612K init, 6188K bss, 534880K reserved, 0K cma-reserved)
[    0.099555] random: get_random_u64 called from __kmem_cache_create+0x31/0x430 with crng_init=1
[    0.099698] SLUB: HWalign=64, Order=0-3, MinObjects=0, CPUs=4, Nodes=1
[    0.099714] Kernel/User page tables isolation: enabled
[    0.099734] ftrace: allocating 46311 entries in 181 pages
[    0.120124] ftrace: allocated 181 pages with 5 groups
[    0.120237] rcu: Hierarchical RCU implementation.
[    0.120238] rcu: 	RCU restricting CPUs from NR_CPUS=8192 to nr_cpu_ids=4.
[    0.120240] 	Rude variant of Tasks RCU enabled.
[    0.120241] 	Tracing variant of Tasks RCU enabled.
[    0.120242] rcu: RCU calculated value of scheduler-enlistment delay is 25 jiffies.
[    0.120243] rcu: Adjusting geometry for rcu_fanout_leaf=16, nr_cpu_ids=4
[    0.125107] NR_IRQS: 524544, nr_irqs: 1024, preallocated irqs: 16
[    0.125583] random: crng done (trusting CPU's manufacturer)
[    0.125611] Console: colour dummy device 80x25
[    0.125634] printk: console [tty0] enabled
[    0.125656] ACPI: Core revision 20201113
[    0.125995] clocksource: hpet: mask: 0xffffffff max_cycles: 0xffffffff, max_idle_ns: 79635855245 ns
[    0.126065] APIC: Switch to symmetric I/O mode setup
[    0.126068] DMAR: Host address width 39
[    0.126069] DMAR: DRHD base: 0x000000fed90000 flags: 0x0
[    0.126075] DMAR: dmar0: reg_base_addr fed90000 ver 1:0 cap 1c0000c40660462 ecap 7e3ff0505e
[    0.126078] DMAR: DRHD base: 0x000000fed91000 flags: 0x1
[    0.126083] DMAR: dmar1: reg_base_addr fed91000 ver 1:0 cap d2008c40660462 ecap f050da
[    0.126085] DMAR: RMRR base: 0x0000007f782000 end: 0x0000007f7a1fff
[    0.126087] DMAR: RMRR base: 0x00000088800000 end: 0x0000008affffff
[    0.126089] DMAR: ANDD device: 1 name: \_SB.PCI0.I2C0
[    0.126091] DMAR-IR: IOAPIC id 2 under DRHD base  0xfed91000 IOMMU 1
[    0.126093] DMAR-IR: HPET id 0 under DRHD base 0xfed91000
[    0.126095] DMAR-IR: Queued invalidation will be enabled to support x2apic and Intr-remapping.
[    0.127620] DMAR-IR: Enabled IRQ remapping in x2apic mode
[    0.127622] x2apic enabled
[    0.127636] Switched APIC routing to cluster x2apic.
[    0.131576] ..TIMER: vector=0x30 apic1=0 pin1=2 apic2=-1 pin2=-1
[    0.149941] clocksource: tsc-early: mask: 0xffffffffffffffff max_cycles: 0x39a8208cdd2, max_idle_ns: 881590748921 ns
[    0.149948] Calibrating delay loop (skipped), value calculated using timer frequency.. 3999.93 BogoMIPS (lpj=7999872)
[    0.149952] pid_max: default: 32768 minimum: 301
[    0.152846] LSM: Security Framework initializing
[    0.152860] Yama: becoming mindful.
[    0.152889] AppArmor: AppArmor initialized
[    0.152976] Mount-cache hash table entries: 65536 (order: 7, 524288 bytes, linear)
[    0.153037] Mountpoint-cache hash table entries: 65536 (order: 7, 524288 bytes, linear)
[    0.153361] mce: CPU0: Thermal monitoring enabled (TM1)
[    0.153381] process: using mwait in idle threads
[    0.153384] Last level iTLB entries: 4KB 64, 2MB 8, 4MB 8
[    0.153386] Last level dTLB entries: 4KB 64, 2MB 0, 4MB 0, 1GB 4
[    0.153390] Spectre V1 : Mitigation: usercopy/swapgs barriers and __user pointer sanitization
[    0.153393] Spectre V2 : Mitigation: Full generic retpoline
[    0.153394] Spectre V2 : Spectre v2 / SpectreRSB mitigation: Filling RSB on context switch
[    0.153395] Spectre V2 : Enabling Restricted Speculation for firmware calls
[    0.153397] Spectre V2 : mitigation: Enabling conditional Indirect Branch Prediction Barrier
[    0.153398] Spectre V2 : User space: Mitigation: STIBP via seccomp and prctl
[    0.153400] Speculative Store Bypass: Mitigation: Speculative Store Bypass disabled via prctl and seccomp
[    0.153406] SRBDS: Mitigation: Microcode
[    0.153407] MDS: Mitigation: Clear CPU buffers
[    0.153599] Freeing SMP alternatives memory: 40K
[    0.158024] smpboot: Estimated ratio of average max frequency by base frequency (times 1024): 921
[    0.158038] smpboot: CPU0: Intel(R) Core(TM) i3-6006U CPU @ 2.00GHz (family: 0x6, model: 0x4e, stepping: 0x3)
[    0.158227] Performance Events: PEBS fmt3+, Skylake events, 32-deep LBR, full-width counters, Intel PMU driver.
[    0.158240] ... version:                4
[    0.158241] ... bit width:              48
[    0.158242] ... generic registers:      4
[    0.158243] ... value mask:             0000ffffffffffff
[    0.158244] ... max period:             00007fffffffffff
[    0.158245] ... fixed-purpose events:   3
[    0.158246] ... event mask:             000000070000000f
[    0.158331] rcu: Hierarchical SRCU implementation.
[    0.159113] NMI watchdog: Enabled. Permanently consumes one hw-PMU counter.
[    0.159175] smp: Bringing up secondary CPUs ...
[    0.159277] x86: Booting SMP configuration:
[    0.159278] .... node  #0, CPUs:      #1 #2
[    0.162165] MDS CPU bug present and SMT on, data leak possible. See https://www.kernel.org/doc/html/latest/admin-guide/hw-vuln/mds.html for more details.
[    0.162165]  #3
[    0.163329] smp: Brought up 1 node, 4 CPUs
[    0.163329] smpboot: Max logical packages: 1
[    0.163329] smpboot: Total of 4 processors activated (15999.74 BogoMIPS)
[    0.165967] devtmpfs: initialized
[    0.166000] x86/mm: Memory block size: 128MB
[    0.167621] PM: Registering ACPI NVS region [mem 0x66958000-0x66958fff] (4096 bytes)
[    0.167621] PM: Registering ACPI NVS region [mem 0x7f88e000-0x7ff7dfff] (7274496 bytes)
[    0.167621] clocksource: jiffies: mask: 0xffffffff max_cycles: 0xffffffff, max_idle_ns: 7645041785100000 ns
[    0.167621] futex hash table entries: 1024 (order: 4, 65536 bytes, linear)
[    0.167621] pinctrl core: initialized pinctrl subsystem
[    0.167621] PM: RTC time: 19:03:24, date: 2021-02-17
[    0.167621] NET: Registered protocol family 16
[    0.167621] DMA: preallocated 4096 KiB GFP_KERNEL pool for atomic allocations
[    0.167621] DMA: preallocated 4096 KiB GFP_KERNEL|GFP_DMA pool for atomic allocations
[    0.167690] DMA: preallocated 4096 KiB GFP_KERNEL|GFP_DMA32 pool for atomic allocations
[    0.167705] audit: initializing netlink subsys (disabled)
[    0.167718] audit: type=2000 audit(1613588604.040:1): state=initialized audit_enabled=0 res=1
[    0.167718] thermal_sys: Registered thermal governor 'fair_share'
[    0.167718] thermal_sys: Registered thermal governor 'bang_bang'
[    0.167718] thermal_sys: Registered thermal governor 'step_wise'
[    0.167718] thermal_sys: Registered thermal governor 'user_space'
[    0.167718] EISA bus registered
[    0.167718] cpuidle: using governor ladder
[    0.167718] cpuidle: using governor menu
[    0.167718] Simple Boot Flag at 0x44 set to 0x1
[    0.167718] ACPI FADT declares the system doesn't support PCIe ASPM, so disable it
[    0.167718] ACPI: bus type PCI registered
[    0.167718] acpiphp: ACPI Hot Plug PCI Controller Driver version: 0.5
[    0.167718] PCI: MMCONFIG for domain 0000 [bus 00-ff] at [mem 0xe0000000-0xefffffff] (base 0xe0000000)
[    0.167718] PCI: MMCONFIG at [mem 0xe0000000-0xefffffff] reserved in E820
[    0.167718] PCI: Using configuration type 1 for base access
[    0.171671] HugeTLB registered 1.00 GiB page size, pre-allocated 0 pages
[    0.171671] HugeTLB registered 2.00 MiB page size, pre-allocated 0 pages
[    0.171671] ACPI: Added _OSI(Module Device)
[    0.171671] ACPI: Added _OSI(Processor Device)
[    0.171671] ACPI: Added _OSI(3.0 _SCP Extensions)
[    0.171671] ACPI: Added _OSI(Processor Aggregator Device)
[    0.171671] ACPI: Added _OSI(Linux-Dell-Video)
[    0.171671] ACPI: Added _OSI(Linux-Lenovo-NV-HDMI-Audio)
[    0.171671] ACPI: Added _OSI(Linux-HPI-Hybrid-Graphics)
[    0.215763] ACPI: 10 ACPI AML tables successfully acquired and loaded
[    0.219360] ACPI: [Firmware Bug]: BIOS _OSI(Linux) query ignored
[    0.224596] ACPI: Dynamic OEM Table Load:
[    0.224611] ACPI: SSDT 0xFFFF900C80CA3000 0005AC (v02 PmRef  Cpu0Ist  00003000 INTL 20160527)
[    0.226574] ACPI: \_PR_.CPU0: _OSC native thermal LVT Acked
[    0.227978] ACPI: Dynamic OEM Table Load:
[    0.227989] ACPI: SSDT 0xFFFF900C80FB1000 0003FF (v02 PmRef  Cpu0Cst  00003001 INTL 20160527)
[    0.229874] ACPI: Dynamic OEM Table Load:
[    0.229884] ACPI: SSDT 0xFFFF900C80ED0A00 000115 (v02 PmRef  Cpu0Hwp  00003000 INTL 20160527)
[    0.231566] ACPI: Dynamic OEM Table Load:
[    0.231575] ACPI: SSDT 0xFFFF900C80ED1800 0001A4 (v02 PmRef  HwpLvt   00003000 INTL 20160527)
[    0.233773] ACPI: Dynamic OEM Table Load:
[    0.233784] ACPI: SSDT 0xFFFF900C80CA7800 00065C (v02 PmRef  ApIst    00003000 INTL 20160527)
[    0.236102] ACPI: Dynamic OEM Table Load:
[    0.236112] ACPI: SSDT 0xFFFF900C81472C00 000197 (v02 PmRef  ApHwp    00003000 INTL 20160527)
[    0.237945] ACPI: Dynamic OEM Table Load:
[    0.237955] ACPI: SSDT 0xFFFF900C81473600 00018A (v02 PmRef  ApCst    00003000 INTL 20160527)
[    0.241584] ACPI: EC: EC started
[    0.241586] ACPI: EC: interrupt blocked
[    0.241975] ACPI: EC: EC_CMD/EC_SC=0x66, EC_DATA=0x62
[    0.241978] ACPI: \_SB_.PCI0.LPCB.EC0_: Boot DSDT EC used to handle transactions
[    0.241980] ACPI: Interpreter enabled
[    0.242040] ACPI: (supports S0 S3 S4 S5)
[    0.242041] ACPI: Using IOAPIC for interrupt routing
[    0.242093] PCI: Using host bridge windows from ACPI; if necessary, use "pci=nocrs" and report a bug
[    0.242906] ACPI: Enabled 6 GPEs in block 00 to 7F
[    0.250671] ACPI: Power Resource [WRST] (on)
[    0.251188] ACPI: Power Resource [WRST] (on)
[    0.251702] ACPI: Power Resource [WRST] (on)
[    0.252227] ACPI: Power Resource [WRST] (on)
[    0.252738] ACPI: Power Resource [WRST] (on)
[    0.253246] ACPI: Power Resource [WRST] (on)
[    0.253758] ACPI: Power Resource [WRST] (on)
[    0.254273] ACPI: Power Resource [WRST] (on)
[    0.254790] ACPI: Power Resource [WRST] (on)
[    0.255306] ACPI: Power Resource [WRST] (on)
[    0.255816] ACPI: Power Resource [WRST] (on)
[    0.256327] ACPI: Power Resource [WRST] (on)
[    0.256814] ACPI: Power Resource [WRST] (on)
[    0.257304] ACPI: Power Resource [WRST] (on)
[    0.257795] ACPI: Power Resource [WRST] (on)
[    0.258290] ACPI: Power Resource [WRST] (on)
[    0.258781] ACPI: Power Resource [WRST] (on)
[    0.259268] ACPI: Power Resource [WRST] (on)
[    0.259757] ACPI: Power Resource [WRST] (on)
[    0.260253] ACPI: Power Resource [WRST] (on)
[    0.272761] ACPI: PCI Root Bridge [PCI0] (domain 0000 [bus 00-fe])
[    0.272770] acpi PNP0A08:00: _OSC: OS supports [ExtendedConfig ASPM ClockPM Segments MSI HPX-Type3]
[    0.276502] acpi PNP0A08:00: _OSC: OS now controls [PCIeHotplug SHPCHotplug PME AER PCIeCapability LTR]
[    0.276504] acpi PNP0A08:00: FADT indicates ASPM is unsupported, using BIOS configuration
[    0.279340] PCI host bridge to bus 0000:00
[    0.279343] pci_bus 0000:00: root bus resource [io  0x0000-0x0cf7 window]
[    0.279346] pci_bus 0000:00: root bus resource [io  0x0d00-0xffff window]
[    0.279350] pci_bus 0000:00: root bus resource [mem 0x000a0000-0x000bffff window]
[    0.279352] pci_bus 0000:00: root bus resource [mem 0x000c0000-0x000c3fff window]
[    0.279353] pci_bus 0000:00: root bus resource [mem 0x000c4000-0x000c7fff window]
[    0.279355] pci_bus 0000:00: root bus resource [mem 0x000c8000-0x000cbfff window]
[    0.279357] pci_bus 0000:00: root bus resource [mem 0x000cc000-0x000cffff window]
[    0.279358] pci_bus 0000:00: root bus resource [mem 0x000d0000-0x000d3fff window]
[    0.279360] pci_bus 0000:00: root bus resource [mem 0x000d4000-0x000d7fff window]
[    0.279362] pci_bus 0000:00: root bus resource [mem 0x000d8000-0x000dbfff window]
[    0.279363] pci_bus 0000:00: root bus resource [mem 0x000dc000-0x000dffff window]
[    0.279365] pci_bus 0000:00: root bus resource [mem 0x8b000000-0xdfffffff window]
[    0.279367] pci_bus 0000:00: root bus resource [mem 0xfd000000-0xfe7fffff window]
[    0.279368] pci_bus 0000:00: root bus resource [bus 00-fe]
[    0.279384] pci 0000:00:00.0: [8086:1904] type 00 class 0x060000
[    0.280500] pci 0000:00:02.0: [8086:1921] type 00 class 0x030000
[    0.280512] pci 0000:00:02.0: reg 0x10: [mem 0xa0000000-0xa0ffffff 64bit]
[    0.280520] pci 0000:00:02.0: reg 0x18: [mem 0x90000000-0x9fffffff 64bit pref]
[    0.280525] pci 0000:00:02.0: reg 0x20: [io  0x4000-0x403f]
[    0.280545] pci 0000:00:02.0: BAR 2: assigned to efifb
[    0.281742] pci 0000:00:14.0: [8086:9d2f] type 00 class 0x0c0330
[    0.281764] pci 0000:00:14.0: reg 0x10: [mem 0xa1380000-0xa138ffff 64bit]
[    0.281842] pci 0000:00:14.0: PME# supported from D3hot D3cold
[    0.283099] pci 0000:00:14.2: [8086:9d31] type 00 class 0x118000
[    0.283120] pci 0000:00:14.2: reg 0x10: [mem 0xa13b0000-0xa13b0fff 64bit]
[    0.284322] pci 0000:00:15.0: [8086:9d60] type 00 class 0x118000
[    0.284348] pci 0000:00:15.0: reg 0x10: [mem 0xa13b1000-0xa13b1fff 64bit]
[    0.285605] pci 0000:00:16.0: [8086:9d3a] type 00 class 0x078000
[    0.285630] pci 0000:00:16.0: reg 0x10: [mem 0xa13b2000-0xa13b2fff 64bit]
[    0.285712] pci 0000:00:16.0: PME# supported from D3hot
[    0.286888] pci 0000:00:17.0: [8086:282a] type 00 class 0x010400
[    0.286905] pci 0000:00:17.0: reg 0x10: [mem 0xa13a0000-0xa13a7fff]
[    0.286914] pci 0000:00:17.0: reg 0x14: [mem 0xa13b4000-0xa13b40ff]
[    0.286923] pci 0000:00:17.0: reg 0x18: [io  0x4080-0x4087]
[    0.286932] pci 0000:00:17.0: reg 0x1c: [io  0x4088-0x408b]
[    0.286941] pci 0000:00:17.0: reg 0x20: [io  0x4060-0x407f]
[    0.286950] pci 0000:00:17.0: reg 0x24: [mem 0xa1300000-0xa137ffff]
[    0.286999] pci 0000:00:17.0: PME# supported from D3hot
[    0.288173] pci 0000:00:1c.0: [8086:9d14] type 01 class 0x060400
[    0.288261] pci 0000:00:1c.0: PME# supported from D0 D3hot D3cold
[    0.289490] pci 0000:00:1c.5: [8086:9d15] type 01 class 0x060400
[    0.289578] pci 0000:00:1c.5: PME# supported from D0 D3hot D3cold
[    0.290805] pci 0000:00:1f.0: [8086:9d48] type 00 class 0x060100
[    0.292063] pci 0000:00:1f.2: [8086:9d21] type 00 class 0x058000
[    0.292081] pci 0000:00:1f.2: reg 0x10: [mem 0xa13ac000-0xa13affff]
[    0.293281] pci 0000:00:1f.3: [8086:9d70] type 00 class 0x040300
[    0.293308] pci 0000:00:1f.3: reg 0x10: [mem 0xa13a8000-0xa13abfff 64bit]
[    0.293345] pci 0000:00:1f.3: reg 0x20: [mem 0xa1390000-0xa139ffff 64bit]
[    0.293402] pci 0000:00:1f.3: PME# supported from D3hot D3cold
[    0.294633] pci 0000:00:1f.4: [8086:9d23] type 00 class 0x0c0500
[    0.294690] pci 0000:00:1f.4: reg 0x10: [mem 0xa13b3000-0xa13b30ff 64bit]
[    0.294760] pci 0000:00:1f.4: reg 0x20: [io  0x4040-0x405f]
[    0.296046] pci 0000:01:00.0: [10ec:8168] type 00 class 0x020000
[    0.296069] pci 0000:01:00.0: reg 0x10: [io  0x3000-0x30ff]
[    0.296098] pci 0000:01:00.0: reg 0x18: [mem 0xa1204000-0xa1204fff 64bit]
[    0.296117] pci 0000:01:00.0: reg 0x20: [mem 0xa1200000-0xa1203fff 64bit]
[    0.296237] pci 0000:01:00.0: supports D1 D2
[    0.296238] pci 0000:01:00.0: PME# supported from D0 D1 D2 D3hot D3cold
[    0.296404] pci 0000:00:1c.0: PCI bridge to [bus 01]
[    0.296408] pci 0000:00:1c.0:   bridge window [io  0x3000-0x3fff]
[    0.296412] pci 0000:00:1c.0:   bridge window [mem 0xa1200000-0xa12fffff]
[    0.296559] pci 0000:02:00.0: [168c:0042] type 00 class 0x028000
[    0.296609] pci 0000:02:00.0: reg 0x10: [mem 0xa1000000-0xa11fffff 64bit]
[    0.296884] pci 0000:02:00.0: PME# supported from D0 D3hot D3cold
[    0.297160] pci 0000:00:1c.5: PCI bridge to [bus 02]
[    0.297166] pci 0000:00:1c.5:   bridge window [mem 0xa1000000-0xa11fffff]
[    0.300430] ACPI: PCI Interrupt Link [LNKA] (IRQs 3 4 5 6 10 *11 12 14 15)
[    0.300520] ACPI: PCI Interrupt Link [LNKB] (IRQs 3 4 5 6 *10 11 12 14 15)
[    0.300606] ACPI: PCI Interrupt Link [LNKC] (IRQs 3 4 5 6 10 *11 12 14 15)
[    0.300692] ACPI: PCI Interrupt Link [LNKD] (IRQs 3 4 5 6 10 *11 12 14 15)
[    0.300778] ACPI: PCI Interrupt Link [LNKE] (IRQs 3 4 5 6 10 *11 12 14 15)
[    0.300865] ACPI: PCI Interrupt Link [LNKF] (IRQs 3 4 5 6 10 *11 12 14 15)
[    0.300950] ACPI: PCI Interrupt Link [LNKG] (IRQs 3 4 5 6 10 *11 12 14 15)
[    0.301035] ACPI: PCI Interrupt Link [LNKH] (IRQs 3 4 5 6 10 *11 12 14 15)
[    0.301482] platform MSFT0101:00: failed to claim resource 1: [mem 0xfed40000-0xfed40fff]
[    0.301494] fbcon: Taking over console
[    0.301498] acpi MSFT0101:00: platform device creation failed: -16
[    0.301746] ACPI: EC: interrupt unblocked
[    0.301748] ACPI: EC: event unblocked
[    0.301759] ACPI: EC: EC_CMD/EC_SC=0x66, EC_DATA=0x62
[    0.301760] ACPI: EC: GPE=0x4f
[    0.301762] ACPI: \_SB_.PCI0.LPCB.EC0_: Boot DSDT EC initialization complete
[    0.301764] ACPI: \_SB_.PCI0.LPCB.EC0_: EC: Used to handle transactions and events
[    0.301970] iommu: Default domain type: Translated 
[    0.301971] pci 0000:00:02.0: vgaarb: setting as boot VGA device
[    0.301971] pci 0000:00:02.0: vgaarb: VGA device added: decodes=io+mem,owns=io+mem,locks=none
[    0.301971] pci 0000:00:02.0: vgaarb: bridge control possible
[    0.301971] vgaarb: loaded
[    0.302144] SCSI subsystem initialized
[    0.302152] libata version 3.00 loaded.
[    0.302152] ACPI: bus type USB registered
[    0.302152] usbcore: registered new interface driver usbfs
[    0.302152] usbcore: registered new interface driver hub
[    0.302152] usbcore: registered new device driver usb
[    0.302152] pps_core: LinuxPPS API ver. 1 registered
[    0.302152] pps_core: Software ver. 5.3.6 - Copyright 2005-2007 Rodolfo Giometti <giometti@linux.it>
[    0.302152] PTP clock support registered
[    0.302152] EDAC MC: Ver: 3.0.0
[    0.302152] Registered efivars operations
[    0.302152] NetLabel: Initializing
[    0.302152] NetLabel:  domain hash size = 128
[    0.302152] NetLabel:  protocols = UNLABELED CIPSOv4 CALIPSO
[    0.302152] NetLabel:  unlabeled traffic allowed by default
[    0.302152] PCI: Using ACPI for IRQ routing
[    0.332388] PCI: pci_cache_line_size set to 64 bytes
[    0.332487] e820: reserve RAM buffer [mem 0x00058000-0x0005ffff]
[    0.332491] e820: reserve RAM buffer [mem 0x0009e000-0x0009ffff]
[    0.332493] e820: reserve RAM buffer [mem 0x663a9018-0x67ffffff]
[    0.332495] e820: reserve RAM buffer [mem 0x663b8018-0x67ffffff]
[    0.332496] e820: reserve RAM buffer [mem 0x663d6018-0x67ffffff]
[    0.332498] e820: reserve RAM buffer [mem 0x66958000-0x67ffffff]
[    0.332499] e820: reserve RAM buffer [mem 0x68388000-0x6bffffff]
[    0.332500] e820: reserve RAM buffer [mem 0x6f6bb000-0x6fffffff]
[    0.332502] e820: reserve RAM buffer [mem 0x7ee9e000-0x7fffffff]
[    0.332503] e820: reserve RAM buffer [mem 0x7ffff000-0x7fffffff]
[    0.332509] hpet0: at MMIO 0xfed00000, IRQs 2, 8, 0, 0, 0, 0, 0, 0
[    0.332509] hpet0: 8 comparators, 64-bit 24.000000 MHz counter
[    0.334972] clocksource: Switched to clocksource tsc-early
[    0.343246] VFS: Disk quotas dquot_6.6.0
[    0.343264] VFS: Dquot-cache hash table entries: 512 (order 0, 4096 bytes)
[    0.343377] AppArmor: AppArmor Filesystem Enabled
[    0.343406] pnp: PnP ACPI init
[    0.343573] system 00:00: [mem 0xfd000000-0xfdabffff] has been reserved
[    0.343577] system 00:00: [mem 0xfdad0000-0xfdadffff] has been reserved
[    0.343580] system 00:00: [mem 0xfdb00000-0xfdffffff] has been reserved
[    0.343582] system 00:00: [mem 0xfe000000-0xfe01ffff] has been reserved
[    0.343584] system 00:00: [mem 0xfe036000-0xfe03bfff] has been reserved
[    0.343586] system 00:00: [mem 0xfe03d000-0xfe3fffff] has been reserved
[    0.343587] system 00:00: [mem 0xfe410000-0xfe7fffff] has been reserved
[    0.343594] system 00:00: Plug and Play ACPI device, IDs PNP0c02 (active)
[    0.344037] system 00:01: [io  0x2000-0x20fe] has been reserved
[    0.344042] system 00:01: Plug and Play ACPI device, IDs PNP0c02 (active)
[    0.344329] system 00:02: [io  0x0680-0x069f] has been reserved
[    0.344332] system 00:02: [io  0xffff] has been reserved
[    0.344334] system 00:02: [io  0xffff] has been reserved
[    0.344336] system 00:02: [io  0xffff] has been reserved
[    0.344338] system 00:02: [io  0x1800-0x18fe] has been reserved
[    0.344339] system 00:02: [io  0x164e-0x164f] has been reserved
[    0.344344] system 00:02: Plug and Play ACPI device, IDs PNP0c02 (active)
[    0.344476] pnp 00:03: Plug and Play ACPI device, IDs PNP0b00 (active)
[    0.344528] system 00:04: [io  0x1854-0x1857] has been reserved
[    0.344533] system 00:04: Plug and Play ACPI device, IDs INT3f0d PNP0c02 (active)
[    0.344580] pnp 00:05: Plug and Play ACPI device, IDs PNP0303 (active)
[    0.346225] system 00:06: [mem 0xfe029000-0xfe029fff] has been reserved
[    0.346228] system 00:06: [mem 0xfe028000-0xfe028fff] has been reserved
[    0.346232] system 00:06: Plug and Play ACPI device, IDs PNP0c02 (active)
[    0.346954] system 00:07: [mem 0xfed10000-0xfed17fff] has been reserved
[    0.346957] system 00:07: [mem 0xfed18000-0xfed18fff] has been reserved
[    0.346959] system 00:07: [mem 0xfed19000-0xfed19fff] has been reserved
[    0.346961] system 00:07: [mem 0xe0000000-0xefffffff] has been reserved
[    0.346963] system 00:07: [mem 0xfed20000-0xfed3ffff] has been reserved
[    0.346965] system 00:07: [mem 0xfed90000-0xfed93fff] could not be reserved
[    0.346967] system 00:07: [mem 0xfed45000-0xfed8ffff] could not be reserved
[    0.346970] system 00:07: [mem 0xff000000-0xffffffff] could not be reserved
[    0.346972] system 00:07: [mem 0xfee00000-0xfeefffff] could not be reserved
[    0.346974] system 00:07: [mem 0x8b000000-0x8b01ffff] has been reserved
[    0.346978] system 00:07: Plug and Play ACPI device, IDs PNP0c02 (active)
[    0.347413] pnp: PnP ACPI: found 8 devices
[    0.353341] clocksource: acpi_pm: mask: 0xffffff max_cycles: 0xffffff, max_idle_ns: 2085701024 ns
[    0.353411] NET: Registered protocol family 2
[    0.353575] tcp_listen_portaddr_hash hash table entries: 16384 (order: 6, 262144 bytes, linear)
[    0.353764] TCP established hash table entries: 262144 (order: 9, 2097152 bytes, linear)
[    0.354127] TCP bind hash table entries: 65536 (order: 8, 1048576 bytes, linear)
[    0.354263] TCP: Hash tables configured (established 262144 bind 65536)
[    0.354343] UDP hash table entries: 16384 (order: 7, 524288 bytes, linear)
[    0.354444] UDP-Lite hash table entries: 16384 (order: 7, 524288 bytes, linear)
[    0.354551] NET: Registered protocol family 1
[    0.354557] NET: Registered protocol family 44
[    0.354568] pci 0000:00:1c.0: PCI bridge to [bus 01]
[    0.354573] pci 0000:00:1c.0:   bridge window [io  0x3000-0x3fff]
[    0.354578] pci 0000:00:1c.0:   bridge window [mem 0xa1200000-0xa12fffff]
[    0.354586] pci 0000:00:1c.5: PCI bridge to [bus 02]
[    0.354590] pci 0000:00:1c.5:   bridge window [mem 0xa1000000-0xa11fffff]
[    0.354598] pci_bus 0000:00: resource 4 [io  0x0000-0x0cf7 window]
[    0.354601] pci_bus 0000:00: resource 5 [io  0x0d00-0xffff window]
[    0.354602] pci_bus 0000:00: resource 6 [mem 0x000a0000-0x000bffff window]
[    0.354604] pci_bus 0000:00: resource 7 [mem 0x000c0000-0x000c3fff window]
[    0.354606] pci_bus 0000:00: resource 8 [mem 0x000c4000-0x000c7fff window]
[    0.354608] pci_bus 0000:00: resource 9 [mem 0x000c8000-0x000cbfff window]
[    0.354609] pci_bus 0000:00: resource 10 [mem 0x000cc000-0x000cffff window]
[    0.354611] pci_bus 0000:00: resource 11 [mem 0x000d0000-0x000d3fff window]
[    0.354613] pci_bus 0000:00: resource 12 [mem 0x000d4000-0x000d7fff window]
[    0.354615] pci_bus 0000:00: resource 13 [mem 0x000d8000-0x000dbfff window]
[    0.354617] pci_bus 0000:00: resource 14 [mem 0x000dc000-0x000dffff window]
[    0.354618] pci_bus 0000:00: resource 15 [mem 0x8b000000-0xdfffffff window]
[    0.354620] pci_bus 0000:00: resource 16 [mem 0xfd000000-0xfe7fffff window]
[    0.354622] pci_bus 0000:01: resource 0 [io  0x3000-0x3fff]
[    0.354624] pci_bus 0000:01: resource 1 [mem 0xa1200000-0xa12fffff]
[    0.354626] pci_bus 0000:02: resource 1 [mem 0xa1000000-0xa11fffff]
[    0.354828] pci 0000:00:02.0: Video device with shadowed ROM at [mem 0x000c0000-0x000dffff]
[    0.356477] PCI: CLS 64 bytes, default 64
[    0.356520] Unpacking initramfs...
[    0.404509] Initramfs unpacking failed: Decoding failed
[    0.407049] Freeing initrd memory: 22132K
[    0.407097] DMAR: ACPI device "device:6f" under DMAR at fed91000 as 00:15.0
[    0.407116] PCI-DMA: Using software bounce buffering for IO (SWIOTLB)
[    0.407117] software IO TLB: mapped [mem 0x000000007a8f6000-0x000000007e8f6000] (64MB)
[    0.407387] check: Scanning for low memory corruption every 60 seconds
[    0.407826] Initialise system trusted keyrings
[    0.407839] Key type blacklist registered
[    0.407875] workingset: timestamp_bits=36 max_order=23 bucket_order=0
[    0.409141] zbud: loaded
[    0.409454] squashfs: version 4.0 (2009/01/31) Phillip Lougher
[    0.409587] fuse: init (API version 7.33)
[    0.409735] integrity: Platform Keyring initialized
[    0.420929] Key type asymmetric registered
[    0.420931] Asymmetric key parser 'x509' registered
[    0.420939] Block layer SCSI generic (bsg) driver version 0.4 loaded (major 245)
[    0.420971] io scheduler mq-deadline registered
[    0.421347] pcieport 0000:00:1c.0: PME: Signaling with IRQ 122
[    0.421603] pcieport 0000:00:1c.5: PME: Signaling with IRQ 123
[    0.421692] shpchp: Standard Hot Plug PCI Controller Driver version: 0.4
[    0.421750] efifb: probing for efifb
[    0.421774] efifb: showing boot graphics
[    0.422557] efifb: framebuffer at 0x90000000, using 4128k, total 4128k
[    0.422560] efifb: mode is 1366x768x32, linelength=5504, pages=1
[    0.422562] efifb: scrolling: redraw
[    0.422562] efifb: Truecolor: size=8:8:8:8, shift=24:16:8:0
[    0.422653] Console: switching to colour frame buffer device 170x48
[    0.424936] fb0: EFI VGA frame buffer device
[    0.424945] intel_idle: MWAIT substates: 0x11142120
[    0.424947] intel_idle: v0.5.1 model 0x4E
[    0.425226] intel_idle: Local APIC timer is reliable in all C-states
[    0.425458] ACPI: AC Adapter [ADP0] (off-line)
[    0.425538] input: Lid Switch as /devices/LNXSYSTM:00/LNXSYBUS:00/PNP0C0D:00/input/input0
[    0.425557] ACPI: Lid Switch [LID0]
[    0.425587] input: Power Button as /devices/LNXSYSTM:00/LNXSYBUS:00/PNP0C0C:00/input/input1
[    0.425604] ACPI: Power Button [PWRB]
[    0.425782] smpboot: Estimated ratio of average max frequency by base frequency (times 1024): 921
[    0.426980] Serial: 8250/16550 driver, 32 ports, IRQ sharing enabled
[    0.429096] Linux agpgart interface v0.103
[    0.429263] tpm_crb MSFT0101:00: [Firmware Bug]: Bad ACPI memory layout
[    0.472793] loop: module loaded
[    0.473061] libphy: Fixed MDIO Bus: probed
[    0.473063] tun: Universal TUN/TAP device driver, 1.6
[    0.473097] PPP generic driver version 2.4.2
[    0.473150] VFIO - User Level meta-driver version: 0.3
[    0.473262] ehci_hcd: USB 2.0 'Enhanced' Host Controller (EHCI) Driver
[    0.473266] ehci-pci: EHCI PCI platform driver
[    0.473277] ehci-platform: EHCI generic platform driver
[    0.473288] ohci_hcd: USB 1.1 'Open' Host Controller (OHCI) Driver
[    0.473290] ohci-pci: OHCI PCI platform driver
[    0.473300] ohci-platform: OHCI generic platform driver
[    0.473307] uhci_hcd: USB Universal Host Controller Interface driver
[    0.473541] xhci_hcd 0000:00:14.0: xHCI Host Controller
[    0.473549] xhci_hcd 0000:00:14.0: new USB bus registered, assigned bus number 1
[    0.474620] xhci_hcd 0000:00:14.0: hcc params 0x200077c1 hci version 0x100 quirks 0x0000000081109810
[    0.475026] usb usb1: New USB device found, idVendor=1d6b, idProduct=0002, bcdDevice= 5.11
[    0.475030] usb usb1: New USB device strings: Mfr=3, Product=2, SerialNumber=1
[    0.475032] usb usb1: Product: xHCI Host Controller
[    0.475034] usb usb1: Manufacturer: Linux 5.11.0-eudyptula-00116-gfd373f81f19c xhci-hcd
[    0.475036] usb usb1: SerialNumber: 0000:00:14.0
[    0.475184] hub 1-0:1.0: USB hub found
[    0.475201] hub 1-0:1.0: 12 ports detected
[    0.475749] xhci_hcd 0000:00:14.0: xHCI Host Controller
[    0.475753] xhci_hcd 0000:00:14.0: new USB bus registered, assigned bus number 2
[    0.475756] xhci_hcd 0000:00:14.0: Host supports USB 3.0 SuperSpeed
[    0.475793] usb usb2: New USB device found, idVendor=1d6b, idProduct=0003, bcdDevice= 5.11
[    0.475796] usb usb2: New USB device strings: Mfr=3, Product=2, SerialNumber=1
[    0.475798] usb usb2: Product: xHCI Host Controller
[    0.475800] usb usb2: Manufacturer: Linux 5.11.0-eudyptula-00116-gfd373f81f19c xhci-hcd
[    0.475801] usb usb2: SerialNumber: 0000:00:14.0
[    0.475929] hub 2-0:1.0: USB hub found
[    0.475940] hub 2-0:1.0: 6 ports detected
[    0.476090] usb: port power management may be unreliable
[    0.476234] i8042: PNP: PS/2 Controller [PNP0303:PS2K] at 0x60,0x64 irq 1
[    0.476237] i8042: PNP: PS/2 appears to have AUX port disabled, if this is incorrect please boot with i8042.nopnp
[    0.479599] serio: i8042 KBD port at 0x60,0x64 irq 1
[    0.479880] mousedev: PS/2 mouse device common for all mice
[    0.480401] rtc_cmos 00:03: RTC can wake from S4
[    0.481043] rtc_cmos 00:03: registered as rtc0
[    0.481218] rtc_cmos 00:03: setting system clock to 2021-02-17T19:03:25 UTC (1613588605)
[    0.481236] rtc_cmos 00:03: alarms up to one month, y3k, 242 bytes nvram, hpet irqs
[    0.481244] i2c /dev entries driver
[    0.481284] device-mapper: uevent: version 1.0.3
[    0.481375] device-mapper: ioctl: 4.43.0-ioctl (2020-10-01) initialised: dm-devel@redhat.com
[    0.481396] platform eisa.0: Probing EISA bus 0
[    0.481399] platform eisa.0: EISA: Cannot allocate resource for mainboard
[    0.481401] platform eisa.0: Cannot allocate resource for EISA slot 1
[    0.481402] platform eisa.0: Cannot allocate resource for EISA slot 2
[    0.481404] platform eisa.0: Cannot allocate resource for EISA slot 3
[    0.481405] platform eisa.0: Cannot allocate resource for EISA slot 4
[    0.481406] platform eisa.0: Cannot allocate resource for EISA slot 5
[    0.481408] platform eisa.0: Cannot allocate resource for EISA slot 6
[    0.481409] platform eisa.0: Cannot allocate resource for EISA slot 7
[    0.481410] platform eisa.0: Cannot allocate resource for EISA slot 8
[    0.481412] platform eisa.0: EISA: Detected 0 cards
[    0.481415] intel_pstate: Intel P-state driver initializing
[    0.481807] intel_pstate: HWP enabled
[    0.481842] ledtrig-cpu: registered to indicate activity on CPUs
[    0.481845] EFI Variables Facility v0.08 2004-May-17
[    0.489325] input: AT Translated Set 2 keyboard as /devices/platform/i8042/serio0/input/input2
[    0.522288] battery: ACPI: Battery Slot [BAT0] (battery present)
[    0.532086] intel_pmc_core intel_pmc_core.0:  initialized
[    0.532114] drop_monitor: Initializing network drop monitor service
[    0.532298] NET: Registered protocol family 10
[    0.540540] Segment Routing with IPv6
[    0.540569] NET: Registered protocol family 17
[    0.540693] Key type dns_resolver registered
[    0.541015] microcode: sig=0x406e3, pf=0x40, revision=0xe2
[    0.541058] microcode: Microcode Update Driver: v2.2.
[    0.541063] IPI shorthand broadcast: enabled
[    0.541074] sched_clock: Marking stable (540516335, 538226)->(546103251, -5048690)
[    0.541161] registered taskstats version 1
[    0.541172] Loading compiled-in X.509 certificates
[    0.542025] Loaded X.509 cert 'Build time autogenerated kernel key: 4b90feb85f99167ba287bd42fd73fbc2cb66e770'
[    0.542155] zswap: loaded using pool lzo/zbud
[    0.542261] Key type ._fscrypt registered
[    0.542263] Key type .fscrypt registered
[    0.542264] Key type fscrypt-provisioning registered
[    0.542326] Key type trusted registered
[    0.545506] Key type encrypted registered
[    0.545513] AppArmor: AppArmor sha1 policy hashing enabled
[    0.547628] integrity: Loading X.509 certificate: UEFI:db
[    0.547677] integrity: Loaded X.509 cert 'Microsoft Windows Production PCA 2011: a92902398e16c49778cd90f99e4f9ae17c55af53'
[    0.547679] integrity: Loading X.509 certificate: UEFI:db
[    0.547706] integrity: Loaded X.509 cert 'Microsoft Corporation UEFI CA 2011: 13adbf4309bd82709c8cd54f316ed522988a1bd4'
[    0.547708] integrity: Loading X.509 certificate: UEFI:db
[    0.547725] integrity: Loaded X.509 cert '4W320-14IKB: 8dcee6331cb26082429338acdf6278f7'
[    0.547726] integrity: Loading X.509 certificate: UEFI:db
[    0.547728] integrity: Problem loading X.509 certificate -65
[    0.547755] integrity: Error adding keys to platform keyring UEFI:db
[    0.550264] ima: Allocated hash algorithm: sha1
[    0.658517] ima: No architecture policies found
[    0.658535] evm: Initialising EVM extended attributes:
[    0.658536] evm: security.selinux
[    0.658538] evm: security.SMACK64
[    0.658539] evm: security.SMACK64EXEC
[    0.658540] evm: security.SMACK64TRANSMUTE
[    0.658541] evm: security.SMACK64MMAP
[    0.658541] evm: security.apparmor
[    0.658542] evm: security.ima
[    0.658543] evm: security.capability
[    0.658544] evm: HMAC attrs: 0x1
[    0.659734] PM:   Magic number: 9:780:91
[    0.660053] RAS: Correctable Errors collector initialized.
[    0.661273] Freeing unused decrypted memory: 2036K
[    0.661751] Freeing unused kernel image (initmem) memory: 2612K
[    0.661810] Write protecting the kernel read-only data: 22528k
[    0.662344] Freeing unused kernel image (text/rodata gap) memory: 2036K
[    0.662605] Freeing unused kernel image (rodata/data gap) memory: 1088K
[    0.740232] x86/mm: Checked W+X mappings: passed, no W+X pages found.
[    0.740234] x86/mm: Checking user space page tables
[    0.815083] x86/mm: Checked W+X mappings: passed, no W+X pages found.
[    0.815096] Run /init as init process
[    0.815098]   with arguments:
[    0.815100]     /init
[    0.815102]     splash
[    0.815103]   with environment:
[    0.815105]     HOME=/
[    0.815107]     TERM=linux
[    0.815108]     BOOT_IMAGE=/boot/vmlinuz-5.11.0-eudyptula-00116-gfd373f81f19c
[    0.815110]     earlyprink=vga
[    0.873962] usb 1-7: new full-speed USB device number 2 using xhci_hcd
[    0.976605] hid: raw HID events driver (C) Jiri Kosina
[    0.980900] ahci 0000:00:17.0: version 3.0
[    0.981238] ahci 0000:00:17.0: AHCI 0001.0301 32 slots 2 ports 6 Gbps 0x3 impl RAID mode
[    0.981245] ahci 0000:00:17.0: flags: 64bit ncq pm led clo only pio slum part deso sadm sds apst 
[    0.982207] intel-lpss 0000:00:15.0: enabling device (0000 -> 0002)
[    0.982566] idma64 idma64.0: Found Intel integrated DMA 64-bit
[    0.986053] scsi host0: ahci
[    0.992582] r8169 0000:01:00.0: can't disable ASPM; OS doesn't have ASPM control
[    0.992660] scsi host1: ahci
[    0.992717] ata1: SATA max UDMA/133 abar m524288@0xa1300000 port 0xa1300100 irq 125
[    0.992721] ata2: SATA max UDMA/133 abar m524288@0xa1300000 port 0xa1300180 irq 125
[    0.994929] i2c_hid i2c-SYNA2B33:00: supply vdd not found, using dummy regulator
[    0.994982] i2c_hid i2c-SYNA2B33:00: supply vddl not found, using dummy regulator
[    1.007009] i801_smbus 0000:00:1f.4: SPD Write Disable is set
[    1.007042] i801_smbus 0000:00:1f.4: SMBus using PCI interrupt
[    1.009349] i2c i2c-1: 2/2 memory slots populated (from DMI)
[    1.012656] libphy: r8169: probed
[    1.012873] r8169 0000:01:00.0 eth0: RTL8168gu/8111gu, 8c:16:45:58:a1:ed, XID 509, IRQ 126
[    1.012882] r8169 0000:01:00.0 eth0: jumbo features [frames: 9194 bytes, tx checksumming: ko]
[    1.023050] usb 1-7: New USB device found, idVendor=0cf3, idProduct=e500, bcdDevice= 0.01
[    1.023058] usb 1-7: New USB device strings: Mfr=0, Product=0, SerialNumber=0
[    1.046975] r8169 0000:01:00.0 enp1s0: renamed from eth0
[    1.150001] usb 1-8: new high-speed USB device number 3 using xhci_hcd
[    1.310493] ata1: SATA link up 6.0 Gbps (SStatus 133 SControl 300)
[    1.321590] ata2: SATA link down (SStatus 4 SControl 300)
[    1.338608] usb 1-8: New USB device found, idVendor=04f2, idProduct=b5d8, bcdDevice=26.22
[    1.338615] usb 1-8: New USB device strings: Mfr=3, Product=1, SerialNumber=2
[    1.338617] usb 1-8: Product: EasyCamera
[    1.338619] usb 1-8: Manufacturer: Chicony Electronics Co.,Ltd.
[    1.338621] usb 1-8: SerialNumber: 0001
[    1.438517] tsc: Refined TSC clocksource calibration: 1991.999 MHz
[    1.438525] clocksource: tsc: mask: 0xffffffffffffffff max_cycles: 0x396d4ffc055, max_idle_ns: 881590662783 ns
[    1.438571] clocksource: Switched to clocksource tsc
[    1.622079] ata1.00: ATA-10: ST1000LM035-1RK172, LCM2, max UDMA/100
[    1.622085] ata1.00: 1953525168 sectors, multi 16: LBA48 NCQ (depth 32), AA
[    1.673161] ata1.00: configured for UDMA/100
[    1.673346] scsi 0:0:0:0: Direct-Access     ATA      ST1000LM035-1RK1 LCM2 PQ: 0 ANSI: 5
[    1.673577] sd 0:0:0:0: Attached scsi generic sg0 type 0
[    1.673600] sd 0:0:0:0: [sda] 1953525168 512-byte logical blocks: (1.00 TB/932 GiB)
[    1.673604] sd 0:0:0:0: [sda] 4096-byte physical blocks
[    1.673620] sd 0:0:0:0: [sda] Write Protect is off
[    1.673625] sd 0:0:0:0: [sda] Mode Sense: 00 3a 00 00
[    1.673650] sd 0:0:0:0: [sda] Write cache: enabled, read cache: enabled, doesn't support DPO or FUA
[    1.786493]  sda: sda1 sda2 sda3 sda4 sda5 sda6 sda7 sda8
[    1.787936] sd 0:0:0:0: [sda] Attached SCSI disk
[    1.795402] input: SYNA2B33:00 06CB:8251 Mouse as /devices/pci0000:00/0000:00:15.0/i2c_designware.0/i2c-0/i2c-SYNA2B33:00/0018:06CB:8251.0001/input/input3
[    1.795558] hid-generic 0018:06CB:8251.0001: input,hidraw0: I2C HID v1.00 Mouse [SYNA2B33:00 06CB:8251] on i2c-SYNA2B33:00
[    1.807822] mc: Linux media interface: v0.10
[    1.851320] videodev: Linux video capture interface: v2.00
[    2.043663] rmi4_f01 rmi4-00.fn01: found RMI device, manufacturer: Synaptics, product: TM3336-001, fw id: 2529025
[    2.139537] input: Synaptics TM3336-001 as /devices/pci0000:00/0000:00:15.0/i2c_designware.0/i2c-0/i2c-SYNA2B33:00/0018:06CB:8251.0001/input/input5
[    2.139672] hid-rmi 0018:06CB:8251.0001: input,hidraw0: I2C HID v1.00 Mouse [SYNA2B33:00 06CB:8251] on i2c-SYNA2B33:00
[    3.580777] EXT4-fs (sda6): mounted filesystem with ordered data mode. Opts: (null). Quota mode: none.
[    6.004547] systemd[1]: Inserted module 'autofs4'
[    6.369176] systemd[1]: systemd 245.4-4ubuntu3.2 running in system mode. (+PAM +AUDIT +SELINUX +IMA +APPARMOR +SMACK +SYSVINIT +UTMP +LIBCRYPTSETUP +GCRYPT +GNUTLS +ACL +XZ +LZ4 +SECCOMP +BLKID +ELFUTILS +KMOD +IDN2 -IDN +PCRE2 default-hierarchy=hybrid)
[    6.386608] systemd[1]: Detected architecture x86-64.
[    6.418989] systemd[1]: Set hostname to <ckadithya>.
[    8.447976] systemd[1]: /lib/systemd/system/dbus.socket:5: ListenStream= references a path below legacy directory /var/run/, updating /var/run/dbus/system_bus_socket  /run/dbus/system_bus_socket; please update the unit file accordingly.
[    8.610217] systemd[1]: /etc/systemd/system/teamviewerd.service:9: PIDFile= references a path below legacy directory /var/run/, updating /var/run/teamviewerd.pid  /run/teamviewerd.pid; please update the unit file accordingly.
[    9.089761] systemd[1]: /lib/systemd/system/docker.socket:6: ListenStream= references a path below legacy directory /var/run/, updating /var/run/docker.sock  /run/docker.sock; please update the unit file accordingly.
[    9.321465] systemd[1]: Created slice system-modprobe.slice.
[    9.321895] systemd[1]: Created slice system-systemd\x2dfsck.slice.
[    9.322248] systemd[1]: Created slice User and Session Slice.
[    9.322334] systemd[1]: Started Forward Password Requests to Wall Directory Watch.
[    9.322552] systemd[1]: Set up automount Arbitrary Executable File Formats File System Automount Point.
[    9.322613] systemd[1]: Reached target User and Group Name Lookups.
[    9.322634] systemd[1]: Reached target Remote File Systems.
[    9.322647] systemd[1]: Reached target Slices.
[    9.375048] systemd[1]: Listening on Syslog Socket.
[    9.375209] systemd[1]: Listening on fsck to fsckd communication Socket.
[    9.375286] systemd[1]: Listening on initctl Compatibility Named Pipe.
[    9.375525] systemd[1]: Listening on Journal Audit Socket.
[    9.375638] systemd[1]: Listening on Journal Socket (/dev/log).
[    9.375778] systemd[1]: Listening on Journal Socket.
[    9.375904] systemd[1]: Listening on udev Control Socket.
[    9.375984] systemd[1]: Listening on udev Kernel Socket.
[    9.377177] systemd[1]: Mounting Huge Pages File System...
[    9.378356] systemd[1]: Mounting POSIX Message Queue File System...
[    9.379642] systemd[1]: Mounting Kernel Debug File System...
[    9.380847] systemd[1]: Mounting Kernel Trace File System...
[    9.382601] systemd[1]: Starting Journal Service...
[    9.383935] systemd[1]: Starting Set the console keyboard layout...
[    9.385833] systemd[1]: Starting Create list of static device nodes for the current kernel...
[    9.387424] systemd[1]: Starting Load Kernel Module drm...
[    9.388236] systemd[1]: Condition check resulted in Set Up Additional Binary Formats being skipped.
[    9.388310] systemd[1]: Condition check resulted in File System Check on Root Device being skipped.
[    9.412483] systemd[1]: Starting Load Kernel Modules...
[    9.414047] systemd[1]: Starting Remount Root and Kernel File Systems...
[    9.415596] systemd[1]: Starting udev Coldplug all Devices...
[    9.417177] systemd[1]: Starting Uncomplicated firewall...
[    9.418827] systemd[1]: Started Read required files in advance.
[    9.434729] systemd[1]: Finished Create list of static device nodes for the current kernel.
[    9.453318] systemd[1]: Mounted Huge Pages File System.
[    9.453454] systemd[1]: Mounted POSIX Message Queue File System.
[    9.453566] systemd[1]: Mounted Kernel Debug File System.
[    9.453675] systemd[1]: Mounted Kernel Trace File System.
[    9.552468] EXT4-fs (sda6): re-mounted. Opts: errors=remount-ro. Quota mode: none.
[    9.554200] systemd[1]: Finished Remount Root and Kernel File Systems.
[    9.558697] systemd[1]: Condition check resulted in Rebuild Hardware Database being skipped.
[    9.558759] systemd[1]: Condition check resulted in Platform Persistent Storage Archival being skipped.
[    9.559845] systemd[1]: Starting Load/Save Random Seed...
[    9.560962] systemd[1]: Starting Create System Users...
[    9.561813] systemd[1]: Finished Uncomplicated firewall.
[    9.837544] systemd[1]: Finished udev Coldplug all Devices.
[    9.971480] systemd[1]: Finished Set the console keyboard layout.
[   10.119669] systemd[1]: Started Journal Service.
[   10.149777] systemd-journald[257]: Received client request to flush runtime journal.
[   10.243164] lp: driver loaded but no devices found
[   10.292958] ppdev: user-space parallel port driver
[   12.000732] loop0: detected capacity change from 201424 to 0
[   12.018322] loop1: detected capacity change from 200464 to 0
[   12.034315] loop2: detected capacity change from 113424 to 0
[   12.050450] loop3: detected capacity change from 113592 to 0
[   12.074136] loop4: detected capacity change from 330576 to 0
[   12.102458] loop5: detected capacity change from 446248 to 0
[   12.126237] loop6: detected capacity change from 333552 to 0
[   12.126378] loop7: detected capacity change from 448496 to 0
[   12.182345] loop8: detected capacity change from 4992 to 0
[   12.246455] loop9: detected capacity change from 1096 to 0
[   12.330451] loop10: detected capacity change from 1912 to 0
[   12.350470] loop11: detected capacity change from 127160 to 0
[   12.398295] loop12: detected capacity change from 5080 to 0
[   12.434658] loop13: detected capacity change from 4440 to 0
[   12.494328] loop14: detected capacity change from 108296 to 0
[   12.554682] loop15: detected capacity change from 132648 to 0
[   12.586621] loop16: detected capacity change from 4576 to 0
[   12.678491] loop17: detected capacity change from 129104 to 0
[   12.738702] loop18: detected capacity change from 552 to 0
[   12.782560] loop19: detected capacity change from 552 to 0
[   15.344085] RAPL PMU: API unit is 2^-32 Joules, 5 fixed counters, 655360 ms ovfl timer
[   15.344089] RAPL PMU: hw unit of domain pp0-core 2^-14 Joules
[   15.344090] RAPL PMU: hw unit of domain package 2^-14 Joules
[   15.344092] RAPL PMU: hw unit of domain dram 2^-14 Joules
[   15.344093] RAPL PMU: hw unit of domain pp1-gpu 2^-14 Joules
[   15.344094] RAPL PMU: hw unit of domain psys 2^-14 Joules
[   15.356960] input: Ideapad extra buttons as /devices/pci0000:00/0000:00:1f.0/PNP0C09:00/VPC2004:00/input/input6
[   15.408318] cryptd: max_cpu_qlen set to 1000
[   15.892471] AVX2 version of gcm_enc/dec engaged.
[   15.892475] AES CTR mode by8 optimization enabled
[   16.261227] mei_me 0000:00:16.0: enabling device (0000 -> 0002)
[   18.521763] cfg80211: Loading compiled-in X.509 certificates for regulatory database
[   18.522303] cfg80211: Loaded X.509 cert 'sforshee: 00b28ddf47aef9cea7'
[   19.521601] Bluetooth: Core ver 2.22
[   19.521634] NET: Registered protocol family 31
[   19.521636] Bluetooth: HCI device and connection manager initialized
[   19.521640] Bluetooth: HCI socket layer initialized
[   19.521642] Bluetooth: L2CAP socket layer initialized
[   19.521645] Bluetooth: SCO socket layer initialized
[   20.412648] uvcvideo: Found UVC 1.00 device EasyCamera (04f2:b5d8)
[   20.418239] input: EasyCamera: EasyCamera as /devices/pci0000:00/0000:00:14.0/usb1/1-8/1-8:1.0/input/input7
[   20.418322] usbcore: registered new interface driver uvcvideo
[   20.418324] USB Video Class driver (1.1.1)
[   20.662121] usbcore: registered new interface driver btusb
[   22.891582] intel_rapl_common: Found RAPL domain package
[   22.891586] intel_rapl_common: Found RAPL domain core
[   22.891588] intel_rapl_common: Found RAPL domain uncore
[   22.891589] intel_rapl_common: Found RAPL domain dram
[   22.891591] intel_rapl_common: Found RAPL domain psys
[   25.061464] ath10k_pci 0000:02:00.0: pci irq msi oper_irq_mode 2 irq_mode 0 reset_mode 0
[   25.554090] ath10k_pci 0000:02:00.0: qca9377 hw1.1 target 0x05020001 chip_id 0x003821ff sub 17aa:0901
[   25.554097] ath10k_pci 0000:02:00.0: kconfig debug 0 debugfs 1 tracing 1 dfs 0 testmode 0
[   25.554791] ath10k_pci 0000:02:00.0: firmware ver WLAN.TF.2.1-00021-QCARMSWP-1 api 6 features wowlan,ignore-otp crc32 42e41877
[   25.645621] ath10k_pci 0000:02:00.0: board_file api 2 bmi_id N/A crc32 8aedfa4a
[   25.740222] ath10k_pci 0000:02:00.0: htt-ver 3.56 wmi-op 4 htt-op 3 cal otp max-sta 32 raw 0 hwcrypto 1
[   25.828230] ath: EEPROM regdomain: 0x6c
[   25.828234] ath: EEPROM indicates we should expect a direct regpair map
[   25.828236] ath: Country alpha2 being used: 00
[   25.828237] ath: Regpair used: 0x6c
[   26.043154] ath10k_pci 0000:02:00.0 wlp2s0: renamed from wlan0
[   28.606652] checking generic (90000000 408000) vs hw (a0000000 1000000)
[   28.606657] checking generic (90000000 408000) vs hw (90000000 10000000)
[   28.606660] fb0: switching to inteldrmfb from EFI VGA
[   28.606907] Console: switching to colour dummy device 80x25
[   28.606920] i915 0000:00:02.0: vgaarb: deactivate vga console
[   28.609313] i915 0000:00:02.0: vgaarb: changed VGA decodes: olddecodes=io+mem,decodes=io+mem:owns=io+mem
[   28.775246] i915 0000:00:02.0: [drm] Finished loading DMC firmware i915/skl_dmc_ver1_27.bin (v1.27)
[   29.958024] [drm] Initialized i915 1.6.0 20201103 for 0000:00:02.0 on minor 0
[   29.960993] ACPI: Video Device [GFX0] (multi-head: yes  rom: no  post: no)
[   29.961267] input: Video Bus as /devices/LNXSYSTM:00/LNXSYBUS:00/PNP0A08:00/LNXVIDEO:00/input/input8
[   29.961477] snd_hda_intel 0000:00:1f.3: bound 0000:00:02.0 (ops i915_audio_component_bind_ops [i915])
[   29.965967] fbcon: i915drmfb (fb0) is primary device
[   29.974023] Console: switching to colour frame buffer device 170x48
[   29.992837] i915 0000:00:02.0: [drm] fb0: i915drmfb frame buffer device
[   30.232746] snd_hda_codec_generic hdaudioC0D0: autoconfig for Generic: line_outs=1 (0x14/0x0/0x0/0x0/0x0) type:speaker
[   30.232753] snd_hda_codec_generic hdaudioC0D0:    speaker_outs=0 (0x0/0x0/0x0/0x0/0x0)
[   30.232756] snd_hda_codec_generic hdaudioC0D0:    hp_outs=1 (0x21/0x0/0x0/0x0/0x0)
[   30.232760] snd_hda_codec_generic hdaudioC0D0:    mono: mono_out=0x0
[   30.232766] snd_hda_codec_generic hdaudioC0D0:    inputs:
[   30.232769] snd_hda_codec_generic hdaudioC0D0:      Mic=0x19
[   30.232772] snd_hda_codec_generic hdaudioC0D0:      Internal Mic=0x12
[   30.342096] Adding 8000508k swap on /dev/sda7.  Priority:-2 extents:1 across:8000508k FS
[   30.383141] input: HDA Intel PCH Mic as /devices/pci0000:00/0000:00:1f.3/sound/card0/input9
[   30.383231] input: HDA Intel PCH Headphone as /devices/pci0000:00/0000:00:1f.3/sound/card0/input10
[   30.383305] input: HDA Intel PCH HDMI/DP,pcm=3 as /devices/pci0000:00/0000:00:1f.3/sound/card0/input11
[   30.383378] input: HDA Intel PCH HDMI/DP,pcm=7 as /devices/pci0000:00/0000:00:1f.3/sound/card0/input12
[   30.383455] input: HDA Intel PCH HDMI/DP,pcm=8 as /devices/pci0000:00/0000:00:1f.3/sound/card0/input13
[   30.383528] input: HDA Intel PCH HDMI/DP,pcm=9 as /devices/pci0000:00/0000:00:1f.3/sound/card0/input14
[   30.383599] input: HDA Intel PCH HDMI/DP,pcm=10 as /devices/pci0000:00/0000:00:1f.3/sound/card0/input15
[   34.419870] EXT4-fs (sda8): mounted filesystem with ordered data mode. Opts: (null). Quota mode: none.
[   35.136452] audit: type=1400 audit(1613588640.149:2): apparmor="STATUS" operation="profile_load" profile="unconfined" name="lsb_release" pid=686 comm="apparmor_parser"
[   35.214508] audit: type=1400 audit(1613588640.229:3): apparmor="STATUS" operation="profile_load" profile="unconfined" name="/usr/bin/man" pid=689 comm="apparmor_parser"
[   35.214514] audit: type=1400 audit(1613588640.229:4): apparmor="STATUS" operation="profile_load" profile="unconfined" name="man_filter" pid=689 comm="apparmor_parser"
[   35.214517] audit: type=1400 audit(1613588640.229:5): apparmor="STATUS" operation="profile_load" profile="unconfined" name="man_groff" pid=689 comm="apparmor_parser"
[   35.223447] audit: type=1400 audit(1613588640.237:6): apparmor="STATUS" operation="profile_load" profile="unconfined" name="libreoffice-senddoc" pid=690 comm="apparmor_parser"
[   35.226434] audit: type=1400 audit(1613588640.241:7): apparmor="STATUS" operation="profile_load" profile="unconfined" name="/usr/lib/NetworkManager/nm-dhcp-client.action" pid=687 comm="apparmor_parser"
[   35.226440] audit: type=1400 audit(1613588640.241:8): apparmor="STATUS" operation="profile_load" profile="unconfined" name="/usr/lib/NetworkManager/nm-dhcp-helper" pid=687 comm="apparmor_parser"
[   35.226443] audit: type=1400 audit(1613588640.241:9): apparmor="STATUS" operation="profile_load" profile="unconfined" name="/usr/lib/connman/scripts/dhclient-script" pid=687 comm="apparmor_parser"
[   35.226446] audit: type=1400 audit(1613588640.241:10): apparmor="STATUS" operation="profile_load" profile="unconfined" name="/{,usr/}sbin/dhclient" pid=687 comm="apparmor_parser"
[   35.230709] audit: type=1400 audit(1613588640.245:11): apparmor="STATUS" operation="profile_load" profile="unconfined" name="/usr/lib/lightdm/lightdm-guest-session" pid=688 comm="apparmor_parser"
[   54.891369] loop20: detected capacity change from 8 to 0
[   56.779835] Bluetooth: BNEP (Ethernet Emulation) ver 1.3
[   56.779841] Bluetooth: BNEP filters: protocol multicast
[   56.779847] Bluetooth: BNEP socket layer initialized
[   57.327427] NET: Registered protocol family 38
[   57.758108] Generic FE-GE Realtek PHY r8169-100:00: attached PHY driver (mii_bus:phy_addr=r8169-100:00, irq=IGNORE)
[   57.926190] r8169 0000:01:00.0 enp1s0: Link is Down
[   58.029504] kauditd_printk_skb: 36 callbacks suppressed
[   58.029508] audit: type=1400 audit(1613588663.041:48): apparmor="DENIED" operation="capable" profile="/usr/sbin/cups-browsed" pid=869 comm="cups-browsed" capability=23  capname="sys_nice"
[   63.613692] wlp2s0: authenticate with dc:eb:69:a6:d3:ca
[   63.648206] wlp2s0: send auth to dc:eb:69:a6:d3:ca (try 1/3)
[   63.650099] wlp2s0: authenticated
[   63.654067] wlp2s0: associate with dc:eb:69:a6:d3:ca (try 1/3)
[   63.657477] wlp2s0: associate with dc:eb:69:a6:d3:ca (try 2/3)
[   63.661030] wlp2s0: RX AssocResp from dc:eb:69:a6:d3:ca (capab=0x1511 status=0 aid=8)
[   63.664183] wlp2s0: associated
[   63.664692] ath: EEPROM regdomain: 0x8348
[   63.664705] ath: EEPROM indicates we should expect a country code
[   63.664713] ath: doing EEPROM country->regdmn map search
[   63.664719] ath: country maps to regdmn code: 0x3a
[   63.664725] ath: Country alpha2 being used: US
[   63.664733] ath: Regpair used: 0x3a
[   63.664740] ath: regdomain 0x8348 dynamically updated by country element
[   63.844162] wlp2s0: Limiting TX power to 30 (30 - 0) dBm as advertised by dc:eb:69:a6:d3:ca
[   63.844860] IPv6: ADDRCONF(NETDEV_CHANGE): wlp2s0: link becomes ready
[   69.493150] audit: type=1400 audit(1613588674.505:49): apparmor="STATUS" operation="profile_load" profile="unconfined" name="docker-default" pid=1235 comm="apparmor_parser"
[   71.164199] rfkill: input handler disabled
[   74.364654] bridge: filtering via arp/ip/ip6tables is no longer available by default. Update your scripts to load br_netfilter if you need this.
[   74.425648] Bridge firewalling registered
[   74.570879] bpfilter: Loaded bpfilter_umh pid 1436
[   74.572313] Started bpfilter
[   75.626289] Initializing XFRM netlink socket
[   77.914689] process 'docker/tmp/qemu-check673559694/check' started with executable stack
[  109.336407] rfkill: input handler enabled
[  109.482045] Bluetooth: RFCOMM TTY layer initialized
[  109.482055] Bluetooth: RFCOMM socket layer initialized
[  109.482061] Bluetooth: RFCOMM ver 1.11
[  117.180650] rfkill: input handler disabled
[ 5103.514350] usb 1-3: new low-speed USB device number 4 using xhci_hcd
[ 5103.679749] usb 1-3: New USB device found, idVendor=03f0, idProduct=0024, bcdDevice= 1.30
[ 5103.679772] usb 1-3: New USB device strings: Mfr=1, Product=2, SerialNumber=0
[ 5103.679782] usb 1-3: Product: HP Basic USB Keyboard
[ 5103.679789] usb 1-3: Manufacturer: CHICONY
[ 5103.812835] eudyptula_challenge_task05: loading out-of-tree module taints kernel.
[ 5103.813089] Task05 - USB Driver Module loaded successfully!
[ 5103.813118] Task05 - USB driver probe function is called
[ 5103.813888] usbcore: registered new interface driver task05_driver
